06-02 08:01:51.415  5979  6047 I Icing   : Indexing com.google.android.gms-apps from com.google.android.gms
06-02 08:01:51.420  5979  6047 I Icing   : Indexing done com.google.android.gms-apps
06-02 08:01:52.048  7080  7102 I (ExtendedPublishSleepTest.kt:87): .connectWaitAndPublish(): wait 225 seconds
06-02 08:01:52.050  7080  7102 I (ExtendedPublishSleepTest.kt:87): .connectWaitAndPublish(): wait 225 seconds
06-02 08:01:53.053  7080  7102 I (ExtendedPublishSleepTest.kt:87): .connectWaitAndPublish(): wait 224 seconds
06-02 08:01:53.055  7080  7102 I (ExtendedPublishSleepTest.kt:87): .connectWaitAndPublish(): wait 224 seconds
06-02 08:01:54.063  7080  7102 I (ExtendedPublishSleepTest.kt:87): .connectWaitAndPublish(): wait 223 seconds
06-02 08:01:54.065  7080  7102 I (ExtendedPublishSleepTest.kt:87): .connectWaitAndPublish(): wait 223 seconds
06-02 08:01:55.070  7080  7102 I (ExtendedPublishSleepTest.kt:87): .connectWaitAndPublish(): wait 222 seconds
06-02 08:01:55.071  7080  7102 I (ExtendedPublishSleepTest.kt:87): .connectWaitAndPublish(): wait 222 seconds
06-02 08:01:56.075  7080  7102 I (ExtendedPublishSleepTest.kt:87): .connectWaitAndPublish(): wait 221 seconds
06-02 08:01:56.076  7080  7102 I (ExtendedPublishSleepTest.kt:87): .connectWaitAndPublish(): wait 221 seconds
06-02 08:01:57.058   904   904 D StatusBarIconController: ignoring old pipeline callbacks, because the new mobile icons are enabled
06-02 08:01:57.085  7080  7102 I (ExtendedPublishSleepTest.kt:87): .connectWaitAndPublish(): wait 220 seconds
06-02 08:01:57.086  7080  7102 I (ExtendedPublishSleepTest.kt:87): .connectWaitAndPublish(): wait 220 seconds
06-02 08:01:58.096  7080  7102 I (ExtendedPublishSleepTest.kt:87): .connectWaitAndPublish(): wait 219 seconds
06-02 08:01:58.097  7080  7102 I (ExtendedPublishSleepTest.kt:87): .connectWaitAndPublish(): wait 219 seconds
06-02 08:01:59.099  7080  7102 I (ExtendedPublishSleepTest.kt:87): .connectWaitAndPublish(): wait 218 seconds
06-02 08:01:59.100  7080  7102 I (ExtendedPublishSleepTest.kt:87): .connectWaitAndPublish(): wait 218 seconds
06-02 08:02:00.110  7080  7102 I (ExtendedPublishSleepTest.kt:87): .connectWaitAndPublish(): wait 217 seconds
06-02 08:02:00.112  7080  7102 I (ExtendedPublishSleepTest.kt:87): .connectWaitAndPublish(): wait 217 seconds
06-02 08:02:01.123  7080  7102 I (ExtendedPublishSleepTest.kt:87): .connectWaitAndPublish(): wait 216 seconds
06-02 08:02:01.125  7080  7102 I (ExtendedPublishSleepTest.kt:87): .connectWaitAndPublish(): wait 216 seconds
06-02 08:02:02.135  7080  7102 I (ExtendedPublishSleepTest.kt:87): .connectWaitAndPublish(): wait 215 seconds
06-02 08:02:02.136  7080  7102 I (ExtendedPublishSleepTest.kt:87): .connectWaitAndPublish(): wait 215 seconds
06-02 08:02:03.139  7080  7102 I (ExtendedPublishSleepTest.kt:87): .connectWaitAndPublish(): wait 214 seconds
06-02 08:02:03.141  7080  7102 I (ExtendedPublishSleepTest.kt:87): .connectWaitAndPublish(): wait 214 seconds
06-02 08:02:04.151  7080  7102 I (ExtendedPublishSleepTest.kt:87): .connectWaitAndPublish(): wait 213 seconds
06-02 08:02:04.152  7080  7102 I (ExtendedPublishSleepTest.kt:87): .connectWaitAndPublish(): wait 213 seconds
06-02 08:02:04.305  7080  7089 I droid.extsample: Background young concurrent copying GC freed 212311(8163KB) AllocSpace objects, 0(0B) LOS objects, 49% free, 8602KB/16MB, paused 418us,13us total 152.593ms
06-02 08:02:05.158  7080  7102 I (ExtendedPublishSleepTest.kt:87): .connectWaitAndPublish(): wait 212 seconds
06-02 08:02:05.159  7080  7102 I (ExtendedPublishSleepTest.kt:87): .connectWaitAndPublish(): wait 212 seconds
06-02 08:02:06.164  7080  7102 I (ExtendedPublishSleepTest.kt:87): .connectWaitAndPublish(): wait 211 seconds
06-02 08:02:06.166  7080  7102 I (ExtendedPublishSleepTest.kt:87): .connectWaitAndPublish(): wait 211 seconds
06-02 08:02:06.425  5934  5934 D BoundBrokerSvc: onUnbind: Intent { act=com.google.android.gms.icing.LIGHTWEIGHT_INDEX_SERVICE dat=chimera-action:/... cmp=com.google.android.gms/.chimera.PersistentApiService }
06-02 08:02:07.118   904   904 D StatusBarIconController: ignoring old pipeline callbacks, because the new mobile icons are enabled
06-02 08:02:07.168  7080  7102 I (ExtendedPublishSleepTest.kt:87): .connectWaitAndPublish(): wait 210 seconds
06-02 08:02:07.170  7080  7102 I (ExtendedPublishSleepTest.kt:87): .connectWaitAndPublish(): wait 210 seconds
06-02 08:02:08.174  7080  7102 I (ExtendedPublishSleepTest.kt:87): .connectWaitAndPublish(): wait 209 seconds
06-02 08:02:08.175  7080  7102 I (ExtendedPublishSleepTest.kt:87): .connectWaitAndPublish(): wait 209 seconds
06-02 08:02:09.185  7080  7102 I (ExtendedPublishSleepTest.kt:87): .connectWaitAndPublish(): wait 208 seconds
06-02 08:02:09.185  7080  7102 I (ExtendedPublishSleepTest.kt:87): .connectWaitAndPublish(): wait 208 seconds
06-02 08:02:10.192  7080  7102 I (ExtendedPublishSleepTest.kt:87): .connectWaitAndPublish(): wait 207 seconds
06-02 08:02:10.192  7080  7102 I (ExtendedPublishSleepTest.kt:87): .connectWaitAndPublish(): wait 207 seconds
06-02 08:02:11.202  7080  7102 I (ExtendedPublishSleepTest.kt:87): .connectWaitAndPublish(): wait 206 seconds
06-02 08:02:11.203  7080  7102 I (ExtendedPublishSleepTest.kt:87): .connectWaitAndPublish(): wait 206 seconds
06-02 08:02:12.216  7080  7102 I (ExtendedPublishSleepTest.kt:87): .connectWaitAndPublish(): wait 205 seconds
06-02 08:02:12.218  7080  7102 I (ExtendedPublishSleepTest.kt:87): .connectWaitAndPublish(): wait 205 seconds
06-02 08:02:13.229  7080  7102 I (ExtendedPublishSleepTest.kt:87): .connectWaitAndPublish(): wait 204 seconds
06-02 08:02:13.231  7080  7102 I (ExtendedPublishSleepTest.kt:87): .connectWaitAndPublish(): wait 204 seconds
06-02 08:02:14.241  7080  7102 I (ExtendedPublishSleepTest.kt:87): .connectWaitAndPublish(): wait 203 seconds
06-02 08:02:14.242  7080  7102 I (ExtendedPublishSleepTest.kt:87): .connectWaitAndPublish(): wait 203 seconds
06-02 08:02:15.253  7080  7102 I (ExtendedPublishSleepTest.kt:87): .connectWaitAndPublish(): wait 202 seconds
06-02 08:02:15.254  7080  7102 I (ExtendedPublishSleepTest.kt:87): .connectWaitAndPublish(): wait 202 seconds
06-02 08:02:16.258  7080  7102 I (ExtendedPublishSleepTest.kt:87): .connectWaitAndPublish(): wait 201 seconds
06-02 08:02:16.259  7080  7102 I (ExtendedPublishSleepTest.kt:87): .connectWaitAndPublish(): wait 201 seconds
06-02 08:02:17.073   904   904 D StatusBarIconController: ignoring old pipeline callbacks, because the new mobile icons are enabled
06-02 08:02:17.270  7080  7102 I (ExtendedPublishSleepTest.kt:87): .connectWaitAndPublish(): wait 200 seconds
06-02 08:02:17.271  7080  7102 I (ExtendedPublishSleepTest.kt:87): .connectWaitAndPublish(): wait 200 seconds
06-02 08:02:18.281  7080  7102 I (ExtendedPublishSleepTest.kt:87): .connectWaitAndPublish(): wait 199 seconds
06-02 08:02:18.282  7080  7102 I (ExtendedPublishSleepTest.kt:87): .connectWaitAndPublish(): wait 199 seconds
06-02 08:02:19.284  7080  7102 I (ExtendedPublishSleepTest.kt:87): .connectWaitAndPublish(): wait 198 seconds
06-02 08:02:19.285  7080  7102 I (ExtendedPublishSleepTest.kt:87): .connectWaitAndPublish(): wait 198 seconds
06-02 08:02:20.298  7080  7102 I (ExtendedPublishSleepTest.kt:87): .connectWaitAndPublish(): wait 197 seconds
06-02 08:02:20.299  7080  7102 I (ExtendedPublishSleepTest.kt:87): .connectWaitAndPublish(): wait 197 seconds
06-02 08:02:21.311  7080  7102 I (ExtendedPublishSleepTest.kt:87): .connectWaitAndPublish(): wait 196 seconds
06-02 08:02:21.312  7080  7102 I (ExtendedPublishSleepTest.kt:87): .connectWaitAndPublish(): wait 196 seconds
06-02 08:02:22.322  7080  7102 I (ExtendedPublishSleepTest.kt:87): .connectWaitAndPublish(): wait 195 seconds
06-02 08:02:22.324  7080  7102 I (ExtendedPublishSleepTest.kt:87): .connectWaitAndPublish(): wait 195 seconds
06-02 08:02:23.336  7080  7102 I (ExtendedPublishSleepTest.kt:87): .connectWaitAndPublish(): wait 194 seconds
06-02 08:02:23.337  7080  7102 I (ExtendedPublishSleepTest.kt:87): .connectWaitAndPublish(): wait 194 seconds
06-02 08:02:24.348  7080  7102 I (ExtendedPublishSleepTest.kt:87): .connectWaitAndPublish(): wait 193 seconds
06-02 08:02:24.349  7080  7102 I (ExtendedPublishSleepTest.kt:87): .connectWaitAndPublish(): wait 193 seconds
06-02 08:02:25.354  7080  7102 I (ExtendedPublishSleepTest.kt:87): .connectWaitAndPublish(): wait 192 seconds
06-02 08:02:25.355  7080  7102 I (ExtendedPublishSleepTest.kt:87): .connectWaitAndPublish(): wait 192 seconds
06-02 08:02:26.364  7080  7102 I (ExtendedPublishSleepTest.kt:87): .connectWaitAndPublish(): wait 191 seconds
06-02 08:02:26.365  7080  7102 I (ExtendedPublishSleepTest.kt:87): .connectWaitAndPublish(): wait 191 seconds
06-02 08:02:27.103   904   904 D StatusBarIconController: ignoring old pipeline callbacks, because the new mobile icons are enabled
06-02 08:02:27.378  7080  7102 I (ExtendedPublishSleepTest.kt:87): .connectWaitAndPublish(): wait 190 seconds
06-02 08:02:27.379  7080  7102 I (ExtendedPublishSleepTest.kt:87): .connectWaitAndPublish(): wait 190 seconds
06-02 08:02:28.386  7080  7102 I (ExtendedPublishSleepTest.kt:87): .connectWaitAndPublish(): wait 189 seconds
06-02 08:02:28.386  7080  7102 I (ExtendedPublishSleepTest.kt:87): .connectWaitAndPublish(): wait 189 seconds
06-02 08:02:29.389  7080  7102 I (ExtendedPublishSleepTest.kt:87): .connectWaitAndPublish(): wait 188 seconds
06-02 08:02:29.390  7080  7102 I (ExtendedPublishSleepTest.kt:87): .connectWaitAndPublish(): wait 188 seconds
06-02 08:02:30.405  7080  7102 I (ExtendedPublishSleepTest.kt:87): .connectWaitAndPublish(): wait 187 seconds
06-02 08:02:30.409  7080  7102 I (ExtendedPublishSleepTest.kt:87): .connectWaitAndPublish(): wait 187 seconds
06-02 08:02:31.417  7080  7102 I (ExtendedPublishSleepTest.kt:87): .connectWaitAndPublish(): wait 186 seconds
06-02 08:02:31.422  7080  7102 I (ExtendedPublishSleepTest.kt:87): .connectWaitAndPublish(): wait 186 seconds
06-02 08:02:32.429  7080  7102 I (ExtendedPublishSleepTest.kt:87): .connectWaitAndPublish(): wait 185 seconds
06-02 08:02:32.430  7080  7102 I (ExtendedPublishSleepTest.kt:87): .connectWaitAndPublish(): wait 185 seconds
06-02 08:02:33.441  7080  7102 I (ExtendedPublishSleepTest.kt:87): .connectWaitAndPublish(): wait 184 seconds
06-02 08:02:33.442  7080  7102 I (ExtendedPublishSleepTest.kt:87): .connectWaitAndPublish(): wait 184 seconds
06-02 08:02:34.450  7080  7102 I (ExtendedPublishSleepTest.kt:87): .connectWaitAndPublish(): wait 183 seconds
06-02 08:02:34.454  7080  7102 I (ExtendedPublishSleepTest.kt:87): .connectWaitAndPublish(): wait 183 seconds
06-02 08:02:35.462  7080  7102 I (ExtendedPublishSleepTest.kt:87): .connectWaitAndPublish(): wait 182 seconds
06-02 08:02:35.466  7080  7102 I (ExtendedPublishSleepTest.kt:87): .connectWaitAndPublish(): wait 182 seconds
06-02 08:02:36.478  7080  7102 I (ExtendedPublishSleepTest.kt:87): .connectWaitAndPublish(): wait 181 seconds
06-02 08:02:36.480  7080  7102 I (ExtendedPublishSleepTest.kt:87): .connectWaitAndPublish(): wait 181 seconds
06-02 08:02:37.123   904   904 D StatusBarIconController: ignoring old pipeline callbacks, because the new mobile icons are enabled
06-02 08:02:37.490  7080  7102 I (ExtendedPublishSleepTest.kt:87): .connectWaitAndPublish(): wait 180 seconds
06-02 08:02:37.490  7080  7102 I (ExtendedPublishSleepTest.kt:87): .connectWaitAndPublish(): wait 180 seconds
06-02 08:02:38.495  7080  7102 I (ExtendedPublishSleepTest.kt:87): .connectWaitAndPublish(): wait 179 seconds
06-02 08:02:38.497  7080  7102 I (ExtendedPublishSleepTest.kt:87): .connectWaitAndPublish(): wait 179 seconds
06-02 08:02:39.507  7080  7102 I (ExtendedPublishSleepTest.kt:87): .connectWaitAndPublish(): wait 178 seconds
06-02 08:02:39.508  7080  7102 I (ExtendedPublishSleepTest.kt:87): .connectWaitAndPublish(): wait 178 seconds
06-02 08:02:40.521  7080  7102 I (ExtendedPublishSleepTest.kt:87): .connectWaitAndPublish(): wait 177 seconds
06-02 08:02:40.523  7080  7102 I (ExtendedPublishSleepTest.kt:87): .connectWaitAndPublish(): wait 177 seconds
06-02 08:02:41.528  7080  7102 I (ExtendedPublishSleepTest.kt:87): .connectWaitAndPublish(): wait 176 seconds
06-02 08:02:41.529  7080  7102 I (ExtendedPublishSleepTest.kt:87): .connectWaitAndPublish(): wait 176 seconds
06-02 08:02:42.537  7080  7102 I (ExtendedPublishSleepTest.kt:87): .connectWaitAndPublish(): wait 175 seconds
06-02 08:02:42.538  7080  7102 I (ExtendedPublishSleepTest.kt:87): .connectWaitAndPublish(): wait 175 seconds
06-02 08:02:43.551  7080  7102 I (ExtendedPublishSleepTest.kt:87): .connectWaitAndPublish(): wait 174 seconds
06-02 08:02:43.552  7080  7102 I (ExtendedPublishSleepTest.kt:87): .connectWaitAndPublish(): wait 174 seconds
06-02 08:02:44.555  7080  7102 I (ExtendedPublishSleepTest.kt:87): .connectWaitAndPublish(): wait 173 seconds
06-02 08:02:44.556  7080  7102 I (ExtendedPublishSleepTest.kt:87): .connectWaitAndPublish(): wait 173 seconds
06-02 08:02:45.562  7080  7102 I (ExtendedPublishSleepTest.kt:87): .connectWaitAndPublish(): wait 172 seconds
06-02 08:02:45.563  7080  7102 I (ExtendedPublishSleepTest.kt:87): .connectWaitAndPublish(): wait 172 seconds
06-02 08:02:46.573  7080  7102 I (ExtendedPublishSleepTest.kt:87): .connectWaitAndPublish(): wait 171 seconds
06-02 08:02:46.574  7080  7102 I (ExtendedPublishSleepTest.kt:87): .connectWaitAndPublish(): wait 171 seconds
06-02 08:02:47.123   904   904 D StatusBarIconController: ignoring old pipeline callbacks, because the new mobile icons are enabled
06-02 08:02:47.581  7080  7102 I (ExtendedPublishSleepTest.kt:87): .connectWaitAndPublish(): wait 170 seconds
06-02 08:02:47.582  7080  7102 I (ExtendedPublishSleepTest.kt:87): .connectWaitAndPublish(): wait 170 seconds
06-02 08:02:48.594  7080  7102 I (ExtendedPublishSleepTest.kt:87): .connectWaitAndPublish(): wait 169 seconds
06-02 08:02:48.595  7080  7102 I (ExtendedPublishSleepTest.kt:87): .connectWaitAndPublish(): wait 169 seconds
06-02 08:02:49.598  7080  7102 I (ExtendedPublishSleepTest.kt:87): .connectWaitAndPublish(): wait 168 seconds
06-02 08:02:49.599  7080  7102 I (ExtendedPublishSleepTest.kt:87): .connectWaitAndPublish(): wait 168 seconds
06-02 08:02:50.610  7080  7102 I (ExtendedPublishSleepTest.kt:87): .connectWaitAndPublish(): wait 167 seconds
06-02 08:02:50.611  7080  7102 I (ExtendedPublishSleepTest.kt:87): .connectWaitAndPublish(): wait 167 seconds
06-02 08:02:51.621  7080  7102 I (ExtendedPublishSleepTest.kt:87): .connectWaitAndPublish(): wait 166 seconds
06-02 08:02:51.622  7080  7102 I (ExtendedPublishSleepTest.kt:87): .connectWaitAndPublish(): wait 166 seconds
06-02 08:02:52.634  7080  7102 I (ExtendedPublishSleepTest.kt:87): .connectWaitAndPublish(): wait 165 seconds
06-02 08:02:52.636  7080  7102 I (ExtendedPublishSleepTest.kt:87): .connectWaitAndPublish(): wait 165 seconds
06-02 08:02:53.645  7080  7102 I (ExtendedPublishSleepTest.kt:87): .connectWaitAndPublish(): wait 164 seconds
06-02 08:02:53.646  7080  7102 I (ExtendedPublishSleepTest.kt:87): .connectWaitAndPublish(): wait 164 seconds
06-02 08:02:54.650  7080  7102 I (ExtendedPublishSleepTest.kt:87): .connectWaitAndPublish(): wait 163 seconds
06-02 08:02:54.652  7080  7102 I (ExtendedPublishSleepTest.kt:87): .connectWaitAndPublish(): wait 163 seconds
06-02 08:02:55.655  7080  7102 I (ExtendedPublishSleepTest.kt:87): .connectWaitAndPublish(): wait 162 seconds
06-02 08:02:55.656  7080  7102 I (ExtendedPublishSleepTest.kt:87): .connectWaitAndPublish(): wait 162 seconds
06-02 08:02:56.665  7080  7102 I (ExtendedPublishSleepTest.kt:87): .connectWaitAndPublish(): wait 161 seconds
06-02 08:02:56.666  7080  7102 I (ExtendedPublishSleepTest.kt:87): .connectWaitAndPublish(): wait 161 seconds
06-02 08:02:57.113   904   904 D StatusBarIconController: ignoring old pipeline callbacks, because the new mobile icons are enabled
06-02 08:02:57.679  7080  7102 I (ExtendedPublishSleepTest.kt:87): .connectWaitAndPublish(): wait 160 seconds
06-02 08:02:57.680  7080  7102 I (ExtendedPublishSleepTest.kt:87): .connectWaitAndPublish(): wait 160 seconds
06-02 08:02:58.685  7080  7102 I (ExtendedPublishSleepTest.kt:87): .connectWaitAndPublish(): wait 159 seconds
06-02 08:02:58.686  7080  7102 I (ExtendedPublishSleepTest.kt:87): .connectWaitAndPublish(): wait 159 seconds
06-02 08:02:59.698  7080  7102 I (ExtendedPublishSleepTest.kt:87): .connectWaitAndPublish(): wait 158 seconds
06-02 08:02:59.699  7080  7102 I (ExtendedPublishSleepTest.kt:87): .connectWaitAndPublish(): wait 158 seconds
06-02 08:03:00.708  7080  7102 I (ExtendedPublishSleepTest.kt:87): .connectWaitAndPublish(): wait 157 seconds
06-02 08:03:00.709  7080  7102 I (ExtendedPublishSleepTest.kt:87): .connectWaitAndPublish(): wait 157 seconds
06-02 08:03:01.717  7080  7102 I (ExtendedPublishSleepTest.kt:87): .connectWaitAndPublish(): wait 156 seconds
06-02 08:03:01.718  7080  7102 I (ExtendedPublishSleepTest.kt:87): .connectWaitAndPublish(): wait 156 seconds
06-02 08:03:02.722  7080  7102 I (ExtendedPublishSleepTest.kt:87): .connectWaitAndPublish(): wait 155 seconds
06-02 08:03:02.723  7080  7102 I (ExtendedPublishSleepTest.kt:87): .connectWaitAndPublish(): wait 155 seconds
06-02 08:03:03.730  7080  7102 I (ExtendedPublishSleepTest.kt:87): .connectWaitAndPublish(): wait 154 seconds
06-02 08:03:03.731  7080  7102 I (ExtendedPublishSleepTest.kt:87): .connectWaitAndPublish(): wait 154 seconds
06-02 08:03:04.736  7080  7102 I (ExtendedPublishSleepTest.kt:87): .connectWaitAndPublish(): wait 153 seconds
06-02 08:03:04.737  7080  7102 I (ExtendedPublishSleepTest.kt:87): .connectWaitAndPublish(): wait 153 seconds
06-02 08:03:05.741  7080  7102 I (ExtendedPublishSleepTest.kt:87): .connectWaitAndPublish(): wait 152 seconds
06-02 08:03:05.742  7080  7102 I (ExtendedPublishSleepTest.kt:87): .connectWaitAndPublish(): wait 152 seconds
06-02 08:03:06.752  7080  7102 I (ExtendedPublishSleepTest.kt:87): .connectWaitAndPublish(): wait 151 seconds
06-02 08:03:06.753  7080  7102 I (ExtendedPublishSleepTest.kt:87): .connectWaitAndPublish(): wait 151 seconds
06-02 08:03:07.119   904   904 D StatusBarIconController: ignoring old pipeline callbacks, because the new mobile icons are enabled
06-02 08:03:07.761  7080  7102 I (ExtendedPublishSleepTest.kt:87): .connectWaitAndPublish(): wait 150 seconds
06-02 08:03:07.762  7080  7102 I (ExtendedPublishSleepTest.kt:87): .connectWaitAndPublish(): wait 150 seconds
06-02 08:03:08.771  7080  7102 I (ExtendedPublishSleepTest.kt:87): .connectWaitAndPublish(): wait 149 seconds
06-02 08:03:08.773  7080  7102 I (ExtendedPublishSleepTest.kt:87): .connectWaitAndPublish(): wait 149 seconds
06-02 08:03:09.777  7080  7102 I (ExtendedPublishSleepTest.kt:87): .connectWaitAndPublish(): wait 148 seconds
06-02 08:03:09.778  7080  7102 I (ExtendedPublishSleepTest.kt:87): .connectWaitAndPublish(): wait 148 seconds
06-02 08:03:10.785  7080  7102 I (ExtendedPublishSleepTest.kt:87): .connectWaitAndPublish(): wait 147 seconds
06-02 08:03:10.787  7080  7102 I (ExtendedPublishSleepTest.kt:87): .connectWaitAndPublish(): wait 147 seconds
06-02 08:03:11.790  7080  7102 I (ExtendedPublishSleepTest.kt:87): .connectWaitAndPublish(): wait 146 seconds
06-02 08:03:11.791  7080  7102 I (ExtendedPublishSleepTest.kt:87): .connectWaitAndPublish(): wait 146 seconds
06-02 08:03:12.801  7080  7102 I (ExtendedPublishSleepTest.kt:87): .connectWaitAndPublish(): wait 145 seconds
06-02 08:03:12.802  7080  7102 I (ExtendedPublishSleepTest.kt:87): .connectWaitAndPublish(): wait 145 seconds
06-02 08:03:13.813  7080  7102 I (ExtendedPublishSleepTest.kt:87): .connectWaitAndPublish(): wait 144 seconds
06-02 08:03:13.814  7080  7102 I (ExtendedPublishSleepTest.kt:87): .connectWaitAndPublish(): wait 144 seconds
06-02 08:03:14.826  7080  7102 I (ExtendedPublishSleepTest.kt:87): .connectWaitAndPublish(): wait 143 seconds
06-02 08:03:14.829  7080  7102 I (ExtendedPublishSleepTest.kt:87): .connectWaitAndPublish(): wait 143 seconds
06-02 08:03:15.834  7080  7102 I (ExtendedPublishSleepTest.kt:87): .connectWaitAndPublish(): wait 142 seconds
06-02 08:03:15.835  7080  7102 I (ExtendedPublishSleepTest.kt:87): .connectWaitAndPublish(): wait 142 seconds
06-02 08:03:16.837  7080  7102 I (ExtendedPublishSleepTest.kt:87): .connectWaitAndPublish(): wait 141 seconds
06-02 08:03:16.839  7080  7102 I (ExtendedPublishSleepTest.kt:87): .connectWaitAndPublish(): wait 141 seconds
06-02 08:03:17.126   904   904 D StatusBarIconController: ignoring old pipeline callbacks, because the new mobile icons are enabled
06-02 08:03:17.851  7080  7102 I (ExtendedPublishSleepTest.kt:87): .connectWaitAndPublish(): wait 140 seconds
06-02 08:03:17.852  7080  7102 I (ExtendedPublishSleepTest.kt:87): .connectWaitAndPublish(): wait 140 seconds
06-02 08:03:18.046   540   823 E WifiStaIfaceAidlImpl: installApfPacketFilter failed with service-specific exception: android.os.ServiceSpecificException:  (code 4)
06-02 08:03:18.862  7080  7102 I (ExtendedPublishSleepTest.kt:87): .connectWaitAndPublish(): wait 139 seconds
06-02 08:03:18.863  7080  7102 I (ExtendedPublishSleepTest.kt:87): .connectWaitAndPublish(): wait 139 seconds
06-02 08:03:19.871  7080  7102 I (ExtendedPublishSleepTest.kt:87): .connectWaitAndPublish(): wait 138 seconds
06-02 08:03:19.872  7080  7102 I (ExtendedPublishSleepTest.kt:87): .connectWaitAndPublish(): wait 138 seconds
06-02 08:03:20.875  7080  7102 I (ExtendedPublishSleepTest.kt:87): .connectWaitAndPublish(): wait 137 seconds
06-02 08:03:20.877  7080  7102 I (ExtendedPublishSleepTest.kt:87): .connectWaitAndPublish(): wait 137 seconds
06-02 08:03:21.888  7080  7102 I (ExtendedPublishSleepTest.kt:87): .connectWaitAndPublish(): wait 136 seconds
06-02 08:03:21.890  7080  7102 I (ExtendedPublishSleepTest.kt:87): .connectWaitAndPublish(): wait 136 seconds
06-02 08:03:22.903  7080  7102 I (ExtendedPublishSleepTest.kt:87): .connectWaitAndPublish(): wait 135 seconds
06-02 08:03:22.905  7080  7102 I (ExtendedPublishSleepTest.kt:87): .connectWaitAndPublish(): wait 135 seconds
06-02 08:03:23.911  7080  7102 I (ExtendedPublishSleepTest.kt:87): .connectWaitAndPublish(): wait 134 seconds
06-02 08:03:23.912  7080  7102 I (ExtendedPublishSleepTest.kt:87): .connectWaitAndPublish(): wait 134 seconds
06-02 08:03:24.918  7080  7102 I (ExtendedPublishSleepTest.kt:87): .connectWaitAndPublish(): wait 133 seconds
06-02 08:03:24.920  7080  7102 I (ExtendedPublishSleepTest.kt:87): .connectWaitAndPublish(): wait 133 seconds
06-02 08:03:25.928  7080  7102 I (ExtendedPublishSleepTest.kt:87): .connectWaitAndPublish(): wait 132 seconds
06-02 08:03:25.929  7080  7102 I (ExtendedPublishSleepTest.kt:87): .connectWaitAndPublish(): wait 132 seconds
06-02 08:03:26.936  7080  7102 I (ExtendedPublishSleepTest.kt:87): .connectWaitAndPublish(): wait 131 seconds
06-02 08:03:26.937  7080  7102 I (ExtendedPublishSleepTest.kt:87): .connectWaitAndPublish(): wait 131 seconds
06-02 08:03:27.144   904   904 D StatusBarIconController: ignoring old pipeline callbacks, because the new mobile icons are enabled
06-02 08:03:27.948  7080  7102 I (ExtendedPublishSleepTest.kt:87): .connectWaitAndPublish(): wait 130 seconds
06-02 08:03:27.949  7080  7102 I (ExtendedPublishSleepTest.kt:87): .connectWaitAndPublish(): wait 130 seconds
06-02 08:03:28.961  7080  7102 I (ExtendedPublishSleepTest.kt:87): .connectWaitAndPublish(): wait 129 seconds
06-02 08:03:28.962  7080  7102 I (ExtendedPublishSleepTest.kt:87): .connectWaitAndPublish(): wait 129 seconds
06-02 08:03:29.973  7080  7102 I (ExtendedPublishSleepTest.kt:87): .connectWaitAndPublish(): wait 128 seconds
06-02 08:03:29.974  7080  7102 I (ExtendedPublishSleepTest.kt:87): .connectWaitAndPublish(): wait 128 seconds
06-02 08:03:30.981  7080  7102 I (ExtendedPublishSleepTest.kt:87): .connectWaitAndPublish(): wait 127 seconds
06-02 08:03:30.982  7080  7102 I (ExtendedPublishSleepTest.kt:87): .connectWaitAndPublish(): wait 127 seconds
06-02 08:03:31.990  7080  7102 I (ExtendedPublishSleepTest.kt:87): .connectWaitAndPublish(): wait 126 seconds
06-02 08:03:31.992  7080  7102 I (ExtendedPublishSleepTest.kt:87): .connectWaitAndPublish(): wait 126 seconds
06-02 08:03:33.001  7080  7102 I (ExtendedPublishSleepTest.kt:87): .connectWaitAndPublish(): wait 125 seconds
06-02 08:03:33.002  7080  7102 I (ExtendedPublishSleepTest.kt:87): .connectWaitAndPublish(): wait 125 seconds
06-02 08:03:34.005  7080  7102 I (ExtendedPublishSleepTest.kt:87): .connectWaitAndPublish(): wait 124 seconds
06-02 08:03:34.006  7080  7102 I (ExtendedPublishSleepTest.kt:87): .connectWaitAndPublish(): wait 124 seconds
06-02 08:03:35.009  7080  7102 I (ExtendedPublishSleepTest.kt:87): .connectWaitAndPublish(): wait 123 seconds
06-02 08:03:35.010  7080  7102 I (ExtendedPublishSleepTest.kt:87): .connectWaitAndPublish(): wait 123 seconds
06-02 08:03:36.023  7080  7102 I (ExtendedPublishSleepTest.kt:87): .connectWaitAndPublish(): wait 122 seconds
06-02 08:03:36.024  7080  7102 I (ExtendedPublishSleepTest.kt:87): .connectWaitAndPublish(): wait 122 seconds
06-02 08:03:37.025  7080  7102 I (ExtendedPublishSleepTest.kt:87): .connectWaitAndPublish(): wait 121 seconds
06-02 08:03:37.025  7080  7102 I (ExtendedPublishSleepTest.kt:87): .connectWaitAndPublish(): wait 121 seconds
06-02 08:03:37.096  1705  2067 I AiAiEcho: Predicting[0]:
06-02 08:03:37.096  1705  2067 I AiAiEcho: EchoTargets:
06-02 08:03:37.096  1705  2067 I AiAiEcho: Filtered by AiAi flag check:
06-02 08:03:37.098  1705  2067 I AiAiEcho: Ranked targets strategy: SORT, count: 0, ranking metadata:
06-02 08:03:37.114  1705  2067 I AiAiEcho: #postPredictionTargets: Sending updates to UISurface lockscreen with targets# 0 (types=[])
06-02 08:03:37.273   904   904 W PageIndicator: Total number of pages invalid: 0. Assuming 1 page.
06-02 08:03:37.274   904   904 D StatusBarIconController: ignoring old pipeline callbacks, because the new mobile icons are enabled
06-02 08:03:37.316  5934  7338 I NetworkScheduler.Stats: Task com.google.android.gms/com.google.android.gms.auth.account.be.legacy.AuthCronService started execution. cause:4 exec_start_elapsed_seconds: 880 [CONTEXT service_id=218 ]
06-02 08:03:37.318  5934  7338 I NetworkScheduler.Stats: Task com.google.android.gms/com.google.android.gms.tapandpay.gcmtask.TapAndPayGcmTaskService started execution. cause:4 exec_start_elapsed_seconds: 880 [CONTEXT service_id=218 ]
06-02 08:03:37.324  5934  7338 V NFC     : this device does not have NFC support
06-02 08:03:37.326  5979  7375 I ChimeraConfigurator: Starting update, reason: 4 urgentFeatures: vision.ocr:-1
06-02 08:03:37.327  5934  7338 W TapAndPay: NfcAdapter is null while obtaining CardEmulation instance. [CONTEXT service_id=79 ]
06-02 08:03:37.327  5934  7338 W TapAndPay: java.lang.NullPointerException: NfcAdapter is null
06-02 08:03:37.327  5934  7338 W TapAndPay: 	at android.nfc.cardemulation.CardEmulation.getInstance(CardEmulation.java:152)
06-02 08:03:37.327  5934  7338 W TapAndPay: 	at cdoy.<init>(:com.google.android.gms@231818044@23.18.18 (190400-535401451):0)
06-02 08:03:37.327  5934  7338 W TapAndPay: 	at com.google.android.gms.tapandpay.hce.task.TapAndPayAidRegistrationTaskOperation.a(:com.google.android.gms@231818044@23.18.18 (190400-535401451):5)
06-02 08:03:37.327  5934  7338 W TapAndPay: 	at com.google.android.gms.tapandpay.gcmtask.TapAndPayGcmTaskChimeraService.a(:com.google.android.gms@231818044@23.18.18 (190400-535401451):4)
06-02 08:03:37.327  5934  7338 W TapAndPay: 	at avzs.call(:com.google.android.gms@231818044@23.18.18 (190400-535401451):4)
06-02 08:03:37.327  5934  7338 W TapAndPay: 	at java.util.concurrent.FutureTask.run(FutureTask.java:264)
06-02 08:03:37.327  5934  7338 W TapAndPay: 	at aced.c(:com.google.android.gms@231818044@23.18.18 (190400-535401451):6)
06-02 08:03:37.327  5934  7338 W TapAndPay: 	at aced.run(:com.google.android.gms@231818044@23.18.18 (190400-535401451):7)
06-02 08:03:37.327  5934  7338 W TapAndPay: 	at java.util.concurrent.ThreadPoolExecutor.runWorker(ThreadPoolExecutor.java:1145)
06-02 08:03:37.327  5934  7338 W TapAndPay: 	at java.util.concurrent.ThreadPoolExecutor$Worker.run(ThreadPoolExecutor.java:644)
06-02 08:03:37.327  5934  7338 W TapAndPay: 	at acjn.run(:com.google.android.gms@231818044@23.18.18 (190400-535401451):0)
06-02 08:03:37.327  5934  7338 W TapAndPay: 	at java.lang.Thread.run(Thread.java:1012)
06-02 08:03:37.341  5979  7375 W FeatureMgr: Attempted to request and unrequest the same feature: antifingerprinting. Ignoring unrequest.
06-02 08:03:37.342  5934  7338 I NetworkScheduler.Stats: Task com.google.android.gms/com.google.android.gms.tapandpay.gcmtask.TapAndPayGcmTaskService finished executing. cause:4 result: 3 elapsed_millis: 37 uptime_millis: 37 exec_start_elapsed_seconds: 880 [CONTEXT service_id=218 ]
06-02 08:03:37.417  5979  7375 I ChimeraConfigurator: Detected pending changes for urgent request: [vision.ocr]. Pending module sets: container:2318189190400+mlkit.ocr.common,tflite_dynamite:2406991015100400+tflite_dynamite,vision_ocr:2316024025100000+vision.ocr
06-02 08:03:37.429  5979  7375 I GmsDebugLogger: [73] 1801
06-02 08:03:37.430  2912  3512 I PhenotypeProcessReaper: Memory state is: 125
06-02 08:03:37.432  5979  7375 W ZappDownloader: No successful module downloads for requested features [vision.ocr].
06-02 08:03:37.433  5979  7375 I GmsDebugLogger: [30] [VisionOcrDynamite.integ:231602402100000],[TfliteDynamiteDynamite.integ:240699101100400],[MlkitOcrCommon.optional:231818100400]
06-02 08:03:37.436  5979  7375 W ChimeraConfigService: Retry attempt was throttled. [CONTEXT service_id=264 ]
06-02 08:03:37.436  5979  7375 I GmsDebugLogger: [83] 1 [vision.ocr]
06-02 08:03:37.438  5979  7373 W Vision  : Request for optional module download of ocr failed. Request again.
06-02 08:03:37.439  5979  7373 W Vision  : Would have logged:
06-02 08:03:37.439  5979  7373 W Vision  : # dsae@37884fe7
06-02 08:03:37.439  5979  7373 I Vision  : Schedule retrying download ocr at 880299 with backoff 320 seconds
06-02 08:03:37.589  5934  5969 W GmsUrlRequestImpl: Content-Type header is overwritten.
06-02 08:03:37.613   352  7384 I resolv  : GetAddrInfoHandler::run: {100 786532 100 983140 10129 0}
06-02 08:03:37.616   352  7386 I resolv  : res_nmkquery: (QUERY, IN, A)
06-02 08:03:37.616   352  7385 I resolv  : res_nmkquery: (QUERY, IN, AAAA)
06-02 08:03:37.649   352  7386 I resolv  : res_tls_send: TLS query result: 0
06-02 08:03:37.650   352  7386 I resolv  : doQuery: rcode=0, ancount=4, return value=468
06-02 08:03:37.657   352  7385 I resolv  : res_tls_send: TLS query result: 0
06-02 08:03:37.657   352  7385 I resolv  : doQuery: rcode=0, ancount=4, return value=468
06-02 08:03:37.660  5934  6173 D TrafficStats: tagSocket(184) with statsTag=0x401, statsUid=10129
06-02 08:03:37.703  5934  5969 W GLSUser : [AppCertManager] Exception while requesting key:
06-02 08:03:37.703  5934  5969 W GLSUser : java.util.concurrent.ExecutionException: avvw: Parse Proto Exception.
06-02 08:03:37.703  5934  5969 W GLSUser : 	at dlnv.s(:com.google.android.gms@231818044@23.18.18 (190400-535401451):3)
06-02 08:03:37.703  5934  5969 W GLSUser : 	at dlnv.get(:com.google.android.gms@231818044@23.18.18 (190400-535401451):7)
06-02 08:03:37.703  5934  5969 W GLSUser : 	at oub.b(:com.google.android.gms@231818044@23.18.18 (190400-535401451):78)
06-02 08:03:37.703  5934  5969 W GLSUser : 	at otz.b(:com.google.android.gms@231818044@23.18.18 (190400-535401451):4)
06-02 08:03:37.703  5934  5969 W GLSUser : 	at otu.a(:com.google.android.gms@231818044@23.18.18 (190400-535401451):0)
06-02 08:03:37.703  5934  5969 W GLSUser : 	at otx.a(:com.google.android.gms@231818044@23.18.18 (190400-535401451):6)
06-02 08:03:37.703  5934  5969 W GLSUser : 	at lzq.call(:com.google.android.gms@231818044@23.18.18 (190400-535401451):14)
06-02 08:03:37.703  5934  5969 W GLSUser : 	at java.util.concurrent.FutureTask.run(FutureTask.java:264)
06-02 08:03:37.703  5934  5969 W GLSUser : 	at aced.c(:com.google.android.gms@231818044@23.18.18 (190400-535401451):6)
06-02 08:03:37.703  5934  5969 W GLSUser : 	at aced.run(:com.google.android.gms@231818044@23.18.18 (190400-535401451):7)
06-02 08:03:37.703  5934  5969 W GLSUser : 	at java.util.concurrent.ThreadPoolExecutor.runWorker(ThreadPoolExecutor.java:1145)
06-02 08:03:37.703  5934  5969 W GLSUser : 	at java.util.concurrent.ThreadPoolExecutor$Worker.run(ThreadPoolExecutor.java:644)
06-02 08:03:37.703  5934  5969 W GLSUser : 	at acjn.run(:com.google.android.gms@231818044@23.18.18 (190400-535401451):0)
06-02 08:03:37.703  5934  5969 W GLSUser : 	at java.lang.Thread.run(Thread.java:1012)
06-02 08:03:37.703  5934  5969 W GLSUser : Caused by: avvw: Parse Proto Exception.
06-02 08:03:37.703  5934  5969 W GLSUser : 	at avwn.f(:com.google.android.gms@231818044@23.18.18 (190400-535401451):5)
06-02 08:03:37.703  5934  5969 W GLSUser : 	at avxk.onSucceeded(:com.google.android.gms@231818044@23.18.18 (190400-535401451):0)
06-02 08:03:37.703  5934  5969 W GLSUser : 	at jf.onSucceeded(:com.google.android.gms.dynamite_cronetdynamite@231818044@23.18.18 (190400-0):0)
06-02 08:03:37.703  5934  5969 W GLSUser : 	at ie.run(:com.google.android.gms.dynamite_cronetdynamite@231818044@23.18.18 (190400-0):4)
06-02 08:03:37.703  5934  5969 W GLSUser : 	... 6 more
06-02 08:03:37.703  5934  5969 W GLSUser : Caused by: dzfz: Protocol message contained an invalid tag (zero).
06-02 08:03:37.703  5934  5969 W GLSUser : 	at dzdb.k(:com.google.android.gms@231818044@23.18.18 (190400-535401451):13)
06-02 08:03:37.703  5934  5969 W GLSUser : 	at dzha.c(:com.google.android.gms@231818044@23.18.18 (190400-535401451):47)
06-02 08:03:37.703  5934  5969 W GLSUser : 	at dzha.h(:com.google.android.gms@231818044@23.18.18 (190400-535401451):45)
06-02 08:03:37.703  5934  5969 W GLSUser : 	at dzfd.A(:com.google.android.gms@231818044@23.18.18 (190400-535401451):2)
06-02 08:03:37.703  5934  5969 W GLSUser : 	at dzex.f(:com.google.android.gms@231818044@23.18.18 (190400-535401451):0)
06-02 08:03:37.703  5934  5969 W GLSUser : 	at dzcx.d(:com.google.android.gms@231818044@23.18.18 (190400-535401451):0)
06-02 08:03:37.703  5934  5969 W GLSUser : 	at dzcx.c(:com.google.android.gms@231818044@23.18.18 (190400-535401451):0)
06-02 08:03:37.703  5934  5969 W GLSUser : 	at dzcx.n(:com.google.android.gms@231818044@23.18.18 (190400-535401451):0)
06-02 08:03:37.703  5934  5969 W GLSUser : 	at avwn.h(:com.google.android.gms@231818044@23.18.18 (190400-535401451):7)
06-02 08:03:37.703  5934  5969 W GLSUser : 	at avwn.f(:com.google.android.gms@231818044@23.18.18 (190400-535401451):1)
06-02 08:03:37.703  5934  5969 W GLSUser : 	... 9 more
06-02 08:03:37.705  5934  7378 I NetworkScheduler.Stats: Task com.google.android.gms/com.google.android.gms.auth.account.be.legacy.AuthCronService finished executing. cause:4 result: 3 elapsed_millis: 431 uptime_millis: 431 exec_start_elapsed_seconds: 880 [CONTEXT service_id=218 ]
06-02 08:03:38.029  7080  7102 I (ExtendedPublishSleepTest.kt:87): .connectWaitAndPublish(): wait 120 seconds
06-02 08:03:38.030  7080  7102 I (ExtendedPublishSleepTest.kt:87): .connectWaitAndPublish(): wait 120 seconds
06-02 08:03:39.034  7080  7102 I (ExtendedPublishSleepTest.kt:87): .connectWaitAndPublish(): wait 119 seconds
06-02 08:03:39.035  7080  7102 I (ExtendedPublishSleepTest.kt:87): .connectWaitAndPublish(): wait 119 seconds
06-02 08:03:40.040  7080  7102 I (ExtendedPublishSleepTest.kt:87): .connectWaitAndPublish(): wait 118 seconds
06-02 08:03:40.042  7080  7102 I (ExtendedPublishSleepTest.kt:87): .connectWaitAndPublish(): wait 118 seconds
06-02 08:03:41.050  7080  7102 I (ExtendedPublishSleepTest.kt:87): .connectWaitAndPublish(): wait 117 seconds
06-02 08:03:41.051  7080  7102 I (ExtendedPublishSleepTest.kt:87): .connectWaitAndPublish(): wait 117 seconds
06-02 08:03:42.061  7080  7102 I (ExtendedPublishSleepTest.kt:87): .connectWaitAndPublish(): wait 116 seconds
06-02 08:03:42.063  7080  7102 I (ExtendedPublishSleepTest.kt:87): .connectWaitAndPublish(): wait 116 seconds
06-02 08:03:43.072  7080  7102 I (ExtendedPublishSleepTest.kt:87): .connectWaitAndPublish(): wait 115 seconds
06-02 08:03:43.073  7080  7102 I (ExtendedPublishSleepTest.kt:87): .connectWaitAndPublish(): wait 115 seconds
06-02 08:03:44.086  7080  7102 I (ExtendedPublishSleepTest.kt:87): .connectWaitAndPublish(): wait 114 seconds
06-02 08:03:44.088  7080  7102 I (ExtendedPublishSleepTest.kt:87): .connectWaitAndPublish(): wait 114 seconds
06-02 08:03:45.090  7080  7102 I (ExtendedPublishSleepTest.kt:87): .connectWaitAndPublish(): wait 113 seconds
06-02 08:03:45.093  7080  7102 I (ExtendedPublishSleepTest.kt:87): .connectWaitAndPublish(): wait 113 seconds
06-02 08:03:46.096  7080  7102 I (ExtendedPublishSleepTest.kt:87): .connectWaitAndPublish(): wait 112 seconds
06-02 08:03:46.097  7080  7102 I (ExtendedPublishSleepTest.kt:87): .connectWaitAndPublish(): wait 112 seconds
06-02 08:03:47.102  7080  7102 I (ExtendedPublishSleepTest.kt:87): .connectWaitAndPublish(): wait 111 seconds
06-02 08:03:47.105  7080  7102 I (ExtendedPublishSleepTest.kt:87): .connectWaitAndPublish(): wait 111 seconds
06-02 08:03:47.134   904   904 D StatusBarIconController: ignoring old pipeline callbacks, because the new mobile icons are enabled
06-02 08:03:48.120  7080  7102 I (ExtendedPublishSleepTest.kt:87): .connectWaitAndPublish(): wait 110 seconds
06-02 08:03:48.123  7080  7102 I (ExtendedPublishSleepTest.kt:87): .connectWaitAndPublish(): wait 110 seconds
06-02 08:03:49.130  7080  7102 I (ExtendedPublishSleepTest.kt:87): .connectWaitAndPublish(): wait 109 seconds
06-02 08:03:49.131  7080  7102 I (ExtendedPublishSleepTest.kt:87): .connectWaitAndPublish(): wait 109 seconds
06-02 08:03:50.134  7080  7102 I (ExtendedPublishSleepTest.kt:87): .connectWaitAndPublish(): wait 108 seconds
06-02 08:03:50.136  7080  7102 I (ExtendedPublishSleepTest.kt:87): .connectWaitAndPublish(): wait 108 seconds
06-02 08:03:51.140  7080  7102 I (ExtendedPublishSleepTest.kt:87): .connectWaitAndPublish(): wait 107 seconds
06-02 08:03:51.141  7080  7102 I (ExtendedPublishSleepTest.kt:87): .connectWaitAndPublish(): wait 107 seconds
06-02 08:03:52.146  7080  7102 I (ExtendedPublishSleepTest.kt:87): .connectWaitAndPublish(): wait 106 seconds
06-02 08:03:52.147  7080  7102 I (ExtendedPublishSleepTest.kt:87): .connectWaitAndPublish(): wait 106 seconds
06-02 08:03:53.151  7080  7102 I (ExtendedPublishSleepTest.kt:87): .connectWaitAndPublish(): wait 105 seconds
06-02 08:03:53.152  7080  7102 I (ExtendedPublishSleepTest.kt:87): .connectWaitAndPublish(): wait 105 seconds
06-02 08:03:54.156  7080  7102 I (ExtendedPublishSleepTest.kt:87): .connectWaitAndPublish(): wait 104 seconds
06-02 08:03:54.157  7080  7102 I (ExtendedPublishSleepTest.kt:87): .connectWaitAndPublish(): wait 104 seconds
06-02 08:03:55.164  7080  7102 I (ExtendedPublishSleepTest.kt:87): .connectWaitAndPublish(): wait 103 seconds
06-02 08:03:55.165  7080  7102 I (ExtendedPublishSleepTest.kt:87): .connectWaitAndPublish(): wait 103 seconds
06-02 08:03:56.177  7080  7102 I (ExtendedPublishSleepTest.kt:87): .connectWaitAndPublish(): wait 102 seconds
06-02 08:03:56.179  7080  7102 I (ExtendedPublishSleepTest.kt:87): .connectWaitAndPublish(): wait 102 seconds
06-02 08:03:57.146   904   904 D StatusBarIconController: ignoring old pipeline callbacks, because the new mobile icons are enabled
06-02 08:03:57.185  7080  7102 I (ExtendedPublishSleepTest.kt:87): .connectWaitAndPublish(): wait 101 seconds
06-02 08:03:57.186  7080  7102 I (ExtendedPublishSleepTest.kt:87): .connectWaitAndPublish(): wait 101 seconds
06-02 08:03:58.193  7080  7102 I (ExtendedPublishSleepTest.kt:87): .connectWaitAndPublish(): wait 100 seconds
06-02 08:03:58.195  7080  7102 I (ExtendedPublishSleepTest.kt:87): .connectWaitAndPublish(): wait 100 seconds
06-02 08:03:59.202  7080  7102 I (ExtendedPublishSleepTest.kt:87): .connectWaitAndPublish(): wait 99 seconds
06-02 08:03:59.203  7080  7102 I (ExtendedPublishSleepTest.kt:87): .connectWaitAndPublish(): wait 99 seconds
06-02 08:04:00.211  7080  7102 I (ExtendedPublishSleepTest.kt:87): .connectWaitAndPublish(): wait 98 seconds
06-02 08:04:00.212  7080  7102 I (ExtendedPublishSleepTest.kt:87): .connectWaitAndPublish(): wait 98 seconds
06-02 08:04:01.220  7080  7102 I (ExtendedPublishSleepTest.kt:87): .connectWaitAndPublish(): wait 97 seconds
06-02 08:04:01.221  7080  7102 I (ExtendedPublishSleepTest.kt:87): .connectWaitAndPublish(): wait 97 seconds
06-02 08:04:02.223  7080  7102 I (ExtendedPublishSleepTest.kt:87): .connectWaitAndPublish(): wait 96 seconds
06-02 08:04:02.223  7080  7102 I (ExtendedPublishSleepTest.kt:87): .connectWaitAndPublish(): wait 96 seconds
06-02 08:04:03.228  7080  7102 I (ExtendedPublishSleepTest.kt:87): .connectWaitAndPublish(): wait 95 seconds
06-02 08:04:03.229  7080  7102 I (ExtendedPublishSleepTest.kt:87): .connectWaitAndPublish(): wait 95 seconds
06-02 08:04:04.237  7080  7102 I (ExtendedPublishSleepTest.kt:87): .connectWaitAndPublish(): wait 94 seconds
06-02 08:04:04.238  7080  7102 I (ExtendedPublishSleepTest.kt:87): .connectWaitAndPublish(): wait 94 seconds
06-02 08:04:05.250  7080  7102 I (ExtendedPublishSleepTest.kt:87): .connectWaitAndPublish(): wait 93 seconds
06-02 08:04:05.252  7080  7102 I (ExtendedPublishSleepTest.kt:87): .connectWaitAndPublish(): wait 93 seconds
06-02 08:04:06.260  7080  7102 I (ExtendedPublishSleepTest.kt:87): .connectWaitAndPublish(): wait 92 seconds
06-02 08:04:06.261  7080  7102 I (ExtendedPublishSleepTest.kt:87): .connectWaitAndPublish(): wait 92 seconds
06-02 08:04:07.144   904   904 D StatusBarIconController: ignoring old pipeline callbacks, because the new mobile icons are enabled
06-02 08:04:07.270  7080  7102 I (ExtendedPublishSleepTest.kt:87): .connectWaitAndPublish(): wait 91 seconds
06-02 08:04:07.271  7080  7102 I (ExtendedPublishSleepTest.kt:87): .connectWaitAndPublish(): wait 91 seconds
06-02 08:04:08.275  7080  7102 I (ExtendedPublishSleepTest.kt:87): .connectWaitAndPublish(): wait 90 seconds
06-02 08:04:08.276  7080  7102 I (ExtendedPublishSleepTest.kt:87): .connectWaitAndPublish(): wait 90 seconds
06-02 08:04:09.284  7080  7102 I (ExtendedPublishSleepTest.kt:87): .connectWaitAndPublish(): wait 89 seconds
06-02 08:04:09.286  7080  7102 I (ExtendedPublishSleepTest.kt:87): .connectWaitAndPublish(): wait 89 seconds
06-02 08:04:10.294  7080  7102 I (ExtendedPublishSleepTest.kt:87): .connectWaitAndPublish(): wait 88 seconds
06-02 08:04:10.296  7080  7102 I (ExtendedPublishSleepTest.kt:87): .connectWaitAndPublish(): wait 88 seconds
06-02 08:04:11.302  7080  7102 I (ExtendedPublishSleepTest.kt:87): .connectWaitAndPublish(): wait 87 seconds
06-02 08:04:11.303  7080  7102 I (ExtendedPublishSleepTest.kt:87): .connectWaitAndPublish(): wait 87 seconds
06-02 08:04:12.317  7080  7102 I (ExtendedPublishSleepTest.kt:87): .connectWaitAndPublish(): wait 86 seconds
06-02 08:04:12.318  7080  7102 I (ExtendedPublishSleepTest.kt:87): .connectWaitAndPublish(): wait 86 seconds
06-02 08:04:13.321  7080  7102 I (ExtendedPublishSleepTest.kt:87): .connectWaitAndPublish(): wait 85 seconds
06-02 08:04:13.322  7080  7102 I (ExtendedPublishSleepTest.kt:87): .connectWaitAndPublish(): wait 85 seconds
06-02 08:04:14.327  7080  7102 I (ExtendedPublishSleepTest.kt:87): .connectWaitAndPublish(): wait 84 seconds
06-02 08:04:14.329  7080  7102 I (ExtendedPublishSleepTest.kt:87): .connectWaitAndPublish(): wait 84 seconds
06-02 08:04:15.332  7080  7102 I (ExtendedPublishSleepTest.kt:87): .connectWaitAndPublish(): wait 83 seconds
06-02 08:04:15.333  7080  7102 I (ExtendedPublishSleepTest.kt:87): .connectWaitAndPublish(): wait 83 seconds
06-02 08:04:16.336  7080  7102 I (ExtendedPublishSleepTest.kt:87): .connectWaitAndPublish(): wait 82 seconds
06-02 08:04:16.337  7080  7102 I (ExtendedPublishSleepTest.kt:87): .connectWaitAndPublish(): wait 82 seconds
06-02 08:04:17.165   904   904 D StatusBarIconController: ignoring old pipeline callbacks, because the new mobile icons are enabled
06-02 08:04:17.341  7080  7102 I (ExtendedPublishSleepTest.kt:87): .connectWaitAndPublish(): wait 81 seconds
06-02 08:04:17.342  7080  7102 I (ExtendedPublishSleepTest.kt:87): .connectWaitAndPublish(): wait 81 seconds
06-02 08:04:18.347  7080  7102 I (ExtendedPublishSleepTest.kt:87): .connectWaitAndPublish(): wait 80 seconds
06-02 08:04:18.349  7080  7102 I (ExtendedPublishSleepTest.kt:87): .connectWaitAndPublish(): wait 80 seconds
06-02 08:04:19.352  7080  7102 I (ExtendedPublishSleepTest.kt:87): .connectWaitAndPublish(): wait 79 seconds
06-02 08:04:19.353  7080  7102 I (ExtendedPublishSleepTest.kt:87): .connectWaitAndPublish(): wait 79 seconds
06-02 08:04:20.356  7080  7102 I (ExtendedPublishSleepTest.kt:87): .connectWaitAndPublish(): wait 78 seconds
06-02 08:04:20.357  7080  7102 I (ExtendedPublishSleepTest.kt:87): .connectWaitAndPublish(): wait 78 seconds
06-02 08:04:21.360  7080  7102 I (ExtendedPublishSleepTest.kt:87): .connectWaitAndPublish(): wait 77 seconds
06-02 08:04:21.361  7080  7102 I (ExtendedPublishSleepTest.kt:87): .connectWaitAndPublish(): wait 77 seconds
06-02 08:04:22.365  7080  7102 I (ExtendedPublishSleepTest.kt:87): .connectWaitAndPublish(): wait 76 seconds
06-02 08:04:22.366  7080  7102 I (ExtendedPublishSleepTest.kt:87): .connectWaitAndPublish(): wait 76 seconds
06-02 08:04:23.386  7080  7102 I (ExtendedPublishSleepTest.kt:87): .connectWaitAndPublish(): wait 75 seconds
06-02 08:04:23.391  7080  7102 I (ExtendedPublishSleepTest.kt:87): .connectWaitAndPublish(): wait 75 seconds
06-02 08:04:24.402  7080  7102 I (ExtendedPublishSleepTest.kt:87): .connectWaitAndPublish(): wait 74 seconds
06-02 08:04:24.405  7080  7102 I (ExtendedPublishSleepTest.kt:87): .connectWaitAndPublish(): wait 74 seconds
06-02 08:04:25.420  7080  7102 I (ExtendedPublishSleepTest.kt:87): .connectWaitAndPublish(): wait 73 seconds
06-02 08:04:25.432  7080  7102 I (ExtendedPublishSleepTest.kt:87): .connectWaitAndPublish(): wait 73 seconds
06-02 08:04:26.454  7080  7102 I (ExtendedPublishSleepTest.kt:87): .connectWaitAndPublish(): wait 72 seconds
06-02 08:04:26.455  7080  7102 I (ExtendedPublishSleepTest.kt:87): .connectWaitAndPublish(): wait 72 seconds
06-02 08:04:27.011   540   557 I GnssLocationProvider: WakeLock acquired by handleDownloadPsdsData()
06-02 08:04:27.059   540   587 W system_server: Long monitor contention with owner android.fg (557) at void com.android.server.power.PowerManagerService.acquireWakeLockInternal(android.os.IBinder, int, int, java.lang.String, java.lang.String, android.os.WorkSource, java.lang.String, int, int, android.os.IWakeLockCallback)(PowerManagerService.java:1633) waiters=0 in void com.android.server.power.PowerManagerService.handleSandman(int) for 459ms
06-02 08:04:27.150   540  7389 E GnssPsdsDownloader: No Long-Term PSDS servers were specified in the GnssConfiguration
06-02 08:04:27.207   904   904 D StatusBarIconController: ignoring old pipeline callbacks, because the new mobile icons are enabled
06-02 08:04:27.462  7080  7102 I (ExtendedPublishSleepTest.kt:87): .connectWaitAndPublish(): wait 71 seconds
06-02 08:04:27.471  7080  7102 I (ExtendedPublishSleepTest.kt:87): .connectWaitAndPublish(): wait 71 seconds
06-02 08:04:28.474  7080  7102 I (ExtendedPublishSleepTest.kt:87): .connectWaitAndPublish(): wait 70 seconds
06-02 08:04:28.477  7080  7102 I (ExtendedPublishSleepTest.kt:87): .connectWaitAndPublish(): wait 70 seconds
06-02 08:04:29.491  7080  7102 I (ExtendedPublishSleepTest.kt:87): .connectWaitAndPublish(): wait 69 seconds
06-02 08:04:29.492  7080  7102 I (ExtendedPublishSleepTest.kt:87): .connectWaitAndPublish(): wait 69 seconds
06-02 08:04:30.504  7080  7102 I (ExtendedPublishSleepTest.kt:87): .connectWaitAndPublish(): wait 68 seconds
06-02 08:04:30.508  7080  7102 I (ExtendedPublishSleepTest.kt:87): .connectWaitAndPublish(): wait 68 seconds
06-02 08:04:31.520  7080  7102 I (ExtendedPublishSleepTest.kt:87): .connectWaitAndPublish(): wait 67 seconds
06-02 08:04:31.521  7080  7102 I (ExtendedPublishSleepTest.kt:87): .connectWaitAndPublish(): wait 67 seconds
06-02 08:04:32.527  7080  7102 I (ExtendedPublishSleepTest.kt:87): .connectWaitAndPublish(): wait 66 seconds
06-02 08:04:32.529  7080  7102 I (ExtendedPublishSleepTest.kt:87): .connectWaitAndPublish(): wait 66 seconds
06-02 08:04:33.536  7080  7102 I (ExtendedPublishSleepTest.kt:87): .connectWaitAndPublish(): wait 65 seconds
06-02 08:04:33.539  7080  7102 I (ExtendedPublishSleepTest.kt:87): .connectWaitAndPublish(): wait 65 seconds
06-02 08:04:34.552  7080  7102 I (ExtendedPublishSleepTest.kt:87): .connectWaitAndPublish(): wait 64 seconds
06-02 08:04:34.555  7080  7102 I (ExtendedPublishSleepTest.kt:87): .connectWaitAndPublish(): wait 64 seconds
06-02 08:04:35.589  7080  7102 I (ExtendedPublishSleepTest.kt:87): .connectWaitAndPublish(): wait 63 seconds
06-02 08:04:35.596  7080  7102 I (ExtendedPublishSleepTest.kt:87): .connectWaitAndPublish(): wait 63 seconds
06-02 08:04:36.608  7080  7102 I (ExtendedPublishSleepTest.kt:87): .connectWaitAndPublish(): wait 62 seconds
06-02 08:04:36.611  7080  7102 I (ExtendedPublishSleepTest.kt:87): .connectWaitAndPublish(): wait 62 seconds
06-02 08:04:37.220   904   904 D StatusBarIconController: ignoring old pipeline callbacks, because the new mobile icons are enabled
06-02 08:04:37.616  7080  7102 I (ExtendedPublishSleepTest.kt:87): .connectWaitAndPublish(): wait 61 seconds
06-02 08:04:37.616  7080  7102 I (ExtendedPublishSleepTest.kt:87): .connectWaitAndPublish(): wait 61 seconds
06-02 08:04:38.618  7080  7102 I (ExtendedPublishSleepTest.kt:87): .connectWaitAndPublish(): wait 60 seconds
06-02 08:04:38.621  7080  7102 I (ExtendedPublishSleepTest.kt:87): .connectWaitAndPublish(): wait 60 seconds
06-02 08:04:39.630  7080  7102 I (ExtendedPublishSleepTest.kt:87): .connectWaitAndPublish(): wait 59 seconds
06-02 08:04:39.632  7080  7102 I (ExtendedPublishSleepTest.kt:87): .connectWaitAndPublish(): wait 59 seconds
06-02 08:04:40.637  7080  7102 I (ExtendedPublishSleepTest.kt:87): .connectWaitAndPublish(): wait 58 seconds
