06-02 07:55:07.668  1607  1607 I GoogleInputMethodService: GoogleInputMethodService.updateDeviceLockedStatus():2087 repeatCheckTimes = 2, unlocked = true
06-02 07:55:07.676  7080  7105 D EGL_emulation: app_time_stats: avg=85.40ms min=8.17ms max=542.61ms count=12
06-02 07:55:07.678  1607  1607 I DeviceModeUtil: DeviceModeUtil.getDeviceMode():122 Get device mode phone by ui mode:1 and smallestScreenWidthDp:320
06-02 07:55:07.680  7080  7080 E droid.extsample: Invalid resource ID 0x00000000.
06-02 07:55:07.681  1607  1607 I GoogleInputMethodService: GoogleInputMethodService.onStartInputView():1995 onStartInputView(EditorInfo{inputType=0x20001(Normal) imeOptions=0x40000006 privateImeOptions=null actionName=DONE actionLabel=null actionId=0 initialSelStart=0 initialSelEnd=0 initialCapsMode=0x0 hintText=non-empty label=null packageName=info.mqtt.android.extsample fieldId=2131231206 fieldName=null extras=Bundle[{android.support.text.emoji.emojiCompat_metadataVersion=9, android.support.text.emoji.emojiCompat_replaceAll=false}]}, false)
06-02 07:55:07.684  1607  1607 I GoogleInputMethodService: GoogleInputMethodService.updateDeviceLockedStatus():2087 repeatCheckTimes = 2, unlocked = true
06-02 07:55:07.685  7080  7080 E droid.extsample: Invalid resource ID 0x00000000.
06-02 07:55:07.688  1607  1607 W ModuleManager: ModuleManager.loadModule():450 Module erj is not available
06-02 07:55:07.690  1607  1814 I DeviceModeUtil: DeviceModeUtil.getDeviceMode():122 Get device mode phone by ui mode:1 and smallestScreenWidthDp:320
06-02 07:55:07.690  7080  7080 I AssistStructure: Flattened final assist data: 5996 bytes, containing 2 windows, 46 views
06-02 07:55:07.693  1607  1607 I KeyboardViewUtil: KeyboardViewUtil.getKeyboardHeightRatio():189 systemKeyboardHeightRatio:1.000000; userKeyboardHeightRatio:1.000000.
06-02 07:55:07.703  7080  7105 D EGL_emulation: app_time_stats: avg=28.26ms min=1.99ms max=258.30ms count=31
06-02 07:55:07.723  1607  1814 W MetricsManager: MetricsManager.addProcessorImpl():614 Processor dzr@e689d4d already exists.
06-02 07:55:07.726  1607  1607 I LatinIme: LatinIme.<init>():328 Language = en-US
06-02 07:55:07.747  1607  1607 I Delight5Facilitator: Delight5Facilitator.initializeForIme():777 initializeForIme() : Locale = [en_US], layout = qwerty
06-02 07:55:07.752  1607  1607 I Delight5Facilitator: Delight5Facilitator.resetDecoder():954 resetDecoder() : Locale = [en_US]
06-02 07:55:07.764  1607  1607 I Delight5Decoder: Delight5DecoderWrapper.createOrResetDecoder():341 Decoder reset
06-02 07:55:07.888  1607  1955 I MainLanguageModelLoader: MainLanguageModelLoader.call():145 Running LM loader for [en_US]
06-02 07:55:07.891  1607  1607 I AndroidIME: AbstractIme.onActivate():86 LatinIme.onActivate() : EditorInfo = inputType=0x20001(Normal) imeOptions=0x40000006 privateImeOptions=null actionName=DONE actionLabel=null actionId=0 initialSelStart=0 initialSelEnd=0 initialCapsMode=0x0 hintText=non-empty label=null packageName=info.mqtt.android.extsample fieldId=2131231206 fieldName=null extras=Bundle[{android.support.text.emoji.emojiCompat_metadataVersion=9, android.support.text.emoji.emojiCompat_replaceAll=false}], IncognitoMode = false, DeviceLocked = false
06-02 07:55:07.894  1607  1943 I DataFileManager: DataFileManager.addDataWithoutNotify():162 data en-840 already exists
06-02 07:55:07.894  1607  1943 I DataFileManager: DataFileManager.addDataWithoutNotify():162 data en-US already exists
06-02 07:55:07.900  1607  7235 I JobSchedulerImpl: JobSchedulerImpl.cancel():125 Cancel task: DlamTrainingTask. Not pending.
06-02 07:55:07.901  1607  1607 I VoiceInputManagerWrapper: VoiceInputManagerWrapper.cancelShutdown():55 cancelShutdown()
06-02 07:55:07.901  1607  1607 I VoiceInputManagerWrapper: VoiceInputManagerWrapper.syncLanguagePacks():67 syncLanguagePacks()
06-02 07:55:07.904  1607  7236 I SpeechFactory: SpeechRecognitionFactory.maybeScheduleAutoPackDownloadForFallback():205 maybeScheduleAutoPackDownloadForFallback()
06-02 07:55:07.904  1607  7236 I FallbackOnDeviceRecognitionProvider: FallbackOnDeviceRecognitionProvider.maybeScheduleAutoPackDownload():195 maybeScheduleAutoPackDownload() for language tag en-US
06-02 07:55:07.907  1607  1607 I LatinIme: LatinIme.updateEnableInlineSuggestionsOnDecoderSideFlags():1003 inline flag updated to:false
06-02 07:55:07.907  1607  1943 I DataFileManager: DataFileManager.addDataWithoutNotify():162 data en-US already exists
06-02 07:55:07.908  1607  1955 I DelightDataFileManagerLanguageModelProvider: DelightDataFileManagerLanguageModelProvider.fetchLanguageModel():73 find data en-840 delight
06-02 07:55:07.913  1607  7118 I SuperDelight: SuperDelightManager.initializeBundledDelightSuperpacks():376 initializeBundledDelightSuperpacks()
06-02 07:55:07.913  1607  1955 I LmManager: LmManager.asyncUpdateEnabledLanguageModels():90 asyncUpdateEnabledLanguageModels()
06-02 07:55:07.913  1607  1955 I SuperDelight: SuperDelightManager.initializeDelightSuperpacks():340 initializeDelightSuperpacks()
06-02 07:55:07.913  1607  1955 I SuperDelight: SuperDelightManager.getDelightMetadataUriAndVersion():1011 getDelightMetadataUriAndVersion(): Phenotype : 2023020919 : https://www.gstatic.com/android/keyboard/dictionarypack/Omei-normal/metadata.json
06-02 07:55:07.913  1607  1955 I SuperDelight: SuperDelightAppsSuperpacksManager.initializeDelightAppsSuperpacks():92 initializeDelightAppsSuperpacks()
06-02 07:55:07.913  1607  1955 I SuperDelight: SuperDelightManager.initializeOverridesSuperpacks():402 initializeOverridesSuperpacks()
06-02 07:55:07.914  1607  1943 I SP      : Registering bundled_delight.2022101700, url: null, constraints: *:*:*:*, flags: *, requested: 2022101700, current: 2022101700
06-02 07:55:07.915  1607  1955 I DelightDataFileManagerLanguageModelProvider: DelightDataFileManagerLanguageModelProvider.fetchLanguageModel():73 find data en-US delight
06-02 07:55:07.918  1607  7119 I SuperDelight: SuperDelightManager.initializeBundledDelightSuperpacks():376 initializeBundledDelightSuperpacks()
06-02 07:55:07.919  1607  7119 I SuperDelight: SuperDelightManager.lambda$registerAndUpgradeSuperpacks$5():476 SuperDelightManager#registerAndUpgradeSuperpacks(delight): current 2023020919, required 2023020919
06-02 07:55:07.920  1607  1955 I LmManager: LmManager.asyncUpdateEnabledLanguageModels():90 asyncUpdateEnabledLanguageModels()
06-02 07:55:07.920  1607  1955 I SuperDelight: SuperDelightManager.initializeDelightSuperpacks():340 initializeDelightSuperpacks()
06-02 07:55:07.920  1607  1955 I SuperDelight: SuperDelightManager.getDelightMetadataUriAndVersion():1011 getDelightMetadataUriAndVersion(): Phenotype : 2023020919 : https://www.gstatic.com/android/keyboard/dictionarypack/Omei-normal/metadata.json
06-02 07:55:07.921  1607  1955 I SuperDelight: SuperDelightAppsSuperpacksManager.initializeDelightAppsSuperpacks():92 initializeDelightAppsSuperpacks()
06-02 07:55:07.921  1607  1955 I SuperDelight: SuperDelightManager.initializeOverridesSuperpacks():402 initializeOverridesSuperpacks()
06-02 07:55:07.921  1607  1955 I MainLanguageModelLoader: MainLanguageModelLoader.updateLmAvailableState():392 updateLmAvailableState(): locale? en_US prevState? UNKNOWN
06-02 07:55:07.921  1607  1955 I MainLanguageModelLoader: MainLanguageModelLoader.updateLmAvailableState():428 updateLmAvailableState(): locale? en_US newState? AVAILABLE
06-02 07:55:07.922  1607  2340 I Delight5Decoder: Delight5DecoderWrapper.loadLanguageModel():649 loadLanguageModel() : 1, version [2022102600]
06-02 07:55:07.922  1607  1955 I Delight5Facilitator: BlocklistLoader.call():37 Running blocklist loader
06-02 07:55:07.923  1607  1943 I SP      : Registering bundled_delight.2022101700, url: null, constraints: *:*:*:*, flags: *, requested: 2022101700, current: 2022101700
06-02 07:55:07.924  1607  1955 I Delight5Facilitator: ContactsLanguageModelLoader.call():35 Running contacts language model loader
06-02 07:55:07.924  1607  1955 I Delight5Facilitator: PersonalLanguageModelLoader.call():44 Running personal language model loader
06-02 07:55:07.925  1607  7119 I SuperDelight: SuperDelightManager.lambda$registerAndUpgradeSuperpacks$5():476 SuperDelightManager#registerAndUpgradeSuperpacks(delight): current 2023020919, required 2023020919
06-02 07:55:07.925  1607  7119 I SuperDelight: SuperDelightManager.lambda$syncDownloadableLanguageModels$8():568 SuperDelightManager#syncDownloadableLanguageModels(delight): [OnDevice] Syncing for version 2023020919
06-02 07:55:07.925  1607  7119 I SuperDelight: SuperDelightManager.lambda$syncOverridesLanguageModels$14():689 SuperDelightManager#syncOverridesLanguageModels(): Superpack delight_overrides not found or negative version provided
06-02 07:55:07.925  1607  7119 I SuperDelight: SuperDelightManager.lambda$syncOverridesLanguageModels$14():689 SuperDelightManager#syncOverridesLanguageModels(): Superpack delight_overrides not found or negative version provided
06-02 07:55:07.926  1607  7118 I SuperDelight: SuperDelightManager.lambda$syncBundledLanguageModels$16():774 SuperDelightManager#syncBundledLanguageModels(): Syncing for version 2022101700
06-02 07:55:07.926  1607  7119 I SuperDelight: SuperDelightManager.lambda$syncBundledLanguageModels$16():774 SuperDelightManager#syncBundledLanguageModels(): Syncing for version 2022101700
06-02 07:55:07.926  1607  7119 I SuperDelight: SuperDelightManager.lambda$syncDownloadableLanguageModels$8():568 SuperDelightManager#syncDownloadableLanguageModels(delight): [OnDevice] Syncing for version 2023020919
06-02 07:55:07.926  1607  7119 I SuperDelight: SuperDelightManager$2.onSuccess():635 delight_overrides sync success, adding to data file manager
06-02 07:55:07.926  1607  7119 I SuperDelight: SuperDelightManager$2.onSuccess():635 delight_overrides sync success, adding to data file manager
06-02 07:55:07.926  1607  1943 I SuperDelight: SuperDelightBundledSlicingStrategy.getSlices():39 BundledSlicing#getSlices() : Locale = [en_US]
06-02 07:55:07.927  1607  1943 I SuperDelight: SuperDelightBundledSlicingStrategy.getSlices():65 BundledSlicing#getSlices(): result {slices=[bundled_delight:main_en_us_2022051700_2], last batch=true, sync metadata=false}
06-02 07:55:07.927  1607  1943 I SP      : Syncing bundled_delight (2022101700) with slices: [main_en_us_2022051700_2], metadata: false
06-02 07:55:07.927  1607  1943 I SuperDelight: SuperDelightBundledSlicingStrategy.getSlices():39 BundledSlicing#getSlices() : Locale = [en_US]
06-02 07:55:07.927  1607  1943 I SuperDelight: SuperDelightBundledSlicingStrategy.getSlices():65 BundledSlicing#getSlices(): result {slices=[bundled_delight:main_en_us_2022051700_2], last batch=true, sync metadata=false}
06-02 07:55:07.927  1607  1943 I SP      : Syncing bundled_delight (2022101700) with slices: [main_en_us_2022051700_2], metadata: false
06-02 07:55:07.928  1607  1943 I SuperDelight: SuperDelightDownloadSlicingStrategy.getSlices():68 DownloadSlicing#getSlices() : Locale = [en_US]
06-02 07:55:07.929  1607  1943 I SuperDelight: SuperDelightDownloadSlicingStrategy.getSlices():125 DownloadSlicing#getSlices(): result {slices=[{delight:main_en_840_2022102600_1, m:*:*:*, fg}], last batch=true, sync metadata=false}
06-02 07:55:07.929  1607  1943 I SP      : Syncing delight (2023020919) with slices: [{main_en_840_2022102600_1, m:*:*:*, fg}], metadata: false
06-02 07:55:07.936  1607  1955 I Delight5Facilitator: UserHistoryLanguageModelLoader.call():82 Running user history language model loader
06-02 07:55:07.940  1607  1607 I KeyboardWrapper: KeyboardWrapper.consumeEvent():275 Skip consuming an event as current keyboard is deactivated (state=0, keyboard existence=false)
06-02 07:55:07.942  1607  1607 I KeyboardManager: KeyboardManager.requestKeyboard():146 Creating keyboard prime, imeId=ime_english_united_states, cacheKey=theme_border_stylesheet_noshadow_gsans_pillkey_silkpopup_refinedkp_materiallight_phone
06-02 07:55:07.943  1607  1607 I DeviceModeUtil: DeviceModeUtil.getDeviceMode():122 Get device mode phone by ui mode:1 and smallestScreenWidthDp:320
06-02 07:55:07.943  1607  1607 I DeviceModeUtil: DeviceModeUtil.getDeviceMode():122 Get device mode phone by ui mode:1 and smallestScreenWidthDp:320
06-02 07:55:07.943  1607  1607 I KeyboardModeManager: KeyboardModeManager.setInputView():364 setInputView() : supportsOneHandedMode=true
06-02 07:55:07.944  1607  1607 I NormalModeController: NormalModeController.getKeyboardBodyViewHolderPaddingBottom():116 currentPrimeKeyboardType:SOFT systemPaddingBottom:-1
06-02 07:55:07.944  1607  1607 I NormalModeController: NormalModeController.getKeyboardBodyViewHolderPaddingBottom():116 currentPrimeKeyboardType:SOFT systemPaddingBottom:-1
06-02 07:55:07.944  1607  1607 I KeyboardModeManager: KeyboardModeManager.setInputView():356 setInputView() : entry=hwn{languageTag=en-US, variant=qwerty, hasLocalizedResources=true, conditionCacheKey=_device=phone_device_size=default_enable_adaptive_text_editing=true_enable_inline_suggestions_on_client_side=false_enable_large_tablet_batch_1=false_enable_large_tablet_batch_2=false_enable_more_candidates_view_for_multilingual=false_enable_nav_redesign=false_enable_number_row=false_enable_preemptive_decode=true_enable_secondary_symbols=false_expressions=normal_four_or_more_letter_rows=false_keyboard_mode=normal_language=en-US_orientation=portrait_physical_keyboard=nokeys_show_secondary_digits=true_show_suggestions=true_split_with_duplicate_keys=true_variant=qwerty, imeDef.stringId=ime_english_united_states, imeDef.className=com.google.android.apps.inputmethod.libs.latin5.LatinIme, imeDef.languageTag=en-US}
06-02 07:55:07.945  1607  1955 I EmojiShortcutsLoader: EmojiShortcutsLoader.getEmojiShortcuts():117 Reading en_US emoji shortcuts
06-02 07:55:07.946  1607  1607 I FeaturePermissionsManager: FeaturePermissionsManager.disableFeaturesWithDeniedPermissions():780 disableFeaturesWithDeniedPermissions() : Disable import_user_contacts
06-02 07:55:07.946  1607  1607 I FeaturePermissionsManager: FeaturePermissionsManager.onPreferenceChanged():551 Disable FeatureInfo : Description = 2132019058 : Permissions=[android.permission.READ_CONTACTS] : Listeners=[hbz@bff5e50, cih@c57b849]
06-02 07:55:07.946  1607  1607 I VoiceImeExtension: VoiceImeExtension.shouldStartVoiceInputAutomatically():383 No private IME option set to start voice input.
06-02 07:55:07.950  1607  1607 W FDL     : FDL logging failed. Add a dependency for Firebase Analytics to your app to enable logging of Dynamic Link events.
06-02 07:55:07.958  5979  5979 D BoundBrokerSvc: onBind: Intent { act=com.google.firebase.dynamiclinks.service.START pkg=com.google.android.gms }
06-02 07:55:07.958  5979  5979 D BoundBrokerSvc: Loading bound service for intent: Intent { act=com.google.firebase.dynamiclinks.service.START pkg=com.google.android.gms }
06-02 07:55:07.968   388   590 W ServiceManagerCppClient: Permission failure: android.permission.ROTATE_SURFACE_FLINGER from uid=10153 pid=0
06-02 07:55:07.968   388   496 W ServiceManagerCppClient: Permission failure: android.permission.ROTATE_SURFACE_FLINGER from uid=10153 pid=1607
06-02 07:55:07.968   388   496 D PermissionCache: checking android.permission.ROTATE_SURFACE_FLINGER for uid=10153 => denied (76 us)
06-02 07:55:07.968   388   590 D PermissionCache: checking android.permission.ROTATE_SURFACE_FLINGER for uid=10153 => denied (2257 us)
06-02 07:55:07.968   388   496 W ServiceManagerCppClient: Permission failure: android.permission.INTERNAL_SYSTEM_WINDOW from uid=10153 pid=1607
06-02 07:55:07.968   388   496 D PermissionCache: checking android.permission.INTERNAL_SYSTEM_WINDOW for uid=10153 => denied (126 us)
06-02 07:55:07.968   388   590 W ServiceManagerCppClient: Permission failure: android.permission.INTERNAL_SYSTEM_WINDOW from uid=10153 pid=0
06-02 07:55:07.968   388   590 D PermissionCache: checking android.permission.INTERNAL_SYSTEM_WINDOW for uid=10153 => denied (243 us)
06-02 07:55:07.969   388   590 W ServiceManagerCppClient: Permission failure: android.permission.ACCESS_SURFACE_FLINGER from uid=10153 pid=0
06-02 07:55:07.969   388   590 D PermissionCache: checking android.permission.ACCESS_SURFACE_FLINGER for uid=10153 => denied (193 us)
06-02 07:55:07.971   388   496 W ServiceManagerCppClient: Permission failure: android.permission.ACCESS_SURFACE_FLINGER from uid=10153 pid=1607
06-02 07:55:07.971   388   496 D PermissionCache: checking android.permission.ACCESS_SURFACE_FLINGER for uid=10153 => denied (2685 us)
06-02 07:55:07.974  1607  1955 I EmojiShortcutsLoader: EmojiShortcutsLoader.getEmojiShortcuts():134 Read en_US emoji shortcuts successfully.
06-02 07:55:07.986  1607  2043 D libEGL  : loaded /vendor/lib64/egl/libEGL_emulation.so
06-02 07:55:07.987  1607  2043 D libEGL  : loaded /vendor/lib64/egl/libGLESv1_CM_emulation.so
06-02 07:55:07.989  1607  2043 D libEGL  : loaded /vendor/lib64/egl/libGLESv2_emulation.so
06-02 07:55:07.990  1607  1955 I EmojiShortcutsLoader: EmojiShortcutsLoader.call():63 1 emoji shortcut maps loaded.
06-02 07:55:07.992  1607  1607 D CompatibilityChangeReporter: Compat change id reported: 210923482; UID 10153; state: ENABLED
06-02 07:55:08.001  1607  1955 I EmojiShortcutsLoader: EmojiShortcutsLoader.call():72 Finished loading emoji shortcuts
06-02 07:55:08.001  1607  1955 I Delight5Facilitator: EmailLanguageModelLoader.call():30 Running email language model loader
06-02 07:55:08.002  1607  1955 I Delight5Facilitator: KeyCorrectionTfliteModelLoader.call():29 Running Key Correction Tflite Model loader
06-02 07:55:08.002  1607  1955 I Delight5Facilitator: RankingModelLoader.call():28 Running Ranking Model loader
06-02 07:55:08.024  1607  2340 I tflite  : Initialized TensorFlow Lite runtime.
06-02 07:55:08.034  1607  2043 W OpenGLRenderer: Failed to choose config with EGL_SWAP_BEHAVIOR_PRESERVED, retrying without...
06-02 07:55:08.034  1607  2043 W OpenGLRenderer: Failed to initialize 101010-2 format, error = EGL_SUCCESS
06-02 07:55:08.037  7080  7080 D UiControllerImpl: Injecting string: "AnotherTest"
06-02 07:55:08.060   159   159 I hwservicemanager: getTransport: Cannot find entry android.hardware.graphics.mapper@4.0::IMapper/default in either framework or device VINTF manifest.
06-02 07:55:08.061  1607  2043 I Gralloc4: mapper 4.x is not supported
06-02 07:55:08.061  1607  1943 I SuperDelight: SuperDelightDownloadSlicingStrategy.getSlices():68 DownloadSlicing#getSlices() : Locale = [en_US]
06-02 07:55:08.064  1607  1943 I SuperDelight: SuperDelightDownloadSlicingStrategy.getSlices():125 DownloadSlicing#getSlices(): result {slices=[{delight:main_en_840_2022102600_1, m:*:*:*, fg}], last batch=true, sync metadata=false}
06-02 07:55:08.064  1607  1943 I SP      : Syncing delight (2023020919) with slices: [{main_en_840_2022102600_1, m:*:*:*, fg}], metadata: false
06-02 07:55:08.064  1607  1943 I SP      : GC for 'bundled_delight' (10) with ttl of 0 ms took 0 ms (0/0/0)
06-02 07:55:08.065  1607  1943 I LmManager: LmManager$1.onFailure():81 Bundled delight sync failed
06-02 07:55:08.065  1607  1943 I LmManager: java.util.concurrent.CancellationException: Task was cancelled.
06-02 07:55:08.065  1607  1943 I LmManager: 	at mrp.s(PG:3)
06-02 07:55:08.065  1607  1943 I LmManager: 	at mrp.get(PG:4)
06-02 07:55:08.065  1607  1943 I LmManager: 	at mgr.Q(PG:1)
06-02 07:55:08.065  1607  1943 I LmManager: 	at mfu.V(PG:2)
06-02 07:55:08.065  1607  1943 I LmManager: 	at mtg.run(PG:4)
06-02 07:55:08.065  1607  1943 I LmManager: 	at msq.execute(PG:1)
06-02 07:55:08.065  1607  1943 I LmManager: 	at mrp.q(PG:1)
06-02 07:55:08.065  1607  1943 I LmManager: 	at mrp.k(PG:12)
06-02 07:55:08.065  1607  1943 I LmManager: 	at mrp.p(PG:5)
06-02 07:55:08.065  1607  1943 I LmManager: 	at msm.c(PG:2)
06-02 07:55:08.065  1607  1943 I LmManager: 	at mso.e(PG:2)
06-02 07:55:08.065  1607  1943 I LmManager: 	at mtr.run(PG:8)
06-02 07:55:08.065  1607  1943 I LmManager: 	at java.util.concurrent.Executors$RunnableAdapter.call(Executors.java:487)
06-02 07:55:08.065  1607  1943 I LmManager: 	at java.util.concurrent.FutureTask.run(FutureTask.java:264)
06-02 07:55:08.065  1607  1943 I LmManager: 	at hbs.run(PG:2)
06-02 07:55:08.065  1607  1943 I LmManager: 	at java.util.concurrent.ThreadPoolExecutor.runWorker(ThreadPoolExecutor.java:1145)
06-02 07:55:08.065  1607  1943 I LmManager: 	at java.util.concurrent.ThreadPoolExecutor$Worker.run(ThreadPoolExecutor.java:644)
06-02 07:55:08.065  1607  1943 I LmManager: 	at java.lang.Thread.run(Thread.java:1012)
06-02 07:55:08.065  1607  1943 I LmManager: 	at hbf.run(PG:2)
06-02 07:55:08.066  1607  1943 I AbstractSyncResultCallback: AbstractSyncResultCallback.onFailure():36 onFailure(): bundled_delight.sync cancelled; expected if new request supersedes pending one.
06-02 07:55:08.066  1607  1955 I CrankEngineLocales: CrankEngineLocales.getLocaleToUseForCrankEngine():66 Using locale en_US for emoji prediction
06-02 07:55:08.066  1607  1943 I SP      : Registering kc_tflite_model.20220919, url: https://www.gstatic.com/android/keyboard/kc_triggering_model/superpacks-manifest-20220805_235142.json, constraints: W:*:*:*, flags: bg, requested: 20220919, current: -1
06-02 07:55:08.066  1607  1955 I CrankEngineLocales: CrankEngineLocales.getLocaleToUseForCrankEngine():66 Using locale en_US for emoji prediction
06-02 07:55:08.070  1607  1955 I CrankEngineLocales: CrankEngineLocales.getLocaleToUseForCrankEngine():66 Using locale en_US for emoji prediction
06-02 07:55:08.071  1607  1943 I SP      : Registering kc_tflite_model.20220919, url: https://www.gstatic.com/android/keyboard/kc_triggering_model/superpacks-manifest-20220805_235142.json, constraints: W:*:*:*, flags: bg, requested: 20220919, current: -1
06-02 07:55:08.072  1607  1943 I SP      : Registering kc_tflite_model.20220919, url: https://www.gstatic.com/android/keyboard/kc_triggering_model/superpacks-manifest-20220805_235142.json, constraints: W:*:*:*, flags: bg, requested: 20220919, current: -1
06-02 07:55:08.078  5934  5934 I GmsCoreXrpcWrapper: Returning a channel provider with trafficStatsTag=18692 trafficStatsUid=-1
06-02 07:55:08.111  1607  1607 D CompatibilityChangeReporter: Compat change id reported: 171228096; UID 10153; state: ENABLED
06-02 07:55:08.115  1607  2043 E OpenGLRenderer: Unable to match the desired swap behavior.
06-02 07:55:08.118  1607  7118 I SuperDelight: SuperDelightManager$2.onSuccess():635 bundled_delight sync success, adding to data file manager
06-02 07:55:08.118  1607  7118 I DataFileManager: DataFileManager.addDataWithoutNotify():162 data en-US already exists
06-02 07:55:08.146  1607  1943 I SP      : Scheduling job with delay of 0s for {W:b:u:l, bg}, 1 candidates
06-02 07:55:08.156  1607  1607 I KeyboardViewHelper: KeyboardViewHelper.getView():170 Get view with height ratio:1.000000
06-02 07:55:08.167  5934  6113 I FontLog : Received query Google Sans Text, URI content://com.google.android.gms.fonts [CONTEXT service_id=132 ]
06-02 07:55:08.168  1607  1943 I SP      : Scheduling: download registered, 0 started, 0 paused, 1 scheduled, 1 pending: manifests:kc_tflite_model-20220919 * {W:b:u:l, bg}
06-02 07:55:08.168  1607  1943 I SP      : GC for 'delight' (10) with ttl of 0 ms took 0 ms (0/0/0)
06-02 07:55:08.168  1607  1943 I SP      : Registering next-word-predictor.20230317, url: https://www.gstatic.com/android/keyboard/next_word_predictor/prod/superpacks-manifest-20230309_154225.json, constraints: *:*:*:*, flags: *, requested: 20230317, current: -1
06-02 07:55:08.169  1607  1943 I SuperpacksManagerImpl: SuperpacksManagerImpl$3$1.onFailure():577 kc_tflite_model.registerManifest() cancelled
06-02 07:55:08.169  1607  1943 I SuperpacksManagerImpl: SuperpacksManagerImpl$3$1.onFailure():577 kc_tflite_model.registerManifest() cancelled
06-02 07:55:08.169  1607  7119 I AbstractSyncResultCallback: AbstractSyncResultCallback.onFailure():36 onFailure(): delight.sync cancelled; expected if new request supersedes pending one.
06-02 07:55:08.169  1607  1943 I AbstractSyncResultCallback: AbstractSyncResultCallback.onFailure():36 onFailure(): delight.sync cancelled; expected if new request supersedes pending one.
06-02 07:55:08.169  1607  1955 I CrankEngineLocales: CrankEngineLocales.getLocaleToUseForCrankEngine():66 Using locale en_US for emoji prediction
06-02 07:55:08.170  1607  1955 I CrankEngineLocales: CrankEngineLocales.getLocaleToUseForCrankEngine():66 Using locale en_US for emoji prediction
06-02 07:55:08.173  5934  6113 I FontLog : Query [Google Sans Text] resolved to {Google Sans Text, wdth 100.0, wght 400, ital 0.0, bestEffort false} [CONTEXT service_id=132 ]
06-02 07:55:08.174  1607  1943 I SP      : Sync for bundled_delight succeeded in 248 ms: no changes
06-02 07:55:08.175  1607  1943 I SP      : Requesting download of URL https://www.gstatic.com/android/keyboard/next_word_predictor/prod/superpacks-manifest-20230309_154225.json to next-word-predictor-20230317.fetched (constraints: m:b:u:l)
06-02 07:55:08.175  1607  7119 I SuperDelight: SuperDelightManager$2.onSuccess():635 delight sync success, adding to data file manager
06-02 07:55:08.175  1607  7119 I DataFileManager: DataFileManager.addDataWithoutNotify():162 data en-840 already exists
06-02 07:55:08.176  1607  7119 I DataFileManager: DataFileManager.addDataWithoutNotify():162 data en-US already exists
06-02 07:55:08.180  5934  6113 I FontLog : Font PFD returned from cache for {Google Sans Text, wdth 100.0, wght 400, ital 0.0, bestEffort false} [CONTEXT service_id=132 ]
06-02 07:55:08.180  5934  6113 I FontLog : Fetch {Google Sans Text, wdth 100.0, wght 400, ital 0.0, bestEffort false} end status Status{statusCode=SUCCESS, resolution=null} [CONTEXT service_id=132 ]
06-02 07:55:08.184  5934  6113 I FontLog : Pulling font file for id = 2, cache size = 2 [CONTEXT service_id=132 ]
06-02 07:55:08.190  1607  1943 I SP      : GC for 'bundled_delight' (10) with ttl of 0 ms took 0 ms (0/0/0)
06-02 07:55:08.190  1607  1943 I LmManager: LmManager$1.onSuccess():76 Bundled delight sync success
06-02 07:55:08.191  1607  1943 I SP      : Registering expressive_concepts_triggering.2022062400, url: https://www.gstatic.com/android/keyboard/modelpack/expressive_concepts_triggering/2022062400/superpacks_manifest.json, constraints: *:*:*:*, flags: *, requested: 2022062400, current: -1
06-02 07:55:08.191  1607  1943 I SuperDelight: SuperDelightMergingStrategy.merge():55 SuperDelightMergingStrategy#merge(): selected[[main_en_840_2022102600_1, main_en_us_2022101700_1]] synced[[main_en_840_2022102600_1]]
06-02 07:55:08.193  1607  7118 I SuperDelight: SuperDelightManager$2.onSuccess():635 bundled_delight sync success, adding to data file manager
06-02 07:55:08.194  1607  7118 I DataFileManager: DataFileManager.addDataWithoutNotify():162 data en-US already exists
06-02 07:55:08.194  1607  1943 I SP      : Sync for delight succeeded in 134 ms: no changes
06-02 07:55:08.196  5934  6113 I FontLog : Received query Google Sans Text, URI content://com.google.android.gms.fonts [CONTEXT service_id=132 ]
06-02 07:55:08.196  5934  6113 I FontLog : Query [Google Sans Text] resolved to {Google Sans Text, wdth 100.0, wght 400, ital 0.0, bestEffort false} [CONTEXT service_id=132 ]
06-02 07:55:08.196  5934  6113 I FontLog : Font PFD returned from cache for {Google Sans Text, wdth 100.0, wght 400, ital 0.0, bestEffort false} [CONTEXT service_id=132 ]
06-02 07:55:08.196  5934  6113 I FontLog : Fetch {Google Sans Text, wdth 100.0, wght 400, ital 0.0, bestEffort false} end status Status{statusCode=SUCCESS, resolution=null} [CONTEXT service_id=132 ]
06-02 07:55:08.202  5934  6113 I FontLog : Pulling font file for id = 3, cache size = 3 [CONTEXT service_id=132 ]
06-02 07:55:08.210   352  7246 I resolv  : GetAddrInfoHandler::run: {100 100 100 983140 10153 0}
06-02 07:55:08.211  1607  2340 E native  : E0000 00:00:1717311308.202815    2340 scoped-file.cc:106] open() failed for /data/user/0/com.google.android.inputmethod.latin/files/personal/adapt_state.en.dat: No such file or directory [2]
06-02 07:55:08.212   352  7247 I resolv  : res_nmkquery: (QUERY, IN, AAAA)
06-02 07:55:08.212   352  7247 I resolv  : resolv_cache_lookup: FOUND IN CACHE entry=0xb40000795ad60410
06-02 07:55:08.212   352  7247 I resolv  : doQuery: rcode=0, ancount=1, return value=468
06-02 07:55:08.213   352  7248 I resolv  : res_nmkquery: (QUERY, IN, A)
06-02 07:55:08.213  1607  1943 I SP      : GC for 'delight' (10) with ttl of 0 ms took 0 ms (0/0/0)
06-02 07:55:08.213  1607  1943 I SP      : Requesting download of URL https://www.gstatic.com/android/keyboard/modelpack/expressive_concepts_triggering/2022062400/superpacks_manifest.json to expressive_concepts_triggering-2022062400.fetched (constraints: m:b:u:l)
06-02 07:55:08.214   352  7248 I resolv  : res_tls_send: TLS query result: 0
06-02 07:55:08.214   352  7248 I resolv  : doQuery: rcode=0, ancount=1, return value=468
06-02 07:55:08.217  1607  2340 I Delight5Decoder: Delight5DecoderWrapper.loadLanguageModel():671 Loaded main LM 1.en
06-02 07:55:08.217  1607  2340 I Delight5Decoder: Delight5DecoderWrapper.loadLanguageModel():649 loadLanguageModel() : 7, version [n/a]
06-02 07:55:08.217  1607  2340 I native  : I0000 00:00:1717311308.217316    2340 blocklist-assembly.cc:121] LoadBlocklist en
06-02 07:55:08.217  1607  2340 E native  : E0000 00:00:1717311308.217348    2340 scoped-file.cc:106] open() failed for /data/user/0/com.google.android.inputmethod.latin/files/personal/blacklist.en_us.list: No such file or directory [2]
06-02 07:55:08.217  1607  2340 I native  : I0000 00:00:1717311308.217356    2340 blocklist.cc:224] No blocklist file for a language. (This is OK if the language is loaded for the first time.) /data/user/0/com.google.android.inputmethod.latin/files/personal/blacklist.en_us.list
06-02 07:55:08.217  1607  2340 E native  : E0000 00:00:1717311308.217361    2340 android-decoder-jni.cc:476] Failed to load dynamic LM from /data/user/0/com.google.android.inputmethod.latin/files/personal/blacklist.en_us.list
06-02 07:55:08.217  1607  2340 W Delight5Decoder: Delight5DecoderWrapper.loadLanguageModel():697 Failed to load dynamic LM 7.en
06-02 07:55:08.217  1607  2340 I Delight5Decoder: Delight5DecoderWrapper.loadLanguageModel():649 loadLanguageModel() : 4, version [n/a]
06-02 07:55:08.220  1607  7244 D TrafficStats: tagSocket(5) with statsTag=0xffffffff, statsUid=-1
06-02 07:55:08.232  1607  7119 I SuperDelight: SuperDelightManager$2.onSuccess():635 delight sync success, adding to data file manager
06-02 07:55:08.236  1607  1607 I KeyboardViewUtil: KeyboardViewUtil.calculateMaxKeyboardBodyHeight():40 leave 110 height for app when screen height:640, header height:38 and isFullscreenMode:false, so the max keyboard body height is:492
06-02 07:55:08.239  1607  1607 I SoftKeyboardView: SoftKeyboardView.setMaxHeight():731 Set max keyboard height:492.
06-02 07:55:08.242  1607  7119 I DataFileManager: DataFileManager.addDataWithoutNotify():162 data en-840 already exists
06-02 07:55:08.242  1607  7119 I DataFileManager: DataFileManager.addDataWithoutNotify():162 data en-US already exists
06-02 07:55:08.244  1607  2340 I Delight5Decoder: Delight5DecoderWrapper.loadLanguageModel():690 Loaded dynamic LM 4.en
06-02 07:55:08.248  1607  1607 I DeviceModeUtil: DeviceModeUtil.getDeviceMode():122 Get device mode phone by ui mode:1 and smallestScreenWidthDp:320
06-02 07:55:08.248  1607  1607 I GoogleInputMethodService: GoogleInputMethodService.setKeyboardViewShown():3483 setKeyboardViewShown() : type = HEADER, shownType = SHOW_OPTIONAL
06-02 07:55:08.248  1607  1607 I GoogleInputMethodService: GoogleInputMethodService.setKeyboardViewShown():3530 setKeyboardViewShown() : shouldShow = true
06-02 07:55:08.249  1607  1607 I GoogleInputMethodService: GoogleInputMethodService.setKeyboardViewShown():3483 setKeyboardViewShown() : type = BODY, shownType = SHOW_MANDATORY
06-02 07:55:08.251  1607  1607 I GoogleInputMethodService: GoogleInputMethodService.setKeyboardViewShown():3530 setKeyboardViewShown() : shouldShow = true
06-02 07:55:08.251  1607  1607 I GoogleInputMethodService: GoogleInputMethodService.setKeyboardViewShown():3483 setKeyboardViewShown() : type = FLOATING_CANDIDATES, shownType = HIDE
06-02 07:55:08.252  1607  1607 I GoogleInputMethodService: GoogleInputMethodService.setKeyboardViewShown():3530 setKeyboardViewShown() : shouldShow = false
06-02 07:55:08.253  1607  1607 I DeviceModeUtil: DeviceModeUtil.getDeviceMode():122 Get device mode phone by ui mode:1 and smallestScreenWidthDp:320
06-02 07:55:08.255  1607  1607 I DeviceModeUtil: DeviceModeUtil.getDeviceMode():122 Get device mode phone by ui mode:1 and smallestScreenWidthDp:320
06-02 07:55:08.257  1607  1607 I DeviceModeUtil: DeviceModeUtil.getDeviceMode():122 Get device mode phone by ui mode:1 and smallestScreenWidthDp:320
06-02 07:55:08.257  1607  2340 I Delight5Decoder: Delight5DecoderWrapper.loadLanguageModel():649 loadLanguageModel() : 3, version [n/a]
06-02 07:55:08.257  1607  2340 W native  : W0000 00:00:1717311308.257823    2340 dynamic-lm.cc:768] Cannot load dynamic lm from /data/user/0/com.google.android.inputmethod.latin/files/personal/userhistory/UserHistory.en_US.dict, openBuffer failed.
06-02 07:55:08.257  1607  2340 I Delight5Decoder: Delight5DecoderWrapper.loadLanguageModel():690 Loaded dynamic LM 3.en
06-02 07:55:08.258  1607  1607 I KeyboardViewUtil: KeyboardViewUtil.calculateMaxKeyboardBodyHeight():40 leave 110 height for app when screen height:640, header height:38 and isFullscreenMode:false, so the max keyboard body height is:492
06-02 07:55:08.260  1607  1607 I DeviceModeUtil: DeviceModeUtil.getDeviceMode():122 Get device mode phone by ui mode:1 and smallestScreenWidthDp:320
06-02 07:55:08.264  5934  6113 I FontLog : Received query Google Sans Text:500, URI content://com.google.android.gms.fonts [CONTEXT service_id=132 ]
06-02 07:55:08.266  5934  6113 I FontLog : Query [Google Sans Text:500] resolved to {Google Sans Text, wdth 100.0, wght 500, ital 0.0, bestEffort false} [CONTEXT service_id=132 ]
06-02 07:55:08.274  5934  6113 I FontLog : Font PFD returned from cache for {Google Sans Text, wdth 100.0, wght 500, ital 0.0, bestEffort false} [CONTEXT service_id=132 ]
06-02 07:55:08.274  5934  6113 I FontLog : Fetch {Google Sans Text, wdth 100.0, wght 500, ital 0.0, bestEffort false} end status Status{statusCode=SUCCESS, resolution=null} [CONTEXT service_id=132 ]
06-02 07:55:08.280  1109  1435 D BtGatt.ScanManager: uid 10129 isForeground true scanMode -1
06-02 07:55:08.280  1109  1435 D BtGatt.ScanManager: uid 10129 isForeground true scanMode -1
06-02 07:55:08.289  5934  5934 W AutofillChimeraService: Pending fill request while another request in the same session was triggered. [CONTEXT service_id=177 ]
06-02 07:55:08.290  5934  6113 I FontLog : Pulling font file for id = 4, cache size = 4 [CONTEXT service_id=132 ]
06-02 07:55:08.354  1607  1607 I AndroidIME: KeyboardViewManager.updateKeyboardBackgroundFrameVisibility():357 Set background frame visibility. old:8, new:8
06-02 07:55:08.378  5979  5979 D BoundBrokerSvc: onBind: Intent { act=com.google.android.gms.common.BIND_SHARED_PREFS pkg=com.google.android.gms }
06-02 07:55:08.378  5979  5979 D BoundBrokerSvc: Loading bound service for intent: Intent { act=com.google.android.gms.common.BIND_SHARED_PREFS pkg=com.google.android.gms }
06-02 07:55:08.386  5979  5979 D BoundBrokerSvc: onUnbind: Intent { act=com.google.android.gms.common.BIND_SHARED_PREFS pkg=com.google.android.gms }
06-02 07:55:08.388  5979  5979 D BoundBrokerSvc: onBind: Intent { act=com.google.android.gms.common.BIND_SHARED_PREFS pkg=com.google.android.gms }
06-02 07:55:08.388  5979  5979 D BoundBrokerSvc: Loading bound service for intent: Intent { act=com.google.android.gms.common.BIND_SHARED_PREFS pkg=com.google.android.gms }
06-02 07:55:08.397  5979  5979 D BoundBrokerSvc: onUnbind: Intent { act=com.google.android.gms.common.BIND_SHARED_PREFS pkg=com.google.android.gms }
06-02 07:55:08.411  1607  1955 I CrankEngineLocales: CrankEngineLocales.getLocaleToUseForCrankEngine():66 Using locale en_US for emoji prediction
06-02 07:55:08.432  5979  5979 D BoundBrokerSvc: onBind: Intent { act=com.google.android.mdd.service.START dat=chimera-action:/... cmp=com.google.android.gms/.chimera.GmsBoundBrokerService }
06-02 07:55:08.432  5979  5979 D BoundBrokerSvc: Loading bound service for intent: Intent { act=com.google.android.mdd.service.START dat=chimera-action:/... cmp=com.google.android.gms/.chimera.GmsBoundBrokerService }
06-02 07:55:08.465  1607  1943 I SP      : Successfully got manifest for next-word-predictor-manifest: manifests:next-word-predictor-20230317
06-02 07:55:08.466  1607  1955 I CrankEngineLocales: CrankEngineLocales.getLocaleToUseForCrankEngine():66 Using locale en_US for emoji prediction
06-02 07:55:08.467  1607  1955 I Delight5Facilitator: ContactsLanguageModelLoader.call():35 Running contacts language model loader
06-02 07:55:08.468  1607  1955 I Delight5Facilitator: ContactsLanguageModelLoader.call():47 Contacts language model is unloaded: preferences=false, deviceLocked=false
06-02 07:55:08.468  1607  1955 I MainLanguageModelLoader: MainLanguageModelLoader.call():145 Running LM loader for [en_US]
06-02 07:55:08.468  1607  1955 I DelightDataFileManagerLanguageModelProvider: DelightDataFileManagerLanguageModelProvider.fetchLanguageModel():73 find data en-840 delight
06-02 07:55:08.469  1607  1955 I LmManager: LmManager.asyncUpdateEnabledLanguageModels():90 asyncUpdateEnabledLanguageModels()
06-02 07:55:08.469  1607  1955 I SuperDelight: SuperDelightManager.initializeDelightSuperpacks():340 initializeDelightSuperpacks()
06-02 07:55:08.470  1607  1955 I SuperDelight: SuperDelightManager.getDelightMetadataUriAndVersion():1011 getDelightMetadataUriAndVersion(): Phenotype : 2023020919 : https://www.gstatic.com/android/keyboard/dictionarypack/Omei-normal/metadata.json
06-02 07:55:08.470  1607  1955 I SuperDelight: SuperDelightAppsSuperpacksManager.initializeDelightAppsSuperpacks():92 initializeDelightAppsSuperpacks()
06-02 07:55:08.470  1607  1955 I SuperDelight: SuperDelightManager.initializeOverridesSuperpacks():402 initializeOverridesSuperpacks()
06-02 07:55:08.470  1607  1955 I DelightDataFileManagerLanguageModelProvider: DelightDataFileManagerLanguageModelProvider.fetchLanguageModel():73 find data en-US delight
06-02 07:55:08.471  1607  1955 I LmManager: LmManager.asyncUpdateEnabledLanguageModels():90 asyncUpdateEnabledLanguageModels()
06-02 07:55:08.471  1607  1955 I SuperDelight: SuperDelightManager.initializeDelightSuperpacks():340 initializeDelightSuperpacks()
06-02 07:55:08.471  1607  1955 I SuperDelight: SuperDelightManager.getDelightMetadataUriAndVersion():1011 getDelightMetadataUriAndVersion(): Phenotype : 2023020919 : https://www.gstatic.com/android/keyboard/dictionarypack/Omei-normal/metadata.json
06-02 07:55:08.471  1607  1955 I SuperDelight: SuperDelightAppsSuperpacksManager.initializeDelightAppsSuperpacks():92 initializeDelightAppsSuperpacks()
06-02 07:55:08.471  1607  1955 I SuperDelight: SuperDelightManager.initializeOverridesSuperpacks():402 initializeOverridesSuperpacks()
06-02 07:55:08.472  1607  2340 I Delight5Decoder: Delight5DecoderWrapper.loadLanguageModel():649 loadLanguageModel() : 1, version [2022102600]
06-02 07:55:08.472  1607  2340 I Delight5Decoder: Delight5DecoderWrapper.loadLanguageModel():657 Main LM for locale already loaded en-840-2022102600
06-02 07:55:08.472  1607  1955 I MainLanguageModelLoader: MainLanguageModelLoader.updateLmAvailableState():392 updateLmAvailableState(): locale? en_US prevState? AVAILABLE
06-02 07:55:08.472  1607  1955 I MainLanguageModelLoader: MainLanguageModelLoader.updateLmAvailableState():428 updateLmAvailableState(): locale? en_US newState? AVAILABLE
06-02 07:55:08.493  1607  1943 I SP      : Registering transformer_expression.2023012522, url: https://www.gstatic.com/android/keyboard/modelpack/transformer_expression/2023012522/superpacks_manifest.json, constraints: *:*:*:*, flags: *, requested: 2023012522, current: -1
06-02 07:55:08.493  1607  1943 I SP      : Successfully got manifest for expressive_concepts_triggering-manifest: manifests:expressive_concepts_triggering-2022062400
06-02 07:55:08.526   540   554 W ServiceManagerCppClient: Permission failure: android.permission.ROTATE_SURFACE_FLINGER from uid=10153 pid=0
06-02 07:55:08.526   540   554 D PermissionCache: checking android.permission.ROTATE_SURFACE_FLINGER for uid=10153 => denied (396 us)
06-02 07:55:08.526   540   554 W ServiceManagerCppClient: Permission failure: android.permission.INTERNAL_SYSTEM_WINDOW from uid=10153 pid=0
06-02 07:55:08.526   540   554 D PermissionCache: checking android.permission.INTERNAL_SYSTEM_WINDOW for uid=10153 => denied (43 us)
06-02 07:55:08.526   540   554 W ServiceManagerCppClient: Permission failure: android.permission.ACCESS_SURFACE_FLINGER from uid=10153 pid=0
06-02 07:55:08.526   540   554 D PermissionCache: checking android.permission.ACCESS_SURFACE_FLINGER for uid=10153 => denied (16 us)
06-02 07:55:08.530  1607  1943 I SP      : Requesting download of URL https://www.gstatic.com/android/keyboard/modelpack/transformer_expression/2023012522/superpacks_manifest.json to transformer_expression-2023012522.fetched (constraints: m:b:u:l)
06-02 07:55:08.531  1607  1943 I SP      : Syncing expressive_concepts_triggering (2022062400) with slices: [2022011819_en], metadata: false
06-02 07:55:08.531  1607  1943 I SP      : Syncing next-word-predictor (20230317) with slices: [tflite-nwp-be541314788c7304827a9710c3ac4edb], metadata: false
06-02 07:55:08.533  1616  1616 V InlineSuggestionRenderService: handleDestroySuggestionViews called for 0:397309291
06-02 07:55:08.542  5934  5942 W .gms.persistent: Cleared Reference was only reachable from finalizer (only reported once)
06-02 07:55:08.552  7080  7080 D InsetsController: show(ime(), fromIme=true)
06-02 07:55:08.557  1607  1635 I putmethod.latin: Background young concurrent copying GC freed 195846(8040KB) AllocSpace objects, 96(4248KB) LOS objects, 29% free, 22MB/32MB, paused 1.426ms,13us total 272.727ms
06-02 07:55:08.586  5934  5942 I .gms.persistent: Background concurrent copying GC freed 347980(13MB) AllocSpace objects, 8(728KB) LOS objects, 50% free, 14MB/29MB, paused 55us,7us total 317.786ms
06-02 07:55:08.587  1607  1637 W SP      : File ref is being finalized but wasn't closed, file: main_en_us_2022101700_1[12]
06-02 07:55:08.588  1607  1637 W SP      : File ref is being finalized but wasn't closed, file: main_en_840_2022102600_1[8]
06-02 07:55:08.588  1607  1637 W SP      : File ref is being finalized but wasn't closed, file: main_en_us_2022101700_1[12]
06-02 07:55:08.588  1607  1637 W SP      : File ref is being finalized but wasn't closed, file: main_en_840_2022102600_1[8]
06-02 07:55:08.588  1607  1637 W SP      : File ref is being finalized but wasn't closed, file: 2023011913_en[3]
06-02 07:55:08.588  1607  1637 W SP      : File ref is being finalized but wasn't closed, file: 2023011913_en[3]
06-02 07:55:08.588  1607  1637 W SP      : File ref is being finalized but wasn't closed, file: main_en_us_2022051700_2[8]
06-02 07:55:08.588  1607  1637 W SP      : File ref is being finalized but wasn't closed, file: main_en_us_2022051700_2[8]
06-02 07:55:08.588  1607  1637 W SP      : File ref is being finalized but wasn't closed, file: main_en_us_2022101700_1[12]
06-02 07:55:08.588  1607  1637 W SP      : File ref is being finalized but wasn't closed, file: main_en_840_2022102600_1[8]
06-02 07:55:08.588  1607  1637 W SP      : File ref is being finalized but wasn't closed, file: main_en_us_2022101700_1[12]
06-02 07:55:08.588  1607  1637 W SP      : File ref is being finalized but wasn't closed, file: main_en_840_2022102600_1[8]
06-02 07:55:08.588  1607  1637 W SP      : File ref is being finalized but wasn't closed, file: main_en_us_2022051700_2[8]
06-02 07:55:08.588  1607  1637 W SP      : File ref is being finalized but wasn't closed, file: main_en_us_2022051700_2[8]
06-02 07:55:08.588  1607  1637 W SP      : File ref is being finalized but wasn't closed, file: main_en_us_2022051700_2[8]
06-02 07:55:08.588  1607  1637 W SP      : File ref is being finalized but wasn't closed, file: main_en_us_2022051700_2[8]
06-02 07:55:08.588  1607  1637 W SP      : File ref is being finalized but wasn't closed, file: main_en_us_2022101700_1[12]
06-02 07:55:08.588  1607  1637 W SP      : File ref is being finalized but wasn't closed, file: main_en_840_2022102600_1[8]
06-02 07:55:08.588  1607  1637 W SP      : File ref is being finalized but wasn't closed, file: main_en_us_2022101700_1[12]
06-02 07:55:08.588  1607  1637 W SP      : File ref is being finalized but wasn't closed, file: main_en_840_2022102600_1[8]
06-02 07:55:08.592  1607  1607 I DeviceModeUtil: DeviceModeUtil.getDeviceMode():122 Get device mode phone by ui mode:1 and smallestScreenWidthDp:320
06-02 07:55:08.605  1607  1607 I DeviceModeUtil: DeviceModeUtil.getDeviceMode():122 Get device mode phone by ui mode:1 and smallestScreenWidthDp:320
06-02 07:55:08.606  5934  5944 W System  : A resource failed to call close.
06-02 07:55:08.609  1607  1607 I NormalModeController: NormalModeController.getKeyboardBodyViewHolderPaddingBottom():116 currentPrimeKeyboardType:SOFT systemPaddingBottom:-1
06-02 07:55:08.613  1607  1814 I LstmExtension: LstmExtension.onCreate():110 onCreate(): Finished in 0 ms
06-02 07:55:08.613  1607  7242 W JobInfoUtil: JobInfoUtil.setJobInfo():56 The max execution delay will be ignored for periodic task: daily_ping_task
06-02 07:55:08.616  1607  7242 I JobSchedulerImpl: JobSchedulerImpl.schedule():91 Schedule task: daily_ping_task (id=-1305128564). Success.
06-02 07:55:08.622  1607  1607 I AndroidIME: KeyboardViewManager.saveKeyboardBottomGap():282 realScreenHeight: 0 screenHeightInInches: 4.000000
06-02 07:55:08.622  1607  1607 I AndroidIME: keyboardHolderHeight: 235 navigationHeight: 0
06-02 07:55:08.622  1607  1607 I AndroidIME: getKeyboardBodyViewHolderPaddingBottom(): 0 getKeyboardBottomGapFromScreen(): 0
06-02 07:55:08.622  1607  1607 I AndroidIME: keyboardBottomGap: 0 bodyViewHolderBottomPadding: 0
06-02 07:55:08.622  1607  1607 I AndroidIME: decorViewStableInsetBottom: 0 updated: true
06-02 07:55:08.625  1607  1814 I NormalModeController: NormalModeController.getKeyboardBodyViewHolderPaddingBottom():116 currentPrimeKeyboardType:SOFT systemPaddingBottom:-1
06-02 07:55:08.630  1607  1607 W AndroidSpellCheckerService: AndroidSpellCheckerService.initialize():82 initialize...
06-02 07:55:08.630  1607  1607 I ShortcutsDataManager: ShortcutsDataManager.onContentChanged():70 onContentChanged()
06-02 07:55:08.630  1607  1607 I ContactsDataManager: ContactsDataManager.onContentChanged():156 onContentChanged()
06-02 07:55:08.630  1607  1607 W AndroidSpellCheckerService: AndroidSpellCheckerService.initialize():94 initialize...done
06-02 07:55:08.642  1607  1607 I SpBackgroundTask: SuperpacksBackgroundJobService.onStartJob():23 onStartJob: android.app.job.JobParameters@491d320
06-02 07:55:08.643  1607  1607 I SP      : ====> Starting job {W:b:u:l, bg}
06-02 07:55:08.645  1607  1607 I LstmExtension: LstmExtension.onCreateServiceInternal():120 onCreateServiceInternal()
06-02 07:55:08.645  1607  1607 I LstmExtension: LstmExtension.onCreateServiceInternal():127 onCreateServiceInternal(): Finished in 0 ms
06-02 07:55:08.646  5934  6509 I FontLog : Received query Noto Color Emoji Compat, URI content://com.google.android.gms.fonts [CONTEXT service_id=132 ]
06-02 07:55:08.646  5934  6509 I FontLog : Query [Noto Color Emoji Compat] resolved to {Noto Color Emoji Compat, wdth 100.0, wght 400, ital 0.0, bestEffort false} [CONTEXT service_id=132 ]
06-02 07:55:08.647  5934  6509 I FontLog : Fetch {Noto Color Emoji Compat, wdth 100.0, wght 400, ital 0.0, bestEffort false} end status Status{statusCode=SUCCESS, resolution=null} [CONTEXT service_id=132 ]
06-02 07:55:08.654  5934  6509 I FontLog : Pulling font file for id = 5, cache size = 5 [CONTEXT service_id=132 ]
06-02 07:55:08.660  5934  6509 I FontLog : Pulling font file for id = 5, cache size = 5 [CONTEXT service_id=132 ]
06-02 07:55:08.667  1607  7119 I SuperDelight: SuperDelightManager.initializeBundledDelightSuperpacks():376 initializeBundledDelightSuperpacks()
06-02 07:55:08.667  1607  7119 I SuperDelight: SuperDelightManager.initializeBundledDelightSuperpacks():376 initializeBundledDelightSuperpacks()
06-02 07:55:08.667  1607  7119 I SuperDelight: SuperDelightManager.lambda$registerAndUpgradeSuperpacks$5():476 SuperDelightManager#registerAndUpgradeSuperpacks(delight): current 2023020919, required 2023020919
06-02 07:55:08.667  1607  7119 I SuperDelight: SuperDelightManager.lambda$registerAndUpgradeSuperpacks$5():476 SuperDelightManager#registerAndUpgradeSuperpacks(delight): current 2023020919, required 2023020919
06-02 07:55:08.667  1607  7119 I SuperDelight: SuperDelightManager.lambda$syncOverridesLanguageModels$14():689 SuperDelightManager#syncOverridesLanguageModels(): Superpack delight_overrides not found or negative version provided
06-02 07:55:08.667  1607  7119 I SuperDelight: SuperDelightManager.lambda$syncOverridesLanguageModels$14():689 SuperDelightManager#syncOverridesLanguageModels(): Superpack delight_overrides not found or negative version provided
06-02 07:55:08.672  1607  2340 I Delight5Decoder: Delight5DecoderWrapper.setKeyboardLayout():457 setKeyboardLayout()
06-02 07:55:08.673  1607  2340 I Delight5Decoder: Delight5DecoderWrapper.setKeyboardLayout():457 setKeyboardLayout()
06-02 07:55:08.695  1607  1943 I SP      : Scheduling job with delay of 0s for {m:b:u:l, bg}, 1 candidates
06-02 07:55:08.698  1607  1943 I SP      : Scheduling job with delay of 0s for {W:b:u:l, bg}, 1 candidates
06-02 07:55:08.704  1607  1607 I SpBackgroundTask: SuperpacksBackgroundJobService.onStartJob():23 onStartJob: android.app.job.JobParameters@acb584b
06-02 07:55:08.704  1607  1607 I SP      : ====> Starting job {m:b:u:l, bg}
