06-02 07:58:26.372  1863  1863 E A       : Caused by: com.google.android.apps.gsa.shared.speech.a.o: errorCode: 65586, engine: 2
06-02 07:58:26.372  1863  1863 E A       : 	... 15 more
06-02 07:58:26.372  1863  1863 E A       : Caused by: com.google.android.apps.gsa.shared.speech.a.k: errorCode: 401, engine: 2
06-02 07:58:26.372  1863  1863 E A       : 	at com.google.android.apps.gsa.assistant.shared.n.h.a(PG:5)
06-02 07:58:26.372  1863  1863 E A       : 	at com.google.android.apps.gsa.s3.producers.j.hh(PG:2)
06-02 07:58:26.372  1863  1863 E A       : 	at com.google.android.apps.gsa.speech.k.a.g.d(PG:16)
06-02 07:58:26.372  1863  1863 E A       : 	... 12 more
06-02 07:58:26.376  1863  4380 I NetworkRecognitionRnr: Using pair HTTP connection
06-02 07:58:26.377  1863  2424 I A       : [Upload] Connected
06-02 07:58:26.379  1863  1863 W A       : Failed to sync device settings.
06-02 07:58:26.379  1863  1863 I A       : Retrying to sync device settings.
06-02 07:58:26.391   352  7302 I resolv  : GetAddrInfoHandler::run: {100 262244 100 983140 10131 0}
06-02 07:58:26.393   352  7304 I resolv  : res_nmkquery: (QUERY, IN, AAAA)
06-02 07:58:26.393   352  7305 I resolv  : res_nmkquery: (QUERY, IN, A)
06-02 07:58:26.394   352  7305 I resolv  : resolv_cache_lookup: FOUND IN CACHE entry=0xb40000795ad645b0
06-02 07:58:26.394   352  7305 I resolv  : doQuery: rcode=0, ancount=6, return value=468
06-02 07:58:26.394   352  7304 I resolv  : resolv_cache_lookup: FOUND IN CACHE entry=0xb40000795ad60730
06-02 07:58:26.394   352  7304 I resolv  : doQuery: rcode=0, ancount=4, return value=468
06-02 07:58:26.954   904   904 D StatusBarIconController: ignoring old pipeline callbacks, because the new mobile icons are enabled
06-02 07:58:26.980  1139  1139 D CarrierSvcBindHelper: onPackageModified: info.mqtt.android.extsample
06-02 07:58:26.983  1139  1139 D CarrierSvcBindHelper: No carrier app for: 0
06-02 07:58:26.987  1109  1109 V MediaPlayerList: mPackageChangedBroadcastReceiver: action: android.intent.action.PACKAGE_CHANGED
06-02 07:58:26.991  1109  1109 V MediaPlayerList: mPackageChangedBroadcastReceiver: action: android.intent.action.PACKAGE_CHANGED
06-02 07:58:26.999   540   643 I InputReader: Reconfiguring input devices, changes=KEYBOARD_LAYOUTS
06-02 07:58:26.999  1139  1421 D ImsResolver: maybeAddedImsService, packageName: info.mqtt.android.extsample
06-02 07:58:27.000   904   904 D ControlsListingControllerImpl: ServiceConfig reloaded, count: 0
06-02 07:58:27.013   907  1108 I PermissionControllerServiceImpl: Updating user sensitive for uid 10194
06-02 07:58:27.014   904   987 D StylusManager: Stylus InputDevice changed: 13 virtio_input_multi_touch_11
06-02 07:58:27.015   904   987 D StylusManager: Stylus InputDevice changed: 12 virtio_input_multi_touch_10
06-02 07:58:27.015   904   987 D StylusManager: Stylus InputDevice changed: 11 virtio_input_multi_touch_9
06-02 07:58:27.016   904   987 D StylusManager: Stylus InputDevice changed: 10 virtio_input_multi_touch_8
06-02 07:58:27.016   904   987 D StylusManager: Stylus InputDevice changed: 5 virtio_input_multi_touch_3
06-02 07:58:27.016   904   987 D StylusManager: Stylus InputDevice changed: 6 virtio_input_multi_touch_4
06-02 07:58:27.016   904   987 D StylusManager: Stylus InputDevice changed: 9 virtio_input_multi_touch_7
06-02 07:58:27.016   904   987 D StylusManager: Stylus InputDevice changed: 8 virtio_input_multi_touch_6
06-02 07:58:27.017   904   987 D StylusManager: Stylus InputDevice changed: 4 virtio_input_multi_touch_2
06-02 07:58:27.017   904   987 D StylusManager: Stylus InputDevice changed: 3 virtio_input_multi_touch_1
06-02 07:58:27.018   904   987 D StylusManager: Stylus InputDevice changed: 7 virtio_input_multi_touch_5
06-02 07:58:27.059  1705  1705 I AiAiEcho: AppFetcherImpl onPackageChanged info.mqtt.android.extsample.
06-02 07:58:27.078  1705  7306 I AiAiEcho: AppIndexer Package:[info.mqtt.android.extsample] UserProfile:[0] Enabled:[true].
06-02 07:58:27.078  1705  7306 I AiAiEcho: AppFetcherImplV2 updateApps package:[info.mqtt.android.extsample], userId:[0], reason:[package is updated.].
06-02 07:58:27.112  7080  7102 I (ExtendedPublishSleepTest.kt:87): .connectWaitAndPublish(): wait 428 seconds
06-02 07:58:27.112  7080  7102 I (ExtendedPublishSleepTest.kt:87): .connectWaitAndPublish(): wait 428 seconds
06-02 07:58:27.509  5934  7310 I Fitness : OnPackageChangedOperation got intent: Intent { act=android.intent.action.PACKAGE_CHANGED dat=package: flg=0x45000010 pkg=com.google.android.gms cmp=com.google.android.gms/.chimera.PersistentIntentOperationService (has extras) } [CONTEXT service_id=17 ]
06-02 07:58:27.519  5934  7309 I Fitness : FitCleanupIntentOperation received Intent android.intent.action.PACKAGE_CHANGED [CONTEXT service_id=17 ]
06-02 07:58:27.537  5934  5966 W ChimeraUtils: Module com.google.android.gms.nearby_en missing resource null(0)
06-02 07:58:27.540  5979  6050 I Icing   : IndexChimeraService.getServiceInterface callingPackage=com.google.android.gms componentName=AppsCorpus serviceId=36
06-02 07:58:27.541  5934  5966 W ChimeraUtils: Module com.google.android.gms.nearby_en missing resource null(0)
06-02 07:58:27.541  5979  5979 D BoundBrokerSvc: onBind: Intent { act=com.google.android.gms.feedback.internal.IFeedbackService dat=chimera-action:/... cmp=com.google.android.gms/.chimera.GmsBoundBrokerService }
06-02 07:58:27.541  5979  5979 D BoundBrokerSvc: Loading bound service for intent: Intent { act=com.google.android.gms.feedback.internal.IFeedbackService dat=chimera-action:/... cmp=com.google.android.gms/.chimera.GmsBoundBrokerService }
06-02 07:58:27.557  5979  6050 I Icing   : IndexChimeraService.getServiceInterface callingPackage=com.google.android.gms componentName=null serviceId=30
06-02 07:58:27.575  5979  6047 I Icing   : Usage reports ok 2, Failed Usage reports 0, indexed 0, rejected 0
06-02 07:58:27.592  5979  6047 I Icing   : Usage reports ok 0, Failed Usage reports 0, indexed 0, rejected 0
06-02 07:58:27.592  5979  6047 I Icing   : Indexing com.google.android.gms-apps from com.google.android.gms
06-02 07:58:27.597  5979  6047 I Icing   : Indexing done com.google.android.gms-apps
06-02 07:58:28.119  7080  7102 I (ExtendedPublishSleepTest.kt:87): .connectWaitAndPublish(): wait 427 seconds
06-02 07:58:28.120  7080  7102 I (ExtendedPublishSleepTest.kt:87): .connectWaitAndPublish(): wait 427 seconds
06-02 07:58:28.392   540  2890 D ConnectivityService: requestNetwork for uid/pid:10131/1863 activeRequest: null callbackRequest: 150 [NetworkRequest [ REQUEST id=150, [ Transports: CELLULAR Capabilities: INTERNET&NOT_RESTRICTED&TRUSTED&NOT_VPN&NOT_VCN_MANAGED Uid: 10131 RequestorUid: 10131 RequestorPkg: com.google.android.googlequicksearchbox UnderlyingNetworks: Null] ]] callback flags: 0 order: 2147483647
06-02 07:58:28.411   352   440 I netd    : networkSetPermissionForNetwork(101, 0) <14.81ms>
06-02 07:58:28.421   540   830 D ConnectivityService: NetReassign [150 : null  101] [c 1] [a 25] [i 3]
06-02 07:58:28.421   540   830 D ConnectivityService: reportNetworkConnectivity(100, false) by 10131
06-02 07:58:28.421  1080  3229 D NetworkMonitor/100: Forcing reevaluation for UID 10131. Dns signal count: 0
06-02 07:58:28.426  1080  7321 D TrafficStats: tagSocket(5) with statsTag=0xffffff81, statsUid=-1
06-02 07:58:28.427  1080  7322 D TrafficStats: tagSocket(67) with statsTag=0xffffff81, statsUid=-1
06-02 07:58:28.430  1080  7322 D TrafficStats: tagSocket(67) with statsTag=0xffffff81, statsUid=-1
06-02 07:58:28.430  1080  7321 D TrafficStats: tagSocket(104) with statsTag=0xffffff81, statsUid=-1
06-02 07:58:28.431   352  7323 I resolv  : ResNSendHandler::run: 0 / {100 983140 100 983140 1073 1}
06-02 07:58:28.432   352  7324 I resolv  : ResNSendHandler::run: 0 / {100 983140 100 983140 1073 1}
06-02 07:58:28.433   352  7325 I resolv  : ResNSendHandler::run: 0 / {100 983140 100 983140 1073 1}
06-02 07:58:28.434   352  7326 I resolv  : ResNSendHandler::run: 0 / {100 983140 100 983140 1073 1}
06-02 07:58:28.435   352  7326 I resolv  : resolv_cache_lookup: FOUND IN CACHE entry=0xb40000791ad55490
06-02 07:58:28.446   352  7324 I resolv  : res_nsend: used send_dg 144 terrno: 0
06-02 07:58:28.448  1080  1080 D TrafficStats: tagSocket(5) with statsTag=0xffffffff, statsUid=-1
06-02 07:58:28.448  1080  1080 D TrafficStats: tagSocket(5) with statsTag=0xffffffff, statsUid=-1
06-02 07:58:28.449  1080  1080 D TrafficStats: tagSocket(5) with statsTag=0xffffffff, statsUid=-1
06-02 07:58:28.450  1080  1080 D TrafficStats: tagSocket(5) with statsTag=0xffffffff, statsUid=-1
06-02 07:58:28.450  1080  1080 D TrafficStats: tagSocket(5) with statsTag=0xffffffff, statsUid=-1
06-02 07:58:28.451  1080  1080 D TrafficStats: tagSocket(5) with statsTag=0xffffffff, statsUid=-1
06-02 07:58:28.452  1080  1080 D TrafficStats: tagSocket(5) with statsTag=0xffffffff, statsUid=-1
06-02 07:58:28.452  1080  1080 D TrafficStats: tagSocket(5) with statsTag=0xffffffff, statsUid=-1
06-02 07:58:28.453  1080  1080 D TrafficStats: tagSocket(5) with statsTag=0xffffffff, statsUid=-1
06-02 07:58:28.453  1080  1080 D TrafficStats: tagSocket(5) with statsTag=0xffffffff, statsUid=-1
06-02 07:58:28.454   352  7325 I resolv  : res_nsend: used send_dg 63 terrno: 0
06-02 07:58:28.454   352  7323 I resolv  : res_nsend: used send_dg 75 terrno: 0
06-02 07:58:28.454  1080  1080 D TrafficStats: tagSocket(5) with statsTag=0xffffffff, statsUid=-1
06-02 07:58:28.454  1080  7321 D NetworkMonitor/100: PROBE_DNS www.google.com 28ms OK 172.253.116.103,172.253.116.105,172.253.116.104,172.253.116.147,172.253.116.99,172.253.116.106,2a00:1450:400b:c02::63,2a00:1450:400b:c02::6a,2a00:1450:400b:c02::93,2a00:1450:400b:c02::69
06-02 07:58:28.455  1080  1080 D TrafficStats: tagSocket(5) with statsTag=0xffffffff, statsUid=-1
06-02 07:58:28.456  1080  7322 D NetworkMonitor/100: PROBE_DNS connectivitycheck.gstatic.com 29ms OK 209.85.202.94,2a00:1450:400b:c00::5e
06-02 07:58:28.458   352  7327 I resolv  : GetAddrInfoHandler::run: {100 983140 100 983140 1073 1}
06-02 07:58:28.458   352  7328 I resolv  : GetAddrInfoHandler::run: {100 983140 100 983140 1073 1}
06-02 07:58:28.458   352  7329 I resolv  : res_nmkquery: (QUERY, IN, AAAA)
06-02 07:58:28.458   352  7329 I resolv  : resolv_cache_lookup: FOUND IN CACHE entry=0xb40000777ad54b30
06-02 07:58:28.458   352  7329 I resolv  : doQuery: rcode=0, ancount=1, return value=75
06-02 07:58:28.458   352  7330 I resolv  : res_nmkquery: (QUERY, IN, A)
06-02 07:58:28.458   352  7330 I resolv  : resolv_cache_lookup: FOUND IN CACHE entry=0xb40000777ad54430
06-02 07:58:28.458   352  7330 I resolv  : doQuery: rcode=0, ancount=1, return value=63
06-02 07:58:28.459   352  7331 I resolv  : res_nmkquery: (QUERY, IN, AAAA)
06-02 07:58:28.459   352  7331 I resolv  : resolv_cache_lookup: FOUND IN CACHE entry=0xb40000791ad5b1f0
06-02 07:58:28.459   352  7331 I resolv  : doQuery: rcode=0, ancount=4, return value=144
06-02 07:58:28.459  1080  7322 D TrafficStats: tagSocket(5) with statsTag=0xffffff81, statsUid=-1
06-02 07:58:28.460   352  7333 I resolv  : res_nmkquery: (QUERY, IN, A)
06-02 07:58:28.461   352  7333 I resolv  : resolv_cache_lookup: FOUND IN CACHE entry=0xb40000791ad55490
06-02 07:58:28.461   352  7333 I resolv  : doQuery: rcode=0, ancount=6, return value=128
06-02 07:58:28.461  1080  7321 D TrafficStats: tagSocket(67) with statsTag=0xffffff81, statsUid=-1
06-02 07:58:28.463  1080  7322 D NetworkMonitor/100: PROBE_HTTP http://connectivitycheck.gstatic.com/generate_204 time=6ms ret=204 request={Connection=[close], User-Agent=[Mozilla/5.0 (X11; Linux x86_64) AppleWebKit/537.36 (KHTML, like Gecko) Chrome/60.0.3112.32 Safari/537.36]} headers={null=[HTTP/1.1 204 No Content], Connection=[close], Content-Length=[0], Cross-Origin-Resource-Policy=[cross-origin], Date=[Sun, 02 Jun 2024 06:58:29 GMT], X-Android-Received-Millis=[1717311508463], X-Android-Response-Source=[NETWORK 204], X-Android-Selected-Protocol=[http/1.1], X-Android-Sent-Millis=[1717311508462]}
06-02 07:58:28.477  1080  7321 D NetworkMonitor/100: PROBE_HTTPS https://www.google.com/generate_204 time=20ms ret=204 request={Connection=[close], User-Agent=[Mozilla/5.0 (X11; Linux x86_64) AppleWebKit/537.36 (KHTML, like Gecko) Chrome/60.0.3112.32 Safari/537.36]} headers={null=[HTTP/1.1 204 No Content], Alt-Svc=[h3=":443"; ma=2592000,h3-29=":443"; ma=2592000], Connection=[close], Content-Length=[0], Cross-Origin-Resource-Policy=[cross-origin], Date=[Sun, 02 Jun 2024 06:58:29 GMT], X-Android-Received-Millis=[1717311508476], X-Android-Response-Source=[NETWORK 204], X-Android-Selected-Protocol=[http/1.1], X-Android-Sent-Millis=[1717311508476]}
06-02 07:58:28.478  1080  7320 D NetworkMonitor/100: isCaptivePortal: isSuccessful()=true isPortal()=false RedirectUrl=null isPartialConnectivity()=false Time=56ms
06-02 07:58:28.479   540   830 D ConnectivityService: [100 WIFI] validation passed
06-02 07:58:29.124  7080  7102 I (ExtendedPublishSleepTest.kt:87): .connectWaitAndPublish(): wait 426 seconds
06-02 07:58:29.125  7080  7102 I (ExtendedPublishSleepTest.kt:87): .connectWaitAndPublish(): wait 426 seconds
06-02 07:58:29.378  7080  7110 D (PingWorker.kt:18): .doWork(): Sending Ping at: 2024-06-02 07:58:29Z
06-02 07:58:29.379  7080  7110 D (PingWorker.kt:18): .doWork(): Sending Ping at: 2024-06-02 07:58:29Z
06-02 07:58:29.384  7080  7110 D (AlarmPingSender.kt:43): .schedule(): Schedule next alarm at 2024-06-02 08:01:49Z
06-02 07:58:29.385  7080  7110 D (AlarmPingSender.kt:43): .schedule(): Schedule next alarm at 2024-06-02 08:01:49Z
06-02 07:58:29.396  7080  7213 I WM-WorkerWrapper: Work [ id=930732af-c279-4b0e-82ca-8649b911f25f, tags={ info.mqtt.android.service.ping.PingWorker } ] was cancelled
06-02 07:58:29.396  7080  7213 I WM-WorkerWrapper: java.util.concurrent.CancellationException: Task was cancelled.
06-02 07:58:29.396  7080  7213 I WM-WorkerWrapper: 	at androidx.work.impl.utils.futures.AbstractFuture.cancellationExceptionWithCause(AbstractFuture.java:1183)
06-02 07:58:29.396  7080  7213 I WM-WorkerWrapper: 	at androidx.work.impl.utils.futures.AbstractFuture.getDoneValue(AbstractFuture.java:513)
06-02 07:58:29.396  7080  7213 I WM-WorkerWrapper: 	at androidx.work.impl.utils.futures.AbstractFuture.get(AbstractFuture.java:474)
06-02 07:58:29.396  7080  7213 I WM-WorkerWrapper: 	at androidx.work.impl.WorkerWrapper$2.run(WorkerWrapper.java:316)
06-02 07:58:29.396  7080  7213 I WM-WorkerWrapper: 	at androidx.work.impl.utils.SerialExecutorImpl$Task.run(SerialExecutorImpl.java:96)
06-02 07:58:29.396  7080  7213 I WM-WorkerWrapper: 	at java.util.concurrent.ThreadPoolExecutor.runWorker(ThreadPoolExecutor.java:1145)
06-02 07:58:29.396  7080  7213 I WM-WorkerWrapper: 	at java.util.concurrent.ThreadPoolExecutor$Worker.run(ThreadPoolExecutor.java:644)
06-02 07:58:29.396  7080  7213 I WM-WorkerWrapper: 	at java.lang.Thread.run(Thread.java:1012)
06-02 07:58:29.413  7080  7211 D (PingWorker.kt:21): $doWork.onSuccess(): Success.
06-02 07:58:29.414  7080  7211 D (PingWorker.kt:21): $doWork.onSuccess(): Success.
06-02 07:58:29.917  1863  4385 W A       : (REDACTED) [%s] response code: %d
06-02 07:58:30.130  7080  7102 I (ExtendedPublishSleepTest.kt:87): .connectWaitAndPublish(): wait 425 seconds
06-02 07:58:30.132  7080  7102 I (ExtendedPublishSleepTest.kt:87): .connectWaitAndPublish(): wait 425 seconds
06-02 07:58:30.415   907  1108 I PermissionControllerServiceImpl: Updating user sensitive for uid 10194
06-02 07:58:30.417  1139  1139 D CarrierSvcBindHelper: onPackageModified: info.mqtt.android.extsample
06-02 07:58:30.418   540   643 I InputReader: Reconfiguring input devices, changes=KEYBOARD_LAYOUTS
06-02 07:58:30.420  1139  1139 D CarrierSvcBindHelper: No carrier app for: 0
06-02 07:58:30.420  1109  1109 V MediaPlayerList: mPackageChangedBroadcastReceiver: action: android.intent.action.PACKAGE_CHANGED
06-02 07:58:30.423   904   904 D ControlsListingControllerImpl: ServiceConfig reloaded, count: 0
06-02 07:58:30.425  1109  1109 V MediaPlayerList: mPackageChangedBroadcastReceiver: action: android.intent.action.PACKAGE_CHANGED
06-02 07:58:30.426   904   987 D StylusManager: Stylus InputDevice changed: 13 virtio_input_multi_touch_11
06-02 07:58:30.427   904   987 D StylusManager: Stylus InputDevice changed: 12 virtio_input_multi_touch_10
06-02 07:58:30.428   904   987 D StylusManager: Stylus InputDevice changed: 11 virtio_input_multi_touch_9
06-02 07:58:30.428   904   987 D StylusManager: Stylus InputDevice changed: 10 virtio_input_multi_touch_8
06-02 07:58:30.428   904   987 D StylusManager: Stylus InputDevice changed: 5 virtio_input_multi_touch_3
06-02 07:58:30.428   904   987 D StylusManager: Stylus InputDevice changed: 6 virtio_input_multi_touch_4
06-02 07:58:30.429  1705  1705 I AiAiEcho: AppFetcherImpl onPackageChanged info.mqtt.android.extsample.
06-02 07:58:30.430  1705  7307 I AiAiEcho: AppIndexer Package:[info.mqtt.android.extsample] UserProfile:[0] Enabled:[true].
06-02 07:58:30.430  1705  7307 I AiAiEcho: AppFetcherImplV2 updateApps package:[info.mqtt.android.extsample], userId:[0], reason:[package is updated.].
06-02 07:58:30.432   904   987 D StylusManager: Stylus InputDevice changed: 9 virtio_input_multi_touch_7
06-02 07:58:30.432   904   987 D StylusManager: Stylus InputDevice changed: 8 virtio_input_multi_touch_6
06-02 07:58:30.433   904   987 D StylusManager: Stylus InputDevice changed: 4 virtio_input_multi_touch_2
06-02 07:58:30.433  1139  1421 D ImsResolver: maybeAddedImsService, packageName: info.mqtt.android.extsample
06-02 07:58:30.433   904   987 D StylusManager: Stylus InputDevice changed: 3 virtio_input_multi_touch_1
06-02 07:58:30.433   904   987 D StylusManager: Stylus InputDevice changed: 7 virtio_input_multi_touch_5
06-02 07:58:30.494  1180  1206 W System  : A resource failed to call release.
06-02 07:58:30.494  1180  1206 W System  : A resource failed to call release.
06-02 07:58:30.494  1180  1206 W System  : A resource failed to call release.
06-02 07:58:30.928  5934  7309 I Fitness : OnPackageChangedOperation got intent: Intent { act=android.intent.action.PACKAGE_CHANGED dat=package: flg=0x45000010 pkg=com.google.android.gms cmp=com.google.android.gms/.chimera.PersistentIntentOperationService (has extras) } [CONTEXT service_id=17 ]
06-02 07:58:30.933  5934  7312 I Fitness : FitCleanupIntentOperation received Intent android.intent.action.PACKAGE_CHANGED [CONTEXT service_id=17 ]
06-02 07:58:30.938  5979  6028 I Icing   : Indexing com.google.android.gms-apps from com.google.android.gms
06-02 07:58:30.939  5934  5969 W ChimeraUtils: Module com.google.android.gms.nearby_en missing resource null(0)
06-02 07:58:30.940  5934  5969 W ChimeraUtils: Module com.google.android.gms.nearby_en missing resource null(0)
06-02 07:58:30.941  5979  6028 I Icing   : Indexing done com.google.android.gms-apps
06-02 07:58:31.144  7080  7102 I (ExtendedPublishSleepTest.kt:87): .connectWaitAndPublish(): wait 424 seconds
06-02 07:58:31.146  7080  7102 I (ExtendedPublishSleepTest.kt:87): .connectWaitAndPublish(): wait 424 seconds
06-02 07:58:32.149  7080  7102 I (ExtendedPublishSleepTest.kt:87): .connectWaitAndPublish(): wait 423 seconds
06-02 07:58:32.151  7080  7102 I (ExtendedPublishSleepTest.kt:87): .connectWaitAndPublish(): wait 423 seconds
06-02 07:58:32.461  1705  2067 I AiAiEcho: Predicting[0]:
06-02 07:58:32.461  1705  2067 I AiAiEcho: EchoTargets:
06-02 07:58:32.461  1705  2067 I AiAiEcho: Filtered by AiAi flag check:
06-02 07:58:32.462  1705  2067 I AiAiEcho: Ranked targets strategy: SORT, count: 0, ranking metadata:
06-02 07:58:32.467  1705  2067 I AiAiEcho: #postPredictionTargets: Sending updates to UISurface lockscreen with targets# 0 (types=[])
06-02 07:58:32.470  5979  7336 I ChimeraConfigurator: Starting update, reason: 4 urgentFeatures: vision.ocr:-1
06-02 07:58:32.473  5979  7336 W FeatureMgr: Attempted to request and unrequest the same feature: antifingerprinting. Ignoring unrequest.
06-02 07:58:32.480  5979  7336 I ChimeraConfigurator: Detected pending changes for urgent request: [vision.ocr]. Pending module sets: container:2318189190400+mlkit.ocr.common,tflite_dynamite:2406991015100400+tflite_dynamite,vision_ocr:2316024025100000+vision.ocr
06-02 07:58:32.487  5979  7336 I GmsDebugLogger: [73] 1801
06-02 07:58:32.489  5979  7336 W ZappDownloader: No successful module downloads for requested features [vision.ocr].
06-02 07:58:32.489  5979  7336 I GmsDebugLogger: [30] [VisionOcrDynamite.integ:231602402100000],[TfliteDynamiteDynamite.integ:240699101100400],[MlkitOcrCommon.optional:231818100400]
06-02 07:58:32.491  5979  7336 W ChimeraConfigService: Retry attempt was throttled. [CONTEXT service_id=264 ]
06-02 07:58:32.491  5979  7336 I GmsDebugLogger: [83] 1 [vision.ocr]
06-02 07:58:32.492  5979  7315 W Vision  : Request for optional module download of ocr failed. Request again.
06-02 07:58:32.493  5979  7315 W Vision  : Would have logged:
06-02 07:58:32.493  5979  7315 W Vision  : # dsae@37884fe7
06-02 07:58:32.493  5979  7315 I Vision  : Schedule retrying download ocr at 575353 with backoff 160 seconds
06-02 07:58:32.493  5934  6845 I NetworkScheduler.Stats: Task com.google.android.gms/com.google.android.gms.auth.account.be.legacy.AuthCronService started execution. cause:4 exec_start_elapsed_seconds: 575 [CONTEXT service_id=218 ]
06-02 07:58:32.496  5934  6845 I NetworkScheduler.Stats: Task com.google.android.gms/com.google.android.gms.tapandpay.gcmtask.TapAndPayGcmTaskService started execution. cause:4 exec_start_elapsed_seconds: 575 [CONTEXT service_id=218 ]
06-02 07:58:32.500  5934  7339 V NFC     : this device does not have NFC support
06-02 07:58:32.509  5934  7339 W TapAndPay: NfcAdapter is null while obtaining CardEmulation instance. [CONTEXT service_id=79 ]
06-02 07:58:32.509  5934  7339 W TapAndPay: java.lang.NullPointerException: NfcAdapter is null
06-02 07:58:32.509  5934  7339 W TapAndPay: 	at android.nfc.cardemulation.CardEmulation.getInstance(CardEmulation.java:152)
06-02 07:58:32.509  5934  7339 W TapAndPay: 	at cdoy.<init>(:com.google.android.gms@231818044@23.18.18 (190400-535401451):0)
06-02 07:58:32.509  5934  7339 W TapAndPay: 	at com.google.android.gms.tapandpay.hce.task.TapAndPayAidRegistrationTaskOperation.a(:com.google.android.gms@231818044@23.18.18 (190400-535401451):5)
06-02 07:58:32.509  5934  7339 W TapAndPay: 	at com.google.android.gms.tapandpay.gcmtask.TapAndPayGcmTaskChimeraService.a(:com.google.android.gms@231818044@23.18.18 (190400-535401451):4)
06-02 07:58:32.509  5934  7339 W TapAndPay: 	at avzs.call(:com.google.android.gms@231818044@23.18.18 (190400-535401451):4)
06-02 07:58:32.509  5934  7339 W TapAndPay: 	at java.util.concurrent.FutureTask.run(FutureTask.java:264)
06-02 07:58:32.509  5934  7339 W TapAndPay: 	at aced.c(:com.google.android.gms@231818044@23.18.18 (190400-535401451):6)
06-02 07:58:32.509  5934  7339 W TapAndPay: 	at aced.run(:com.google.android.gms@231818044@23.18.18 (190400-535401451):7)
06-02 07:58:32.509  5934  7339 W TapAndPay: 	at java.util.concurrent.ThreadPoolExecutor.runWorker(ThreadPoolExecutor.java:1145)
06-02 07:58:32.509  5934  7339 W TapAndPay: 	at java.util.concurrent.ThreadPoolExecutor$Worker.run(ThreadPoolExecutor.java:644)
06-02 07:58:32.509  5934  7339 W TapAndPay: 	at acjn.run(:com.google.android.gms@231818044@23.18.18 (190400-535401451):0)
06-02 07:58:32.509  5934  7339 W TapAndPay: 	at java.lang.Thread.run(Thread.java:1012)
06-02 07:58:32.522  5934  7339 I NetworkScheduler.Stats: Task com.google.android.gms/com.google.android.gms.tapandpay.gcmtask.TapAndPayGcmTaskService finished executing. cause:4 result: 3 elapsed_millis: 35 uptime_millis: 35 exec_start_elapsed_seconds: 575 [CONTEXT service_id=218 ]
06-02 07:58:32.529   904   904 W PageIndicator: Total number of pages invalid: 0. Assuming 1 page.
06-02 07:58:32.540  2912  3613 I GMS_MM_Logger: Memory Metric Logging not allowed. Stopping.
06-02 07:58:32.544  5934  6845 I NetworkScheduler.Stats: Task com.google.android.gms/com.google.android.gms.tapandpay.gcmtask.TapAndPayGcmTaskService started execution. cause:5 exec_start_elapsed_seconds: 575 [CONTEXT service_id=218 ]
06-02 07:58:32.558  5934  6845 I NetworkScheduler.Stats: Task com.google.android.gms/com.google.android.gms.tapandpay.gcmtask.TapAndPayGcmTaskService finished executing. cause:5 result: 1 elapsed_millis: 19 uptime_millis: 19 exec_start_elapsed_seconds: 575 [CONTEXT service_id=218 ]
06-02 07:58:32.613  5934  5969 W GmsUrlRequestImpl: Content-Type header is overwritten.
06-02 07:58:32.616   352  7343 I resolv  : GetAddrInfoHandler::run: {100 786532 100 983140 10129 0}
06-02 07:58:32.616   352  7344 I resolv  : res_nmkquery: (QUERY, IN, AAAA)
06-02 07:58:32.616   352  7345 I resolv  : res_nmkquery: (QUERY, IN, A)
06-02 07:58:32.641   352  7344 I resolv  : res_tls_send: TLS query result: 0
06-02 07:58:32.641   352  7344 I resolv  : doQuery: rcode=0, ancount=4, return value=468
06-02 07:58:32.644   352  7345 I resolv  : res_tls_send: TLS query result: 0
06-02 07:58:32.644   352  7345 I resolv  : doQuery: rcode=0, ancount=4, return value=468
06-02 07:58:32.645  5934  6173 D TrafficStats: tagSocket(184) with statsTag=0x401, statsUid=10129
06-02 07:58:32.676  5934  5969 W GLSUser : [AppCertManager] Exception while requesting key:
06-02 07:58:32.676  5934  5969 W GLSUser : java.util.concurrent.ExecutionException: avvw: Parse Proto Exception.
06-02 07:58:32.676  5934  5969 W GLSUser : 	at dlnv.s(:com.google.android.gms@231818044@23.18.18 (190400-535401451):3)
06-02 07:58:32.676  5934  5969 W GLSUser : 	at dlnv.get(:com.google.android.gms@231818044@23.18.18 (190400-535401451):7)
06-02 07:58:32.676  5934  5969 W GLSUser : 	at oub.b(:com.google.android.gms@231818044@23.18.18 (190400-535401451):78)
06-02 07:58:32.676  5934  5969 W GLSUser : 	at otz.b(:com.google.android.gms@231818044@23.18.18 (190400-535401451):4)
06-02 07:58:32.676  5934  5969 W GLSUser : 	at otu.a(:com.google.android.gms@231818044@23.18.18 (190400-535401451):0)
06-02 07:58:32.676  5934  5969 W GLSUser : 	at otx.a(:com.google.android.gms@231818044@23.18.18 (190400-535401451):6)
06-02 07:58:32.676  5934  5969 W GLSUser : 	at lzq.call(:com.google.android.gms@231818044@23.18.18 (190400-535401451):14)
06-02 07:58:32.676  5934  5969 W GLSUser : 	at java.util.concurrent.FutureTask.run(FutureTask.java:264)
06-02 07:58:32.676  5934  5969 W GLSUser : 	at aced.c(:com.google.android.gms@231818044@23.18.18 (190400-535401451):6)
06-02 07:58:32.676  5934  5969 W GLSUser : 	at aced.run(:com.google.android.gms@231818044@23.18.18 (190400-535401451):7)
06-02 07:58:32.676  5934  5969 W GLSUser : 	at java.util.concurrent.ThreadPoolExecutor.runWorker(ThreadPoolExecutor.java:1145)
06-02 07:58:32.676  5934  5969 W GLSUser : 	at java.util.concurrent.ThreadPoolExecutor$Worker.run(ThreadPoolExecutor.java:644)
06-02 07:58:32.676  5934  5969 W GLSUser : 	at acjn.run(:com.google.android.gms@231818044@23.18.18 (190400-535401451):0)
06-02 07:58:32.676  5934  5969 W GLSUser : 	at java.lang.Thread.run(Thread.java:1012)
06-02 07:58:32.676  5934  5969 W GLSUser : Caused by: avvw: Parse Proto Exception.
06-02 07:58:32.676  5934  5969 W GLSUser : 	at avwn.f(:com.google.android.gms@231818044@23.18.18 (190400-535401451):5)
06-02 07:58:32.676  5934  5969 W GLSUser : 	at avxk.onSucceeded(:com.google.android.gms@231818044@23.18.18 (190400-535401451):0)
06-02 07:58:32.676  5934  5969 W GLSUser : 	at jf.onSucceeded(:com.google.android.gms.dynamite_cronetdynamite@231818044@23.18.18 (190400-0):0)
06-02 07:58:32.676  5934  5969 W GLSUser : 	at ie.run(:com.google.android.gms.dynamite_cronetdynamite@231818044@23.18.18 (190400-0):4)
06-02 07:58:32.676  5934  5969 W GLSUser : 	... 6 more
06-02 07:58:32.676  5934  5969 W GLSUser : Caused by: dzfz: Protocol message contained an invalid tag (zero).
06-02 07:58:32.676  5934  5969 W GLSUser : 	at dzdb.k(:com.google.android.gms@231818044@23.18.18 (190400-535401451):13)
06-02 07:58:32.676  5934  5969 W GLSUser : 	at dzha.c(:com.google.android.gms@231818044@23.18.18 (190400-535401451):47)
06-02 07:58:32.676  5934  5969 W GLSUser : 	at dzha.h(:com.google.android.gms@231818044@23.18.18 (190400-535401451):45)
06-02 07:58:32.676  5934  5969 W GLSUser : 	at dzfd.A(:com.google.android.gms@231818044@23.18.18 (190400-535401451):2)
06-02 07:58:32.676  5934  5969 W GLSUser : 	at dzex.f(:com.google.android.gms@231818044@23.18.18 (190400-535401451):0)
06-02 07:58:32.676  5934  5969 W GLSUser : 	at dzcx.d(:com.google.android.gms@231818044@23.18.18 (190400-535401451):0)
06-02 07:58:32.676  5934  5969 W GLSUser : 	at dzcx.c(:com.google.android.gms@231818044@23.18.18 (190400-535401451):0)
06-02 07:58:32.676  5934  5969 W GLSUser : 	at dzcx.n(:com.google.android.gms@231818044@23.18.18 (190400-535401451):0)
06-02 07:58:32.676  5934  5969 W GLSUser : 	at avwn.h(:com.google.android.gms@231818044@23.18.18 (190400-535401451):7)
06-02 07:58:32.676  5934  5969 W GLSUser : 	at avwn.f(:com.google.android.gms@231818044@23.18.18 (190400-535401451):1)
06-02 07:58:32.676  5934  5969 W GLSUser : 	... 9 more
06-02 07:58:32.679  5934  6845 I NetworkScheduler.Stats: Task com.google.android.gms/com.google.android.gms.auth.account.be.legacy.AuthCronService finished executing. cause:4 result: 3 elapsed_millis: 198 uptime_millis: 198 exec_start_elapsed_seconds: 575 [CONTEXT service_id=218 ]
06-02 07:58:33.157  7080  7102 I (ExtendedPublishSleepTest.kt:87): .connectWaitAndPublish(): wait 422 seconds
06-02 07:58:33.158  7080  7102 I (ExtendedPublishSleepTest.kt:87): .connectWaitAndPublish(): wait 422 seconds
06-02 07:58:34.168  7080  7102 I (ExtendedPublishSleepTest.kt:87): .connectWaitAndPublish(): wait 421 seconds
06-02 07:58:34.169  7080  7102 I (ExtendedPublishSleepTest.kt:87): .connectWaitAndPublish(): wait 421 seconds
06-02 07:58:35.181  7080  7102 I (ExtendedPublishSleepTest.kt:87): .connectWaitAndPublish(): wait 420 seconds
06-02 07:58:35.184  7080  7102 I (ExtendedPublishSleepTest.kt:87): .connectWaitAndPublish(): wait 420 seconds
06-02 07:58:36.196  7080  7102 I (ExtendedPublishSleepTest.kt:87): .connectWaitAndPublish(): wait 419 seconds
06-02 07:58:36.197  7080  7102 I (ExtendedPublishSleepTest.kt:87): .connectWaitAndPublish(): wait 419 seconds
06-02 07:58:36.951   904   904 D StatusBarIconController: ignoring old pipeline callbacks, because the new mobile icons are enabled
06-02 07:58:37.201  7080  7102 I (ExtendedPublishSleepTest.kt:87): .connectWaitAndPublish(): wait 418 seconds
06-02 07:58:37.202  7080  7102 I (ExtendedPublishSleepTest.kt:87): .connectWaitAndPublish(): wait 418 seconds
06-02 07:58:38.205  7080  7102 I (ExtendedPublishSleepTest.kt:87): .connectWaitAndPublish(): wait 417 seconds
06-02 07:58:38.206  7080  7102 I (ExtendedPublishSleepTest.kt:87): .connectWaitAndPublish(): wait 417 seconds
06-02 07:58:39.209  7080  7102 I (ExtendedPublishSleepTest.kt:87): .connectWaitAndPublish(): wait 416 seconds
06-02 07:58:39.211  7080  7102 I (ExtendedPublishSleepTest.kt:87): .connectWaitAndPublish(): wait 416 seconds
06-02 07:58:40.219  7080  7102 I (ExtendedPublishSleepTest.kt:87): .connectWaitAndPublish(): wait 415 seconds
06-02 07:58:40.221  7080  7102 I (ExtendedPublishSleepTest.kt:87): .connectWaitAndPublish(): wait 415 seconds
06-02 07:58:41.227  7080  7102 I (ExtendedPublishSleepTest.kt:87): .connectWaitAndPublish(): wait 414 seconds
06-02 07:58:41.229  7080  7102 I (ExtendedPublishSleepTest.kt:87): .connectWaitAndPublish(): wait 414 seconds
06-02 07:58:42.231  7080  7102 I (ExtendedPublishSleepTest.kt:87): .connectWaitAndPublish(): wait 413 seconds
06-02 07:58:42.233  7080  7102 I (ExtendedPublishSleepTest.kt:87): .connectWaitAndPublish(): wait 413 seconds
06-02 07:58:42.576  5979  5979 D BoundBrokerSvc: onUnbind: Intent { act=com.google.android.gms.feedback.internal.IFeedbackService dat=chimera-action:/... cmp=com.google.android.gms/.chimera.GmsBoundBrokerService }
06-02 07:58:43.244  7080  7102 I (ExtendedPublishSleepTest.kt:87): .connectWaitAndPublish(): wait 412 seconds
06-02 07:58:43.245  7080  7102 I (ExtendedPublishSleepTest.kt:87): .connectWaitAndPublish(): wait 412 seconds
06-02 07:58:44.258  7080  7102 I (ExtendedPublishSleepTest.kt:87): .connectWaitAndPublish(): wait 411 seconds
06-02 07:58:44.259  7080  7102 I (ExtendedPublishSleepTest.kt:87): .connectWaitAndPublish(): wait 411 seconds
06-02 07:58:45.265  7080  7102 I (ExtendedPublishSleepTest.kt:87): .connectWaitAndPublish(): wait 410 seconds
06-02 07:58:45.266  7080  7102 I (ExtendedPublishSleepTest.kt:87): .connectWaitAndPublish(): wait 410 seconds
06-02 07:58:46.277  7080  7102 I (ExtendedPublishSleepTest.kt:87): .connectWaitAndPublish(): wait 409 seconds
06-02 07:58:46.278  7080  7102 I (ExtendedPublishSleepTest.kt:87): .connectWaitAndPublish(): wait 409 seconds
06-02 07:58:46.961   904   904 D StatusBarIconController: ignoring old pipeline callbacks, because the new mobile icons are enabled
06-02 07:58:47.280  7080  7102 I (ExtendedPublishSleepTest.kt:87): .connectWaitAndPublish(): wait 408 seconds
06-02 07:58:47.281  7080  7102 I (ExtendedPublishSleepTest.kt:87): .connectWaitAndPublish(): wait 408 seconds
06-02 07:58:48.293  7080  7102 I (ExtendedPublishSleepTest.kt:87): .connectWaitAndPublish(): wait 407 seconds
06-02 07:58:48.294  7080  7102 I (ExtendedPublishSleepTest.kt:87): .connectWaitAndPublish(): wait 407 seconds
06-02 07:58:49.300  7080  7102 I (ExtendedPublishSleepTest.kt:87): .connectWaitAndPublish(): wait 406 seconds
06-02 07:58:49.301  7080  7102 I (ExtendedPublishSleepTest.kt:87): .connectWaitAndPublish(): wait 406 seconds
06-02 07:58:49.811  5934  6845 I AlarmManager: setExactAndAllowWhileIdle [name: GCM_HB_ALARM type: 2 triggerAtMillis: 1122671]
06-02 07:58:49.813  5934  6845 I AlarmManager: setExactAndAllowWhileIdle [name: GCM_HB_ALARM type: 2 triggerAtMillis: 1122673]
06-02 07:58:50.305  7080  7102 I (ExtendedPublishSleepTest.kt:87): .connectWaitAndPublish(): wait 405 seconds
06-02 07:58:50.306  7080  7102 I (ExtendedPublishSleepTest.kt:87): .connectWaitAndPublish(): wait 405 seconds
06-02 07:58:51.318  7080  7102 I (ExtendedPublishSleepTest.kt:87): .connectWaitAndPublish(): wait 404 seconds
06-02 07:58:51.319  7080  7102 I (ExtendedPublishSleepTest.kt:87): .connectWaitAndPublish(): wait 404 seconds
06-02 07:58:52.325  7080  7102 I (ExtendedPublishSleepTest.kt:87): .connectWaitAndPublish(): wait 403 seconds
06-02 07:58:52.326  7080  7102 I (ExtendedPublishSleepTest.kt:87): .connectWaitAndPublish(): wait 403 seconds
06-02 07:58:53.332  7080  7102 I (ExtendedPublishSleepTest.kt:87): .connectWaitAndPublish(): wait 402 seconds
06-02 07:58:53.333  7080  7102 I (ExtendedPublishSleepTest.kt:87): .connectWaitAndPublish(): wait 402 seconds
06-02 07:58:54.340  7080  7102 I (ExtendedPublishSleepTest.kt:87): .connectWaitAndPublish(): wait 401 seconds
06-02 07:58:54.341  7080  7102 I (ExtendedPublishSleepTest.kt:87): .connectWaitAndPublish(): wait 401 seconds
06-02 07:58:55.350  7080  7102 I (ExtendedPublishSleepTest.kt:87): .connectWaitAndPublish(): wait 400 seconds
06-02 07:58:55.351  7080  7102 I (ExtendedPublishSleepTest.kt:87): .connectWaitAndPublish(): wait 400 seconds
06-02 07:58:56.358  7080  7102 I (ExtendedPublishSleepTest.kt:87): .connectWaitAndPublish(): wait 399 seconds
06-02 07:58:56.359  7080  7102 I (ExtendedPublishSleepTest.kt:87): .connectWaitAndPublish(): wait 399 seconds
06-02 07:58:56.964   904   904 D StatusBarIconController: ignoring old pipeline callbacks, because the new mobile icons are enabled
06-02 07:58:57.371  7080  7102 I (ExtendedPublishSleepTest.kt:87): .connectWaitAndPublish(): wait 398 seconds
06-02 07:58:57.372  7080  7102 I (ExtendedPublishSleepTest.kt:87): .connectWaitAndPublish(): wait 398 seconds
06-02 07:58:58.376  7080  7102 I (ExtendedPublishSleepTest.kt:87): .connectWaitAndPublish(): wait 397 seconds
06-02 07:58:58.377  7080  7102 I (ExtendedPublishSleepTest.kt:87): .connectWaitAndPublish(): wait 397 seconds
06-02 07:58:59.385  7080  7102 I (ExtendedPublishSleepTest.kt:87): .connectWaitAndPublish(): wait 396 seconds
06-02 07:58:59.385  7080  7102 I (ExtendedPublishSleepTest.kt:87): .connectWaitAndPublish(): wait 396 seconds
06-02 07:59:00.396  7080  7102 I (ExtendedPublishSleepTest.kt:87): .connectWaitAndPublish(): wait 395 seconds
06-02 07:59:00.398  7080  7102 I (ExtendedPublishSleepTest.kt:87): .connectWaitAndPublish(): wait 395 seconds
06-02 07:59:01.404  7080  7102 I (ExtendedPublishSleepTest.kt:87): .connectWaitAndPublish(): wait 394 seconds
06-02 07:59:01.405  7080  7102 I (ExtendedPublishSleepTest.kt:87): .connectWaitAndPublish(): wait 394 seconds
06-02 07:59:02.418  7080  7102 I (ExtendedPublishSleepTest.kt:87): .connectWaitAndPublish(): wait 393 seconds
06-02 07:59:02.419  7080  7102 I (ExtendedPublishSleepTest.kt:87): .connectWaitAndPublish(): wait 393 seconds
06-02 07:59:03.425  7080  7102 I (ExtendedPublishSleepTest.kt:87): .connectWaitAndPublish(): wait 392 seconds
06-02 07:59:03.426  7080  7102 I (ExtendedPublishSleepTest.kt:87): .connectWaitAndPublish(): wait 392 seconds
06-02 07:59:04.437  7080  7102 I (ExtendedPublishSleepTest.kt:87): .connectWaitAndPublish(): wait 391 seconds
06-02 07:59:04.437  7080  7102 I (ExtendedPublishSleepTest.kt:87): .connectWaitAndPublish(): wait 391 seconds
06-02 07:59:05.447  7080  7102 I (ExtendedPublishSleepTest.kt:87): .connectWaitAndPublish(): wait 390 seconds
06-02 07:59:05.448  7080  7102 I (ExtendedPublishSleepTest.kt:87): .connectWaitAndPublish(): wait 390 seconds
06-02 07:59:06.456  7080  7102 I (ExtendedPublishSleepTest.kt:87): .connectWaitAndPublish(): wait 389 seconds
06-02 07:59:06.457  7080  7102 I (ExtendedPublishSleepTest.kt:87): .connectWaitAndPublish(): wait 389 seconds
06-02 07:59:06.982   904   904 D StatusBarIconController: ignoring old pipeline callbacks, because the new mobile icons are enabled
06-02 07:59:07.461  7080  7102 I (ExtendedPublishSleepTest.kt:87): .connectWaitAndPublish(): wait 388 seconds
06-02 07:59:07.462  7080  7102 I (ExtendedPublishSleepTest.kt:87): .connectWaitAndPublish(): wait 388 seconds
06-02 07:59:08.408   540   830 D ConnectivityService: releasing NetworkRequest [ REQUEST id=150, [ Transports: CELLULAR Capabilities: INTERNET&NOT_RESTRICTED&TRUSTED&NOT_VPN&NOT_VCN_MANAGED Uid: 10131 RequestorUid: 10131 RequestorPkg: com.google.android.googlequicksearchbox UnderlyingNetworks: Null] ] (release request)
06-02 07:59:08.413   540   830 I ConnectivityService: Update capabilities for net 101 : -FOREGROUND
06-02 07:59:08.426   352   440 I netd    : networkSetPermissionForNetwork(101, 1) <12.29ms>
06-02 07:59:08.464  7080  7102 I (ExtendedPublishSleepTest.kt:87): .connectWaitAndPublish(): wait 387 seconds
06-02 07:59:08.464  7080  7102 I (ExtendedPublishSleepTest.kt:87): .connectWaitAndPublish(): wait 387 seconds
06-02 07:59:09.472  7080  7102 I (ExtendedPublishSleepTest.kt:87): .connectWaitAndPublish(): wait 386 seconds
06-02 07:59:09.474  7080  7102 I (ExtendedPublishSleepTest.kt:87): .connectWaitAndPublish(): wait 386 seconds
06-02 07:59:10.489  7080  7102 I (ExtendedPublishSleepTest.kt:87): .connectWaitAndPublish(): wait 385 seconds
06-02 07:59:10.492  7080  7102 I (ExtendedPublishSleepTest.kt:87): .connectWaitAndPublish(): wait 385 seconds
06-02 07:59:11.494  7080  7102 I (ExtendedPublishSleepTest.kt:87): .connectWaitAndPublish(): wait 384 seconds
06-02 07:59:11.495  7080  7102 I (ExtendedPublishSleepTest.kt:87): .connectWaitAndPublish(): wait 384 seconds
06-02 07:59:12.502  7080  7102 I (ExtendedPublishSleepTest.kt:87): .connectWaitAndPublish(): wait 383 seconds
06-02 07:59:12.503  7080  7102 I (ExtendedPublishSleepTest.kt:87): .connectWaitAndPublish(): wait 383 seconds
06-02 07:59:13.508  7080  7102 I (ExtendedPublishSleepTest.kt:87): .connectWaitAndPublish(): wait 382 seconds
06-02 07:59:13.509  7080  7102 I (ExtendedPublishSleepTest.kt:87): .connectWaitAndPublish(): wait 382 seconds
06-02 07:59:14.514  7080  7102 I (ExtendedPublishSleepTest.kt:87): .connectWaitAndPublish(): wait 381 seconds
06-02 07:59:14.516  7080  7102 I (ExtendedPublishSleepTest.kt:87): .connectWaitAndPublish(): wait 381 seconds
06-02 07:59:15.519  7080  7102 I (ExtendedPublishSleepTest.kt:87): .connectWaitAndPublish(): wait 380 seconds
06-02 07:59:15.520  7080  7102 I (ExtendedPublishSleepTest.kt:87): .connectWaitAndPublish(): wait 380 seconds
06-02 07:59:16.523  7080  7102 I (ExtendedPublishSleepTest.kt:87): .connectWaitAndPublish(): wait 379 seconds
06-02 07:59:16.524  7080  7102 I (ExtendedPublishSleepTest.kt:87): .connectWaitAndPublish(): wait 379 seconds
06-02 07:59:17.025   904   904 D StatusBarIconController: ignoring old pipeline callbacks, because the new mobile icons are enabled
06-02 07:59:17.535  7080  7102 I (ExtendedPublishSleepTest.kt:87): .connectWaitAndPublish(): wait 378 seconds
06-02 07:59:17.536  7080  7102 I (ExtendedPublishSleepTest.kt:87): .connectWaitAndPublish(): wait 378 seconds
06-02 07:59:18.547  7080  7102 I (ExtendedPublishSleepTest.kt:87): .connectWaitAndPublish(): wait 377 seconds
06-02 07:59:18.548  7080  7102 I (ExtendedPublishSleepTest.kt:87): .connectWaitAndPublish(): wait 377 seconds
06-02 07:59:19.552  7080  7102 I (ExtendedPublishSleepTest.kt:87): .connectWaitAndPublish(): wait 376 seconds
06-02 07:59:19.553  7080  7102 I (ExtendedPublishSleepTest.kt:87): .connectWaitAndPublish(): wait 376 seconds
06-02 07:59:20.561  7080  7102 I (ExtendedPublishSleepTest.kt:87): .connectWaitAndPublish(): wait 375 seconds
06-02 07:59:20.571  7080  7102 I (ExtendedPublishSleepTest.kt:87): .connectWaitAndPublish(): wait 375 seconds
06-02 07:59:20.806  1607  2650 I PhenotypeProcessReaper: Memory state is: 200
06-02 07:59:21.589  7080  7102 I (ExtendedPublishSleepTest.kt:87): .connectWaitAndPublish(): wait 374 seconds
06-02 07:59:21.593  7080  7102 I (ExtendedPublishSleepTest.kt:87): .connectWaitAndPublish(): wait 374 seconds
06-02 07:59:22.595  7080  7102 I (ExtendedPublishSleepTest.kt:87): .connectWaitAndPublish(): wait 373 seconds
06-02 07:59:22.600  7080  7102 I (ExtendedPublishSleepTest.kt:87): .connectWaitAndPublish(): wait 373 seconds
06-02 07:59:23.608  7080  7102 I (ExtendedPublishSleepTest.kt:87): .connectWaitAndPublish(): wait 372 seconds
06-02 07:59:23.614  7080  7102 I (ExtendedPublishSleepTest.kt:87): .connectWaitAndPublish(): wait 372 seconds
06-02 07:59:24.624  7080  7102 I (ExtendedPublishSleepTest.kt:87): .connectWaitAndPublish(): wait 371 seconds
06-02 07:59:24.626  7080  7102 I (ExtendedPublishSleepTest.kt:87): .connectWaitAndPublish(): wait 371 seconds
06-02 07:59:25.548  4964  5006 W TimedProcessReaper: Memory state is: 125
06-02 07:59:25.630  7080  7102 I (ExtendedPublishSleepTest.kt:87): .connectWaitAndPublish(): wait 370 seconds
06-02 07:59:25.631  7080  7102 I (ExtendedPublishSleepTest.kt:87): .connectWaitAndPublish(): wait 370 seconds
06-02 07:59:26.636  7080  7102 I (ExtendedPublishSleepTest.kt:87): .connectWaitAndPublish(): wait 369 seconds
06-02 07:59:26.637  7080  7102 I (ExtendedPublishSleepTest.kt:87): .connectWaitAndPublish(): wait 369 seconds
06-02 07:59:26.991   904   904 D StatusBarIconController: ignoring old pipeline callbacks, because the new mobile icons are enabled
06-02 07:59:27.642  7080  7102 I (ExtendedPublishSleepTest.kt:87): .connectWaitAndPublish(): wait 368 seconds
06-02 07:59:27.644  7080  7102 I (ExtendedPublishSleepTest.kt:87): .connectWaitAndPublish(): wait 368 seconds
06-02 07:59:28.650  7080  7102 I (ExtendedPublishSleepTest.kt:87): .connectWaitAndPublish(): wait 367 seconds
06-02 07:59:28.654  7080  7102 I (ExtendedPublishSleepTest.kt:87): .connectWaitAndPublish(): wait 367 seconds
06-02 07:59:29.664  7080  7102 I (ExtendedPublishSleepTest.kt:87): .connectWaitAndPublish(): wait 366 seconds
06-02 07:59:29.665  7080  7102 I (ExtendedPublishSleepTest.kt:87): .connectWaitAndPublish(): wait 366 seconds
06-02 07:59:30.669  7080  7102 I (ExtendedPublishSleepTest.kt:87): .connectWaitAndPublish(): wait 365 seconds
06-02 07:59:30.671  7080  7102 I (ExtendedPublishSleepTest.kt:87): .connectWaitAndPublish(): wait 365 seconds
06-02 07:59:31.683  7080  7102 I (ExtendedPublishSleepTest.kt:87): .connectWaitAndPublish(): wait 364 seconds
06-02 07:59:31.685  7080  7102 I (ExtendedPublishSleepTest.kt:87): .connectWaitAndPublish(): wait 364 seconds
06-02 07:59:32.696  7080  7102 I (ExtendedPublishSleepTest.kt:87): .connectWaitAndPublish(): wait 363 seconds
06-02 07:59:32.698  7080  7102 I (ExtendedPublishSleepTest.kt:87): .connectWaitAndPublish(): wait 363 seconds
06-02 07:59:33.702  7080  7102 I (ExtendedPublishSleepTest.kt:87): .connectWaitAndPublish(): wait 362 seconds
06-02 07:59:33.704  7080  7102 I (ExtendedPublishSleepTest.kt:87): .connectWaitAndPublish(): wait 362 seconds
06-02 07:59:34.717  7080  7102 I (ExtendedPublishSleepTest.kt:87): .connectWaitAndPublish(): wait 361 seconds
06-02 07:59:34.719  7080  7102 I (ExtendedPublishSleepTest.kt:87): .connectWaitAndPublish(): wait 361 seconds
06-02 07:59:35.726  7080  7102 I (ExtendedPublishSleepTest.kt:87): .connectWaitAndPublish(): wait 360 seconds
06-02 07:59:35.728  7080  7102 I (ExtendedPublishSleepTest.kt:87): .connectWaitAndPublish(): wait 360 seconds
06-02 07:59:36.733  7080  7102 I (ExtendedPublishSleepTest.kt:87): .connectWaitAndPublish(): wait 359 seconds
06-02 07:59:36.735  7080  7102 I (ExtendedPublishSleepTest.kt:87): .connectWaitAndPublish(): wait 359 seconds
06-02 07:59:36.980   904   904 D StatusBarIconController: ignoring old pipeline callbacks, because the new mobile icons are enabled
06-02 07:59:37.741  7080  7102 I (ExtendedPublishSleepTest.kt:87): .connectWaitAndPublish(): wait 358 seconds
06-02 07:59:37.742  7080  7102 I (ExtendedPublishSleepTest.kt:87): .connectWaitAndPublish(): wait 358 seconds
06-02 07:59:38.749  7080  7102 I (ExtendedPublishSleepTest.kt:87): .connectWaitAndPublish(): wait 357 seconds
06-02 07:59:38.751  7080  7102 I (ExtendedPublishSleepTest.kt:87): .connectWaitAndPublish(): wait 357 seconds
06-02 07:59:39.753  7080  7102 I (ExtendedPublishSleepTest.kt:87): .connectWaitAndPublish(): wait 356 seconds
06-02 07:59:39.755  7080  7102 I (ExtendedPublishSleepTest.kt:87): .connectWaitAndPublish(): wait 356 seconds
06-02 07:59:40.765  7080  7102 I (ExtendedPublishSleepTest.kt:87): .connectWaitAndPublish(): wait 355 seconds
06-02 07:59:40.766  7080  7102 I (ExtendedPublishSleepTest.kt:87): .connectWaitAndPublish(): wait 355 seconds
06-02 07:59:41.776  7080  7102 I (ExtendedPublishSleepTest.kt:87): .connectWaitAndPublish(): wait 354 seconds
06-02 07:59:41.778  7080  7102 I (ExtendedPublishSleepTest.kt:87): .connectWaitAndPublish(): wait 354 seconds
06-02 07:59:42.795  7080  7102 I (ExtendedPublishSleepTest.kt:87): .connectWaitAndPublish(): wait 353 seconds
06-02 07:59:42.798  7080  7102 I (ExtendedPublishSleepTest.kt:87): .connectWaitAndPublish(): wait 353 seconds
06-02 07:59:43.806  7080  7102 I (ExtendedPublishSleepTest.kt:87): .connectWaitAndPublish(): wait 352 seconds
06-02 07:59:43.808  7080  7102 I (ExtendedPublishSleepTest.kt:87): .connectWaitAndPublish(): wait 352 seconds
06-02 07:59:44.819  7080  7102 I (ExtendedPublishSleepTest.kt:87): .connectWaitAndPublish(): wait 351 seconds
06-02 07:59:44.820  7080  7102 I (ExtendedPublishSleepTest.kt:87): .connectWaitAndPublish(): wait 351 seconds
06-02 07:59:45.827  7080  7102 I (ExtendedPublishSleepTest.kt:87): .connectWaitAndPublish(): wait 350 seconds
06-02 07:59:45.829  7080  7102 I (ExtendedPublishSleepTest.kt:87): .connectWaitAndPublish(): wait 350 seconds
06-02 07:59:46.838  7080  7102 I (ExtendedPublishSleepTest.kt:87): .connectWaitAndPublish(): wait 349 seconds
06-02 07:59:46.840  7080  7102 I (ExtendedPublishSleepTest.kt:87): .connectWaitAndPublish(): wait 349 seconds
06-02 07:59:46.990   904   904 D StatusBarIconController: ignoring old pipeline callbacks, because the new mobile icons are enabled
06-02 07:59:47.844  7080  7102 I (ExtendedPublishSleepTest.kt:87): .connectWaitAndPublish(): wait 348 seconds
06-02 07:59:47.846  7080  7102 I (ExtendedPublishSleepTest.kt:87): .connectWaitAndPublish(): wait 348 seconds
06-02 07:59:48.850  7080  7102 I (ExtendedPublishSleepTest.kt:87): .connectWaitAndPublish(): wait 347 seconds
06-02 07:59:48.853  7080  7102 I (ExtendedPublishSleepTest.kt:87): .connectWaitAndPublish(): wait 347 seconds
06-02 07:59:49.861  7080  7102 I (ExtendedPublishSleepTest.kt:87): .connectWaitAndPublish(): wait 346 seconds
06-02 07:59:49.864  7080  7102 I (ExtendedPublishSleepTest.kt:87): .connectWaitAndPublish(): wait 346 seconds
06-02 07:59:50.869  7080  7102 I (ExtendedPublishSleepTest.kt:87): .connectWaitAndPublish(): wait 345 seconds
06-02 07:59:50.871  7080  7102 I (ExtendedPublishSleepTest.kt:87): .connectWaitAndPublish(): wait 345 seconds
06-02 07:59:51.882  7080  7102 I (ExtendedPublishSleepTest.kt:87): .connectWaitAndPublish(): wait 344 seconds
06-02 07:59:51.884  7080  7102 I (ExtendedPublishSleepTest.kt:87): .connectWaitAndPublish(): wait 344 seconds
06-02 07:59:52.890  7080  7102 I (ExtendedPublishSleepTest.kt:87): .connectWaitAndPublish(): wait 343 seconds
06-02 07:59:52.891  7080  7102 I (ExtendedPublishSleepTest.kt:87): .connectWaitAndPublish(): wait 343 seconds
06-02 07:59:53.895  7080  7102 I (ExtendedPublishSleepTest.kt:87): .connectWaitAndPublish(): wait 342 seconds
06-02 07:59:53.898  7080  7102 I (ExtendedPublishSleepTest.kt:87): .connectWaitAndPublish(): wait 342 seconds
06-02 07:59:54.902  7080  7102 I (ExtendedPublishSleepTest.kt:87): .connectWaitAndPublish(): wait 341 seconds
06-02 07:59:54.904  7080  7102 I (ExtendedPublishSleepTest.kt:87): .connectWaitAndPublish(): wait 341 seconds
06-02 07:59:55.912  7080  7102 I (ExtendedPublishSleepTest.kt:87): .connectWaitAndPublish(): wait 340 seconds
06-02 07:59:55.914  7080  7102 I (ExtendedPublishSleepTest.kt:87): .connectWaitAndPublish(): wait 340 seconds
06-02 07:59:56.918  7080  7102 I (ExtendedPublishSleepTest.kt:87): .connectWaitAndPublish(): wait 339 seconds
