06-02 07:55:39.074  2583  2583 I DialerTaskExecutor: com.android.voicemail.impl.scheduling.TaskExecutor.prepareStop:371 no more tasks, stopping service if no task are added in 5000 millis [CONTEXT enable_persistent_logger=true ]
06-02 07:55:39.074  2583  7291 I DialerVoicemailStatus: com.android.voicemail.impl.VoicemailStatus$Editor.apply:112 enter
06-02 07:55:39.076  2583  7291 I DialerVoicemailStatusDataServiceImpl: com.android.dialer.voicemailstatus.dataservice.impl.VoicemailStatusDataServiceImpl.insertOrUpdateVoicemailStatus:196 enter
06-02 07:55:39.095  2583  7292 I DialerRestVoicemailEnabledFn: com.android.dialer.voicemail.service.impl.vvmclients.rest.RestVoicemailEnabledFn.isEnabled:51 disabled by flag [CONTEXT ratelimit_period="1 MINUTES [skipped: 23]" ]
06-02 07:55:39.095  2583  7292 I DialerCvvmEnabledFn: com.android.dialer.voicemail.service.impl.vvmclients.omtp.protocol.cvvm.CvvmEnabledFn.isEnabled:37 disabled by flag [CONTEXT ratelimit_period="1 MINUTES [skipped: 11]" ]
06-02 07:55:39.103  2583  7292 I DialerOmtpVvmCarrierConfigHelper: com.android.voicemail.impl.OmtpVvmCarrierConfigHelper.isCarrierAppInstalled:637 carrier app not installed in this device [CONTEXT ratelimit_period="1 MINUTES [skipped: 4]" ]
06-02 07:55:39.108  2583  7292 W Settings: Setting airplane_mode_on has moved from android.provider.Settings.System to android.provider.Settings.Global, returning read-only value.
06-02 07:55:39.108  2583  7292 I DialerVoicemailStatusDataServiceImpl: com.android.dialer.voicemailstatus.dataservice.impl.VoicemailStatusDataServiceImpl.lambda$insertOrUpdateVoicemailStatus$5:213 merged status: # kee@5cbbd7c4
06-02 07:55:39.888  7080  7102 I (ExtendedPublishSleepTest.kt:87): .connectWaitAndPublish(): wait 592 seconds
06-02 07:55:39.889  7080  7102 I (ExtendedPublishSleepTest.kt:87): .connectWaitAndPublish(): wait 592 seconds
06-02 07:55:40.894  7080  7102 I (ExtendedPublishSleepTest.kt:87): .connectWaitAndPublish(): wait 591 seconds
06-02 07:55:40.895  7080  7102 I (ExtendedPublishSleepTest.kt:87): .connectWaitAndPublish(): wait 591 seconds
06-02 07:55:41.901  7080  7102 I (ExtendedPublishSleepTest.kt:87): .connectWaitAndPublish(): wait 590 seconds
06-02 07:55:41.902  7080  7102 I (ExtendedPublishSleepTest.kt:87): .connectWaitAndPublish(): wait 590 seconds
06-02 07:55:42.913  7080  7102 I (ExtendedPublishSleepTest.kt:87): .connectWaitAndPublish(): wait 589 seconds
06-02 07:55:42.914  7080  7102 I (ExtendedPublishSleepTest.kt:87): .connectWaitAndPublish(): wait 589 seconds
06-02 07:55:43.918  7080  7102 I (ExtendedPublishSleepTest.kt:87): .connectWaitAndPublish(): wait 588 seconds
06-02 07:55:43.918  7080  7102 I (ExtendedPublishSleepTest.kt:87): .connectWaitAndPublish(): wait 588 seconds
06-02 07:55:44.090  2583  2583 I DialerTaskExecutor: com.android.voicemail.impl.scheduling.TaskExecutor.lambda$new$0:152 Stopping service [CONTEXT enable_persistent_logger=true ]
06-02 07:55:44.093  2583  2583 I DialerTaskExecutor: com.android.voicemail.impl.scheduling.TaskExecutor.finishJobAsync:461 finishing Job [CONTEXT enable_persistent_logger=true ]
06-02 07:55:44.094  2583  2583 I DialerTaskSchedulerJobService: com.android.voicemail.impl.scheduling.TaskSchedulerJobService.finishAsync:195 finishing job [CONTEXT enable_persistent_logger=true ]
06-02 07:55:44.108  2583  2583 I DialerTaskExecutor: com.android.voicemail.impl.scheduling.TaskExecutor$JobFinishedPoller.run:189 JobFinishedPoller.run Job finished [CONTEXT enable_persistent_logger=true ]
06-02 07:55:44.109  2583  2583 I DialerTaskExecutor: com.android.voicemail.impl.scheduling.TaskExecutor.terminate:287 terminated [CONTEXT enable_persistent_logger=true ]
06-02 07:55:44.925  7080  7102 I (ExtendedPublishSleepTest.kt:87): .connectWaitAndPublish(): wait 587 seconds
06-02 07:55:44.927  7080  7102 I (ExtendedPublishSleepTest.kt:87): .connectWaitAndPublish(): wait 587 seconds
06-02 07:55:45.940  7080  7102 I (ExtendedPublishSleepTest.kt:87): .connectWaitAndPublish(): wait 586 seconds
06-02 07:55:45.942  7080  7102 I (ExtendedPublishSleepTest.kt:87): .connectWaitAndPublish(): wait 586 seconds
06-02 07:55:46.809   904   904 D StatusBarIconController: ignoring old pipeline callbacks, because the new mobile icons are enabled
06-02 07:55:46.948  7080  7102 I (ExtendedPublishSleepTest.kt:87): .connectWaitAndPublish(): wait 585 seconds
06-02 07:55:46.950  7080  7102 I (ExtendedPublishSleepTest.kt:87): .connectWaitAndPublish(): wait 585 seconds
06-02 07:55:47.953  7080  7102 I (ExtendedPublishSleepTest.kt:87): .connectWaitAndPublish(): wait 584 seconds
06-02 07:55:47.953  7080  7102 I (ExtendedPublishSleepTest.kt:87): .connectWaitAndPublish(): wait 584 seconds
06-02 07:55:48.962  7080  7102 I (ExtendedPublishSleepTest.kt:87): .connectWaitAndPublish(): wait 583 seconds
06-02 07:55:48.963  7080  7102 I (ExtendedPublishSleepTest.kt:87): .connectWaitAndPublish(): wait 583 seconds
06-02 07:55:49.972  7080  7102 I (ExtendedPublishSleepTest.kt:87): .connectWaitAndPublish(): wait 582 seconds
06-02 07:55:49.973  7080  7102 I (ExtendedPublishSleepTest.kt:87): .connectWaitAndPublish(): wait 582 seconds
06-02 07:55:50.980  7080  7102 I (ExtendedPublishSleepTest.kt:87): .connectWaitAndPublish(): wait 581 seconds
06-02 07:55:50.981  7080  7102 I (ExtendedPublishSleepTest.kt:87): .connectWaitAndPublish(): wait 581 seconds
06-02 07:55:51.986  7080  7102 I (ExtendedPublishSleepTest.kt:87): .connectWaitAndPublish(): wait 580 seconds
06-02 07:55:51.988  7080  7102 I (ExtendedPublishSleepTest.kt:87): .connectWaitAndPublish(): wait 580 seconds
06-02 07:55:52.992  7080  7102 I (ExtendedPublishSleepTest.kt:87): .connectWaitAndPublish(): wait 579 seconds
06-02 07:55:52.993  7080  7102 I (ExtendedPublishSleepTest.kt:87): .connectWaitAndPublish(): wait 579 seconds
06-02 07:55:53.999  7080  7102 I (ExtendedPublishSleepTest.kt:87): .connectWaitAndPublish(): wait 578 seconds
06-02 07:55:54.001  7080  7102 I (ExtendedPublishSleepTest.kt:87): .connectWaitAndPublish(): wait 578 seconds
06-02 07:55:55.008  7080  7102 I (ExtendedPublishSleepTest.kt:87): .connectWaitAndPublish(): wait 577 seconds
06-02 07:55:55.010  7080  7102 I (ExtendedPublishSleepTest.kt:87): .connectWaitAndPublish(): wait 577 seconds
06-02 07:55:56.018  7080  7102 I (ExtendedPublishSleepTest.kt:87): .connectWaitAndPublish(): wait 576 seconds
06-02 07:55:56.021  7080  7102 I (ExtendedPublishSleepTest.kt:87): .connectWaitAndPublish(): wait 576 seconds
06-02 07:55:56.822   904   904 D StatusBarIconController: ignoring old pipeline callbacks, because the new mobile icons are enabled
06-02 07:55:57.033  7080  7102 I (ExtendedPublishSleepTest.kt:87): .connectWaitAndPublish(): wait 575 seconds
06-02 07:55:57.034  7080  7102 I (ExtendedPublishSleepTest.kt:87): .connectWaitAndPublish(): wait 575 seconds
06-02 07:55:58.047  7080  7102 I (ExtendedPublishSleepTest.kt:87): .connectWaitAndPublish(): wait 574 seconds
06-02 07:55:58.049  7080  7102 I (ExtendedPublishSleepTest.kt:87): .connectWaitAndPublish(): wait 574 seconds
06-02 07:55:59.053  7080  7102 I (ExtendedPublishSleepTest.kt:87): .connectWaitAndPublish(): wait 573 seconds
06-02 07:55:59.054  7080  7102 I (ExtendedPublishSleepTest.kt:87): .connectWaitAndPublish(): wait 573 seconds
06-02 07:56:00.061  7080  7102 I (ExtendedPublishSleepTest.kt:87): .connectWaitAndPublish(): wait 572 seconds
06-02 07:56:00.062  7080  7102 I (ExtendedPublishSleepTest.kt:87): .connectWaitAndPublish(): wait 572 seconds
06-02 07:56:01.070  7080  7102 I (ExtendedPublishSleepTest.kt:87): .connectWaitAndPublish(): wait 571 seconds
06-02 07:56:01.071  7080  7102 I (ExtendedPublishSleepTest.kt:87): .connectWaitAndPublish(): wait 571 seconds
06-02 07:56:02.081  7080  7102 I (ExtendedPublishSleepTest.kt:87): .connectWaitAndPublish(): wait 570 seconds
06-02 07:56:02.082  7080  7102 I (ExtendedPublishSleepTest.kt:87): .connectWaitAndPublish(): wait 570 seconds
06-02 07:56:03.092  7080  7102 I (ExtendedPublishSleepTest.kt:87): .connectWaitAndPublish(): wait 569 seconds
06-02 07:56:03.094  7080  7102 I (ExtendedPublishSleepTest.kt:87): .connectWaitAndPublish(): wait 569 seconds
06-02 07:56:04.100  7080  7102 I (ExtendedPublishSleepTest.kt:87): .connectWaitAndPublish(): wait 568 seconds
06-02 07:56:04.101  7080  7102 I (ExtendedPublishSleepTest.kt:87): .connectWaitAndPublish(): wait 568 seconds
06-02 07:56:05.105  7080  7102 I (ExtendedPublishSleepTest.kt:87): .connectWaitAndPublish(): wait 567 seconds
06-02 07:56:05.107  7080  7102 I (ExtendedPublishSleepTest.kt:87): .connectWaitAndPublish(): wait 567 seconds
06-02 07:56:06.117  7080  7102 I (ExtendedPublishSleepTest.kt:87): .connectWaitAndPublish(): wait 566 seconds
06-02 07:56:06.118  7080  7102 I (ExtendedPublishSleepTest.kt:87): .connectWaitAndPublish(): wait 566 seconds
06-02 07:56:06.815   904   904 D StatusBarIconController: ignoring old pipeline callbacks, because the new mobile icons are enabled
06-02 07:56:07.120  7080  7102 I (ExtendedPublishSleepTest.kt:87): .connectWaitAndPublish(): wait 565 seconds
06-02 07:56:07.121  7080  7102 I (ExtendedPublishSleepTest.kt:87): .connectWaitAndPublish(): wait 565 seconds
06-02 07:56:08.126  7080  7102 I (ExtendedPublishSleepTest.kt:87): .connectWaitAndPublish(): wait 564 seconds
06-02 07:56:08.127  7080  7102 I (ExtendedPublishSleepTest.kt:87): .connectWaitAndPublish(): wait 564 seconds
06-02 07:56:09.135  7080  7102 I (ExtendedPublishSleepTest.kt:87): .connectWaitAndPublish(): wait 563 seconds
06-02 07:56:09.136  7080  7102 I (ExtendedPublishSleepTest.kt:87): .connectWaitAndPublish(): wait 563 seconds
06-02 07:56:10.146  7080  7102 I (ExtendedPublishSleepTest.kt:87): .connectWaitAndPublish(): wait 562 seconds
06-02 07:56:10.148  7080  7102 I (ExtendedPublishSleepTest.kt:87): .connectWaitAndPublish(): wait 562 seconds
06-02 07:56:11.157  7080  7102 I (ExtendedPublishSleepTest.kt:87): .connectWaitAndPublish(): wait 561 seconds
06-02 07:56:11.165  7080  7102 I (ExtendedPublishSleepTest.kt:87): .connectWaitAndPublish(): wait 561 seconds
06-02 07:56:12.208  7080  7102 I (ExtendedPublishSleepTest.kt:87): .connectWaitAndPublish(): wait 560 seconds
06-02 07:56:12.210  7080  7102 I (ExtendedPublishSleepTest.kt:87): .connectWaitAndPublish(): wait 560 seconds
06-02 07:56:14.653  7080  7102 I (ExtendedPublishSleepTest.kt:87): .connectWaitAndPublish(): wait 559 seconds
06-02 07:56:14.654  7080  7102 I (ExtendedPublishSleepTest.kt:87): .connectWaitAndPublish(): wait 559 seconds
06-02 07:56:15.655  7080  7102 I (ExtendedPublishSleepTest.kt:87): .connectWaitAndPublish(): wait 558 seconds
06-02 07:56:15.658  7080  7102 I (ExtendedPublishSleepTest.kt:87): .connectWaitAndPublish(): wait 558 seconds
06-02 07:56:16.668  7080  7102 I (ExtendedPublishSleepTest.kt:87): .connectWaitAndPublish(): wait 557 seconds
06-02 07:56:16.672  7080  7102 I (ExtendedPublishSleepTest.kt:87): .connectWaitAndPublish(): wait 557 seconds
06-02 07:56:16.968   904   904 D StatusBarIconController: ignoring old pipeline callbacks, because the new mobile icons are enabled
06-02 07:56:17.677  7080  7102 I (ExtendedPublishSleepTest.kt:87): .connectWaitAndPublish(): wait 556 seconds
06-02 07:56:17.677  7080  7102 I (ExtendedPublishSleepTest.kt:87): .connectWaitAndPublish(): wait 556 seconds
06-02 07:56:18.685  7080  7102 I (ExtendedPublishSleepTest.kt:87): .connectWaitAndPublish(): wait 555 seconds
06-02 07:56:18.687  7080  7102 I (ExtendedPublishSleepTest.kt:87): .connectWaitAndPublish(): wait 555 seconds
06-02 07:56:19.690  7080  7102 I (ExtendedPublishSleepTest.kt:87): .connectWaitAndPublish(): wait 554 seconds
06-02 07:56:19.694  7080  7102 I (ExtendedPublishSleepTest.kt:87): .connectWaitAndPublish(): wait 554 seconds
06-02 07:56:20.706  7080  7102 I (ExtendedPublishSleepTest.kt:87): .connectWaitAndPublish(): wait 553 seconds
06-02 07:56:20.709  7080  7102 I (ExtendedPublishSleepTest.kt:87): .connectWaitAndPublish(): wait 553 seconds
06-02 07:56:21.716  7080  7102 I (ExtendedPublishSleepTest.kt:87): .connectWaitAndPublish(): wait 552 seconds
06-02 07:56:21.722  7080  7102 I (ExtendedPublishSleepTest.kt:87): .connectWaitAndPublish(): wait 552 seconds
06-02 07:56:22.726  7080  7102 I (ExtendedPublishSleepTest.kt:87): .connectWaitAndPublish(): wait 551 seconds
06-02 07:56:22.735  7080  7102 I (ExtendedPublishSleepTest.kt:87): .connectWaitAndPublish(): wait 551 seconds
06-02 07:56:23.744  7080  7102 I (ExtendedPublishSleepTest.kt:87): .connectWaitAndPublish(): wait 550 seconds
06-02 07:56:23.746  7080  7102 I (ExtendedPublishSleepTest.kt:87): .connectWaitAndPublish(): wait 550 seconds
06-02 07:56:24.763  7080  7102 I (ExtendedPublishSleepTest.kt:87): .connectWaitAndPublish(): wait 549 seconds
06-02 07:56:24.764  7080  7102 I (ExtendedPublishSleepTest.kt:87): .connectWaitAndPublish(): wait 549 seconds
06-02 07:56:25.787  7080  7102 I (ExtendedPublishSleepTest.kt:87): .connectWaitAndPublish(): wait 548 seconds
06-02 07:56:25.788  7080  7102 I (ExtendedPublishSleepTest.kt:87): .connectWaitAndPublish(): wait 548 seconds
06-02 07:56:26.801  7080  7102 I (ExtendedPublishSleepTest.kt:87): .connectWaitAndPublish(): wait 547 seconds
06-02 07:56:26.801  7080  7102 I (ExtendedPublishSleepTest.kt:87): .connectWaitAndPublish(): wait 547 seconds
06-02 07:56:27.241   904   904 D StatusBarIconController: ignoring old pipeline callbacks, because the new mobile icons are enabled
06-02 07:56:27.821  7080  7102 I (ExtendedPublishSleepTest.kt:87): .connectWaitAndPublish(): wait 546 seconds
06-02 07:56:27.836  7080  7102 I (ExtendedPublishSleepTest.kt:87): .connectWaitAndPublish(): wait 546 seconds
06-02 07:56:28.855  7080  7102 I (ExtendedPublishSleepTest.kt:87): .connectWaitAndPublish(): wait 545 seconds
06-02 07:56:28.868  7080  7102 I (ExtendedPublishSleepTest.kt:87): .connectWaitAndPublish(): wait 545 seconds
06-02 07:56:29.897  7080  7102 I (ExtendedPublishSleepTest.kt:87): .connectWaitAndPublish(): wait 544 seconds
06-02 07:56:29.926  7080  7102 I (ExtendedPublishSleepTest.kt:87): .connectWaitAndPublish(): wait 544 seconds
06-02 07:56:30.943  7080  7102 I (ExtendedPublishSleepTest.kt:87): .connectWaitAndPublish(): wait 543 seconds
06-02 07:56:30.944  7080  7102 I (ExtendedPublishSleepTest.kt:87): .connectWaitAndPublish(): wait 543 seconds
06-02 07:56:31.950  7080  7102 I (ExtendedPublishSleepTest.kt:87): .connectWaitAndPublish(): wait 542 seconds
06-02 07:56:31.952  7080  7102 I (ExtendedPublishSleepTest.kt:87): .connectWaitAndPublish(): wait 542 seconds
06-02 07:56:32.955  7080  7102 I (ExtendedPublishSleepTest.kt:87): .connectWaitAndPublish(): wait 541 seconds
06-02 07:56:32.958  7080  7102 I (ExtendedPublishSleepTest.kt:87): .connectWaitAndPublish(): wait 541 seconds
06-02 07:56:33.971  7080  7102 I (ExtendedPublishSleepTest.kt:87): .connectWaitAndPublish(): wait 540 seconds
06-02 07:56:33.974  7080  7102 I (ExtendedPublishSleepTest.kt:87): .connectWaitAndPublish(): wait 540 seconds
06-02 07:56:34.986  7080  7102 I (ExtendedPublishSleepTest.kt:87): .connectWaitAndPublish(): wait 539 seconds
06-02 07:56:34.987  7080  7102 I (ExtendedPublishSleepTest.kt:87): .connectWaitAndPublish(): wait 539 seconds
06-02 07:56:35.999  7080  7102 I (ExtendedPublishSleepTest.kt:87): .connectWaitAndPublish(): wait 538 seconds
06-02 07:56:36.000  7080  7102 I (ExtendedPublishSleepTest.kt:87): .connectWaitAndPublish(): wait 538 seconds
06-02 07:56:36.903   904   904 D StatusBarIconController: ignoring old pipeline callbacks, because the new mobile icons are enabled
06-02 07:56:37.011  7080  7102 I (ExtendedPublishSleepTest.kt:87): .connectWaitAndPublish(): wait 537 seconds
06-02 07:56:37.012  7080  7102 I (ExtendedPublishSleepTest.kt:87): .connectWaitAndPublish(): wait 537 seconds
06-02 07:56:38.020  7080  7102 I (ExtendedPublishSleepTest.kt:87): .connectWaitAndPublish(): wait 536 seconds
06-02 07:56:38.022  7080  7102 I (ExtendedPublishSleepTest.kt:87): .connectWaitAndPublish(): wait 536 seconds
06-02 07:56:39.036  7080  7102 I (ExtendedPublishSleepTest.kt:87): .connectWaitAndPublish(): wait 535 seconds
06-02 07:56:39.039  7080  7102 I (ExtendedPublishSleepTest.kt:87): .connectWaitAndPublish(): wait 535 seconds
06-02 07:56:40.047  7080  7102 I (ExtendedPublishSleepTest.kt:87): .connectWaitAndPublish(): wait 534 seconds
06-02 07:56:40.050  7080  7102 I (ExtendedPublishSleepTest.kt:87): .connectWaitAndPublish(): wait 534 seconds
06-02 07:56:41.057  7080  7102 I (ExtendedPublishSleepTest.kt:87): .connectWaitAndPublish(): wait 533 seconds
06-02 07:56:41.060  7080  7102 I (ExtendedPublishSleepTest.kt:87): .connectWaitAndPublish(): wait 533 seconds
06-02 07:56:42.066  7080  7102 I (ExtendedPublishSleepTest.kt:87): .connectWaitAndPublish(): wait 532 seconds
06-02 07:56:42.068  7080  7102 I (ExtendedPublishSleepTest.kt:87): .connectWaitAndPublish(): wait 532 seconds
06-02 07:56:43.077  7080  7102 I (ExtendedPublishSleepTest.kt:87): .connectWaitAndPublish(): wait 531 seconds
06-02 07:56:43.078  7080  7102 I (ExtendedPublishSleepTest.kt:87): .connectWaitAndPublish(): wait 531 seconds
06-02 07:56:44.089  7080  7102 I (ExtendedPublishSleepTest.kt:87): .connectWaitAndPublish(): wait 530 seconds
06-02 07:56:44.091  7080  7102 I (ExtendedPublishSleepTest.kt:87): .connectWaitAndPublish(): wait 530 seconds
06-02 07:56:45.101  7080  7102 I (ExtendedPublishSleepTest.kt:87): .connectWaitAndPublish(): wait 529 seconds
06-02 07:56:45.102  7080  7102 I (ExtendedPublishSleepTest.kt:87): .connectWaitAndPublish(): wait 529 seconds
06-02 07:56:46.106  7080  7102 I (ExtendedPublishSleepTest.kt:87): .connectWaitAndPublish(): wait 528 seconds
06-02 07:56:46.108  7080  7102 I (ExtendedPublishSleepTest.kt:87): .connectWaitAndPublish(): wait 528 seconds
06-02 07:56:46.894   904   904 D StatusBarIconController: ignoring old pipeline callbacks, because the new mobile icons are enabled
06-02 07:56:47.114  7080  7102 I (ExtendedPublishSleepTest.kt:87): .connectWaitAndPublish(): wait 527 seconds
06-02 07:56:47.115  7080  7102 I (ExtendedPublishSleepTest.kt:87): .connectWaitAndPublish(): wait 527 seconds
06-02 07:56:48.127  7080  7102 I (ExtendedPublishSleepTest.kt:87): .connectWaitAndPublish(): wait 526 seconds
06-02 07:56:48.129  7080  7102 I (ExtendedPublishSleepTest.kt:87): .connectWaitAndPublish(): wait 526 seconds
06-02 07:56:49.135  7080  7102 I (ExtendedPublishSleepTest.kt:87): .connectWaitAndPublish(): wait 525 seconds
06-02 07:56:49.137  7080  7102 I (ExtendedPublishSleepTest.kt:87): .connectWaitAndPublish(): wait 525 seconds
06-02 07:56:50.141  7080  7102 I (ExtendedPublishSleepTest.kt:87): .connectWaitAndPublish(): wait 524 seconds
06-02 07:56:50.143  7080  7102 I (ExtendedPublishSleepTest.kt:87): .connectWaitAndPublish(): wait 524 seconds
06-02 07:56:51.149  7080  7102 I (ExtendedPublishSleepTest.kt:87): .connectWaitAndPublish(): wait 523 seconds
06-02 07:56:51.153  7080  7102 I (ExtendedPublishSleepTest.kt:87): .connectWaitAndPublish(): wait 523 seconds
06-02 07:56:52.161  7080  7102 I (ExtendedPublishSleepTest.kt:87): .connectWaitAndPublish(): wait 522 seconds
06-02 07:56:52.164  7080  7102 I (ExtendedPublishSleepTest.kt:87): .connectWaitAndPublish(): wait 522 seconds
06-02 07:56:53.173  7080  7102 I (ExtendedPublishSleepTest.kt:87): .connectWaitAndPublish(): wait 521 seconds
06-02 07:56:53.174  7080  7102 I (ExtendedPublishSleepTest.kt:87): .connectWaitAndPublish(): wait 521 seconds
06-02 07:56:54.181  7080  7102 I (ExtendedPublishSleepTest.kt:87): .connectWaitAndPublish(): wait 520 seconds
06-02 07:56:54.182  7080  7102 I (ExtendedPublishSleepTest.kt:87): .connectWaitAndPublish(): wait 520 seconds
06-02 07:56:55.187  7080  7102 I (ExtendedPublishSleepTest.kt:87): .connectWaitAndPublish(): wait 519 seconds
06-02 07:56:55.190  7080  7102 I (ExtendedPublishSleepTest.kt:87): .connectWaitAndPublish(): wait 519 seconds
06-02 07:56:56.193  7080  7102 I (ExtendedPublishSleepTest.kt:87): .connectWaitAndPublish(): wait 518 seconds
06-02 07:56:56.196  7080  7102 I (ExtendedPublishSleepTest.kt:87): .connectWaitAndPublish(): wait 518 seconds
06-02 07:56:56.900   904   904 D StatusBarIconController: ignoring old pipeline callbacks, because the new mobile icons are enabled
06-02 07:56:57.205  7080  7102 I (ExtendedPublishSleepTest.kt:87): .connectWaitAndPublish(): wait 517 seconds
06-02 07:56:57.207  7080  7102 I (ExtendedPublishSleepTest.kt:87): .connectWaitAndPublish(): wait 517 seconds
06-02 07:56:58.212  7080  7102 I (ExtendedPublishSleepTest.kt:87): .connectWaitAndPublish(): wait 516 seconds
06-02 07:56:58.214  7080  7102 I (ExtendedPublishSleepTest.kt:87): .connectWaitAndPublish(): wait 516 seconds
06-02 07:56:59.225  7080  7102 I (ExtendedPublishSleepTest.kt:87): .connectWaitAndPublish(): wait 515 seconds
06-02 07:56:59.229  7080  7102 I (ExtendedPublishSleepTest.kt:87): .connectWaitAndPublish(): wait 515 seconds
06-02 07:57:00.237  7080  7102 I (ExtendedPublishSleepTest.kt:87): .connectWaitAndPublish(): wait 514 seconds
06-02 07:57:00.238  7080  7102 I (ExtendedPublishSleepTest.kt:87): .connectWaitAndPublish(): wait 514 seconds
06-02 07:57:01.243  7080  7102 I (ExtendedPublishSleepTest.kt:87): .connectWaitAndPublish(): wait 513 seconds
06-02 07:57:01.244  7080  7102 I (ExtendedPublishSleepTest.kt:87): .connectWaitAndPublish(): wait 513 seconds
06-02 07:57:02.250  7080  7102 I (ExtendedPublishSleepTest.kt:87): .connectWaitAndPublish(): wait 512 seconds
06-02 07:57:02.253  7080  7102 I (ExtendedPublishSleepTest.kt:87): .connectWaitAndPublish(): wait 512 seconds
06-02 07:57:03.259  7080  7102 I (ExtendedPublishSleepTest.kt:87): .connectWaitAndPublish(): wait 511 seconds
06-02 07:57:03.260  7080  7102 I (ExtendedPublishSleepTest.kt:87): .connectWaitAndPublish(): wait 511 seconds
06-02 07:57:04.267  7080  7102 I (ExtendedPublishSleepTest.kt:87): .connectWaitAndPublish(): wait 510 seconds
06-02 07:57:04.269  7080  7102 I (ExtendedPublishSleepTest.kt:87): .connectWaitAndPublish(): wait 510 seconds
06-02 07:57:05.274  7080  7102 I (ExtendedPublishSleepTest.kt:87): .connectWaitAndPublish(): wait 509 seconds
06-02 07:57:05.277  7080  7102 I (ExtendedPublishSleepTest.kt:87): .connectWaitAndPublish(): wait 509 seconds
06-02 07:57:06.282  7080  7102 I (ExtendedPublishSleepTest.kt:87): .connectWaitAndPublish(): wait 508 seconds
06-02 07:57:06.284  7080  7102 I (ExtendedPublishSleepTest.kt:87): .connectWaitAndPublish(): wait 508 seconds
06-02 07:57:06.906   904   904 D StatusBarIconController: ignoring old pipeline callbacks, because the new mobile icons are enabled
06-02 07:57:07.293  7080  7102 I (ExtendedPublishSleepTest.kt:87): .connectWaitAndPublish(): wait 507 seconds
06-02 07:57:07.295  7080  7102 I (ExtendedPublishSleepTest.kt:87): .connectWaitAndPublish(): wait 507 seconds
06-02 07:57:08.304  7080  7102 I (ExtendedPublishSleepTest.kt:87): .connectWaitAndPublish(): wait 506 seconds
06-02 07:57:08.306  7080  7102 I (ExtendedPublishSleepTest.kt:87): .connectWaitAndPublish(): wait 506 seconds
06-02 07:57:09.311  7080  7102 I (ExtendedPublishSleepTest.kt:87): .connectWaitAndPublish(): wait 505 seconds
06-02 07:57:09.313  7080  7102 I (ExtendedPublishSleepTest.kt:87): .connectWaitAndPublish(): wait 505 seconds
06-02 07:57:10.320  7080  7102 I (ExtendedPublishSleepTest.kt:87): .connectWaitAndPublish(): wait 504 seconds
06-02 07:57:10.323  7080  7102 I (ExtendedPublishSleepTest.kt:87): .connectWaitAndPublish(): wait 504 seconds
06-02 07:57:11.330  7080  7102 I (ExtendedPublishSleepTest.kt:87): .connectWaitAndPublish(): wait 503 seconds
06-02 07:57:11.331  7080  7102 I (ExtendedPublishSleepTest.kt:87): .connectWaitAndPublish(): wait 503 seconds
06-02 07:57:12.341  7080  7102 I (ExtendedPublishSleepTest.kt:87): .connectWaitAndPublish(): wait 502 seconds
06-02 07:57:12.345  7080  7102 I (ExtendedPublishSleepTest.kt:87): .connectWaitAndPublish(): wait 502 seconds
06-02 07:57:13.356  7080  7102 I (ExtendedPublishSleepTest.kt:87): .connectWaitAndPublish(): wait 501 seconds
06-02 07:57:13.357  7080  7102 I (ExtendedPublishSleepTest.kt:87): .connectWaitAndPublish(): wait 501 seconds
06-02 07:57:14.364  7080  7102 I (ExtendedPublishSleepTest.kt:87): .connectWaitAndPublish(): wait 500 seconds
06-02 07:57:14.365  7080  7102 I (ExtendedPublishSleepTest.kt:87): .connectWaitAndPublish(): wait 500 seconds
06-02 07:57:15.374  7080  7102 I (ExtendedPublishSleepTest.kt:87): .connectWaitAndPublish(): wait 499 seconds
06-02 07:57:15.377  7080  7102 I (ExtendedPublishSleepTest.kt:87): .connectWaitAndPublish(): wait 499 seconds
06-02 07:57:16.389  7080  7102 I (ExtendedPublishSleepTest.kt:87): .connectWaitAndPublish(): wait 498 seconds
06-02 07:57:16.390  7080  7102 I (ExtendedPublishSleepTest.kt:87): .connectWaitAndPublish(): wait 498 seconds
06-02 07:57:16.914   904   904 D StatusBarIconController: ignoring old pipeline callbacks, because the new mobile icons are enabled
06-02 07:57:17.399  7080  7102 I (ExtendedPublishSleepTest.kt:87): .connectWaitAndPublish(): wait 497 seconds
06-02 07:57:17.400  7080  7102 I (ExtendedPublishSleepTest.kt:87): .connectWaitAndPublish(): wait 497 seconds
06-02 07:57:18.410  7080  7102 I (ExtendedPublishSleepTest.kt:87): .connectWaitAndPublish(): wait 496 seconds
06-02 07:57:18.412  7080  7102 I (ExtendedPublishSleepTest.kt:87): .connectWaitAndPublish(): wait 496 seconds
06-02 07:57:19.422  7080  7102 I (ExtendedPublishSleepTest.kt:87): .connectWaitAndPublish(): wait 495 seconds
06-02 07:57:19.423  7080  7102 I (ExtendedPublishSleepTest.kt:87): .connectWaitAndPublish(): wait 495 seconds
06-02 07:57:20.436  7080  7102 I (ExtendedPublishSleepTest.kt:87): .connectWaitAndPublish(): wait 494 seconds
06-02 07:57:20.438  7080  7102 I (ExtendedPublishSleepTest.kt:87): .connectWaitAndPublish(): wait 494 seconds
06-02 07:57:21.449  7080  7102 I (ExtendedPublishSleepTest.kt:87): .connectWaitAndPublish(): wait 493 seconds
06-02 07:57:21.451  7080  7102 I (ExtendedPublishSleepTest.kt:87): .connectWaitAndPublish(): wait 493 seconds
06-02 07:57:22.465  7080  7102 I (ExtendedPublishSleepTest.kt:87): .connectWaitAndPublish(): wait 492 seconds
06-02 07:57:22.467  7080  7102 I (ExtendedPublishSleepTest.kt:87): .connectWaitAndPublish(): wait 492 seconds
06-02 07:57:23.478  7080  7102 I (ExtendedPublishSleepTest.kt:87): .connectWaitAndPublish(): wait 491 seconds
06-02 07:57:23.480  7080  7102 I (ExtendedPublishSleepTest.kt:87): .connectWaitAndPublish(): wait 491 seconds
06-02 07:57:24.486  7080  7102 I (ExtendedPublishSleepTest.kt:87): .connectWaitAndPublish(): wait 490 seconds
06-02 07:57:24.487  7080  7102 I (ExtendedPublishSleepTest.kt:87): .connectWaitAndPublish(): wait 490 seconds
06-02 07:57:25.490  7080  7102 I (ExtendedPublishSleepTest.kt:87): .connectWaitAndPublish(): wait 489 seconds
06-02 07:57:25.492  7080  7102 I (ExtendedPublishSleepTest.kt:87): .connectWaitAndPublish(): wait 489 seconds
06-02 07:57:26.497  7080  7102 I (ExtendedPublishSleepTest.kt:87): .connectWaitAndPublish(): wait 488 seconds
06-02 07:57:26.498  7080  7102 I (ExtendedPublishSleepTest.kt:87): .connectWaitAndPublish(): wait 488 seconds
06-02 07:57:26.918   904   904 D StatusBarIconController: ignoring old pipeline callbacks, because the new mobile icons are enabled
06-02 07:57:27.513  7080  7102 I (ExtendedPublishSleepTest.kt:87): .connectWaitAndPublish(): wait 487 seconds
06-02 07:57:27.514  7080  7102 I (ExtendedPublishSleepTest.kt:87): .connectWaitAndPublish(): wait 487 seconds
06-02 07:57:28.520  7080  7102 I (ExtendedPublishSleepTest.kt:87): .connectWaitAndPublish(): wait 486 seconds
06-02 07:57:28.521  7080  7102 I (ExtendedPublishSleepTest.kt:87): .connectWaitAndPublish(): wait 486 seconds
06-02 07:57:29.524  7080  7102 I (ExtendedPublishSleepTest.kt:87): .connectWaitAndPublish(): wait 485 seconds
06-02 07:57:29.525  7080  7102 I (ExtendedPublishSleepTest.kt:87): .connectWaitAndPublish(): wait 485 seconds
06-02 07:57:30.535  7080  7102 I (ExtendedPublishSleepTest.kt:87): .connectWaitAndPublish(): wait 484 seconds
06-02 07:57:30.538  7080  7102 I (ExtendedPublishSleepTest.kt:87): .connectWaitAndPublish(): wait 484 seconds
06-02 07:57:30.691   540   823 E WifiStaIfaceAidlImpl: installApfPacketFilter failed with service-specific exception: android.os.ServiceSpecificException:  (code 4)
06-02 07:57:31.543  7080  7102 I (ExtendedPublishSleepTest.kt:87): .connectWaitAndPublish(): wait 483 seconds
06-02 07:57:31.545  7080  7102 I (ExtendedPublishSleepTest.kt:87): .connectWaitAndPublish(): wait 483 seconds
06-02 07:57:32.555  7080  7102 I (ExtendedPublishSleepTest.kt:87): .connectWaitAndPublish(): wait 482 seconds
06-02 07:57:32.557  7080  7102 I (ExtendedPublishSleepTest.kt:87): .connectWaitAndPublish(): wait 482 seconds
06-02 07:57:33.561  7080  7102 I (ExtendedPublishSleepTest.kt:87): .connectWaitAndPublish(): wait 481 seconds
06-02 07:57:33.563  7080  7102 I (ExtendedPublishSleepTest.kt:87): .connectWaitAndPublish(): wait 481 seconds
06-02 07:57:34.573  7080  7102 I (ExtendedPublishSleepTest.kt:87): .connectWaitAndPublish(): wait 480 seconds
06-02 07:57:34.575  7080  7102 I (ExtendedPublishSleepTest.kt:87): .connectWaitAndPublish(): wait 480 seconds
06-02 07:57:35.588  7080  7102 I (ExtendedPublishSleepTest.kt:87): .connectWaitAndPublish(): wait 479 seconds
06-02 07:57:35.590  7080  7102 I (ExtendedPublishSleepTest.kt:87): .connectWaitAndPublish(): wait 479 seconds
06-02 07:57:36.597  7080  7102 I (ExtendedPublishSleepTest.kt:87): .connectWaitAndPublish(): wait 478 seconds
06-02 07:57:36.598  7080  7102 I (ExtendedPublishSleepTest.kt:87): .connectWaitAndPublish(): wait 478 seconds
06-02 07:57:36.934   904   904 D StatusBarIconController: ignoring old pipeline callbacks, because the new mobile icons are enabled
06-02 07:57:37.608  7080  7102 I (ExtendedPublishSleepTest.kt:87): .connectWaitAndPublish(): wait 477 seconds
06-02 07:57:37.609  7080  7102 I (ExtendedPublishSleepTest.kt:87): .connectWaitAndPublish(): wait 477 seconds
06-02 07:57:38.614  7080  7102 I (ExtendedPublishSleepTest.kt:87): .connectWaitAndPublish(): wait 476 seconds
06-02 07:57:38.617  7080  7102 I (ExtendedPublishSleepTest.kt:87): .connectWaitAndPublish(): wait 476 seconds
06-02 07:57:39.632  7080  7102 I (ExtendedPublishSleepTest.kt:87): .connectWaitAndPublish(): wait 475 seconds
06-02 07:57:39.634  7080  7102 I (ExtendedPublishSleepTest.kt:87): .connectWaitAndPublish(): wait 475 seconds
06-02 07:57:40.655  7080  7102 I (ExtendedPublishSleepTest.kt:87): .connectWaitAndPublish(): wait 474 seconds
06-02 07:57:40.657  7080  7102 I (ExtendedPublishSleepTest.kt:87): .connectWaitAndPublish(): wait 474 seconds
06-02 07:57:41.660  7080  7102 I (ExtendedPublishSleepTest.kt:87): .connectWaitAndPublish(): wait 473 seconds
06-02 07:57:41.663  7080  7102 I (ExtendedPublishSleepTest.kt:87): .connectWaitAndPublish(): wait 473 seconds
06-02 07:57:42.669  7080  7102 I (ExtendedPublishSleepTest.kt:87): .connectWaitAndPublish(): wait 472 seconds
06-02 07:57:42.671  7080  7102 I (ExtendedPublishSleepTest.kt:87): .connectWaitAndPublish(): wait 472 seconds
06-02 07:57:43.680  7080  7102 I (ExtendedPublishSleepTest.kt:87): .connectWaitAndPublish(): wait 471 seconds
06-02 07:57:43.681  7080  7102 I (ExtendedPublishSleepTest.kt:87): .connectWaitAndPublish(): wait 471 seconds
06-02 07:57:44.692  7080  7102 I (ExtendedPublishSleepTest.kt:87): .connectWaitAndPublish(): wait 470 seconds
06-02 07:57:44.693  7080  7102 I (ExtendedPublishSleepTest.kt:87): .connectWaitAndPublish(): wait 470 seconds
06-02 07:57:45.704  7080  7102 I (ExtendedPublishSleepTest.kt:87): .connectWaitAndPublish(): wait 469 seconds
06-02 07:57:45.705  7080  7102 I (ExtendedPublishSleepTest.kt:87): .connectWaitAndPublish(): wait 469 seconds
06-02 07:57:46.714  7080  7102 I (ExtendedPublishSleepTest.kt:87): .connectWaitAndPublish(): wait 468 seconds
06-02 07:57:46.717  7080  7102 I (ExtendedPublishSleepTest.kt:87): .connectWaitAndPublish(): wait 468 seconds
06-02 07:57:46.937   904   904 D StatusBarIconController: ignoring old pipeline callbacks, because the new mobile icons are enabled
06-02 07:57:47.720  7080  7102 I (ExtendedPublishSleepTest.kt:87): .connectWaitAndPublish(): wait 467 seconds
06-02 07:57:47.721  7080  7102 I (ExtendedPublishSleepTest.kt:87): .connectWaitAndPublish(): wait 467 seconds
06-02 07:57:48.727  7080  7102 I (ExtendedPublishSleepTest.kt:87): .connectWaitAndPublish(): wait 466 seconds
06-02 07:57:48.729  7080  7102 I (ExtendedPublishSleepTest.kt:87): .connectWaitAndPublish(): wait 466 seconds
06-02 07:57:49.734  7080  7102 I (ExtendedPublishSleepTest.kt:87): .connectWaitAndPublish(): wait 465 seconds
06-02 07:57:49.735  7080  7102 I (ExtendedPublishSleepTest.kt:87): .connectWaitAndPublish(): wait 465 seconds
06-02 07:57:50.744  7080  7102 I (ExtendedPublishSleepTest.kt:87): .connectWaitAndPublish(): wait 464 seconds
06-02 07:57:50.746  7080  7102 I (ExtendedPublishSleepTest.kt:87): .connectWaitAndPublish(): wait 464 seconds
06-02 07:57:51.753  7080  7102 I (ExtendedPublishSleepTest.kt:87): .connectWaitAndPublish(): wait 463 seconds
06-02 07:57:51.754  7080  7102 I (ExtendedPublishSleepTest.kt:87): .connectWaitAndPublish(): wait 463 seconds
06-02 07:57:52.760  7080  7102 I (ExtendedPublishSleepTest.kt:87): .connectWaitAndPublish(): wait 462 seconds
06-02 07:57:52.761  7080  7102 I (ExtendedPublishSleepTest.kt:87): .connectWaitAndPublish(): wait 462 seconds
06-02 07:57:53.770  7080  7102 I (ExtendedPublishSleepTest.kt:87): .connectWaitAndPublish(): wait 461 seconds
06-02 07:57:53.771  7080  7102 I (ExtendedPublishSleepTest.kt:87): .connectWaitAndPublish(): wait 461 seconds
06-02 07:57:54.776  7080  7102 I (ExtendedPublishSleepTest.kt:87): .connectWaitAndPublish(): wait 460 seconds
06-02 07:57:54.778  7080  7102 I (ExtendedPublishSleepTest.kt:87): .connectWaitAndPublish(): wait 460 seconds
06-02 07:57:55.785  7080  7102 I (ExtendedPublishSleepTest.kt:87): .connectWaitAndPublish(): wait 459 seconds
06-02 07:57:55.788  7080  7102 I (ExtendedPublishSleepTest.kt:87): .connectWaitAndPublish(): wait 459 seconds
06-02 07:57:56.801  7080  7102 I (ExtendedPublishSleepTest.kt:87): .connectWaitAndPublish(): wait 458 seconds
06-02 07:57:56.803  7080  7102 I (ExtendedPublishSleepTest.kt:87): .connectWaitAndPublish(): wait 458 seconds
06-02 07:57:56.934   904   904 D StatusBarIconController: ignoring old pipeline callbacks, because the new mobile icons are enabled
06-02 07:57:57.809  7080  7102 I (ExtendedPublishSleepTest.kt:87): .connectWaitAndPublish(): wait 457 seconds
06-02 07:57:57.811  7080  7102 I (ExtendedPublishSleepTest.kt:87): .connectWaitAndPublish(): wait 457 seconds
06-02 07:57:58.817  7080  7102 I (ExtendedPublishSleepTest.kt:87): .connectWaitAndPublish(): wait 456 seconds
06-02 07:57:58.819  7080  7102 I (ExtendedPublishSleepTest.kt:87): .connectWaitAndPublish(): wait 456 seconds
06-02 07:57:59.823  7080  7102 I (ExtendedPublishSleepTest.kt:87): .connectWaitAndPublish(): wait 455 seconds
06-02 07:57:59.825  7080  7102 I (ExtendedPublishSleepTest.kt:87): .connectWaitAndPublish(): wait 455 seconds
06-02 07:58:00.839  7080  7102 I (ExtendedPublishSleepTest.kt:87): .connectWaitAndPublish(): wait 454 seconds
06-02 07:58:00.841  7080  7102 I (ExtendedPublishSleepTest.kt:87): .connectWaitAndPublish(): wait 454 seconds
06-02 07:58:01.849  7080  7102 I (ExtendedPublishSleepTest.kt:87): .connectWaitAndPublish(): wait 453 seconds
06-02 07:58:01.850  7080  7102 I (ExtendedPublishSleepTest.kt:87): .connectWaitAndPublish(): wait 453 seconds
06-02 07:58:02.863  7080  7102 I (ExtendedPublishSleepTest.kt:87): .connectWaitAndPublish(): wait 452 seconds
06-02 07:58:02.865  7080  7102 I (ExtendedPublishSleepTest.kt:87): .connectWaitAndPublish(): wait 452 seconds
06-02 07:58:03.877  7080  7102 I (ExtendedPublishSleepTest.kt:87): .connectWaitAndPublish(): wait 451 seconds
06-02 07:58:03.879  7080  7102 I (ExtendedPublishSleepTest.kt:87): .connectWaitAndPublish(): wait 451 seconds
06-02 07:58:04.886  7080  7102 I (ExtendedPublishSleepTest.kt:87): .connectWaitAndPublish(): wait 450 seconds
06-02 07:58:04.888  7080  7102 I (ExtendedPublishSleepTest.kt:87): .connectWaitAndPublish(): wait 450 seconds
06-02 07:58:05.890  7080  7102 I (ExtendedPublishSleepTest.kt:87): .connectWaitAndPublish(): wait 449 seconds
06-02 07:58:05.893  7080  7102 I (ExtendedPublishSleepTest.kt:87): .connectWaitAndPublish(): wait 449 seconds
06-02 07:58:06.902  7080  7102 I (ExtendedPublishSleepTest.kt:87): .connectWaitAndPublish(): wait 448 seconds
06-02 07:58:06.904  7080  7102 I (ExtendedPublishSleepTest.kt:87): .connectWaitAndPublish(): wait 448 seconds
06-02 07:58:06.939   904   904 D StatusBarIconController: ignoring old pipeline callbacks, because the new mobile icons are enabled
06-02 07:58:07.908  7080  7102 I (ExtendedPublishSleepTest.kt:87): .connectWaitAndPublish(): wait 447 seconds
06-02 07:58:07.910  7080  7102 I (ExtendedPublishSleepTest.kt:87): .connectWaitAndPublish(): wait 447 seconds
06-02 07:58:08.917  7080  7102 I (ExtendedPublishSleepTest.kt:87): .connectWaitAndPublish(): wait 446 seconds
06-02 07:58:08.919  7080  7102 I (ExtendedPublishSleepTest.kt:87): .connectWaitAndPublish(): wait 446 seconds
06-02 07:58:09.923  7080  7102 I (ExtendedPublishSleepTest.kt:87): .connectWaitAndPublish(): wait 445 seconds
06-02 07:58:09.925  7080  7102 I (ExtendedPublishSleepTest.kt:87): .connectWaitAndPublish(): wait 445 seconds
06-02 07:58:10.936  7080  7102 I (ExtendedPublishSleepTest.kt:87): .connectWaitAndPublish(): wait 444 seconds
06-02 07:58:10.937  7080  7102 I (ExtendedPublishSleepTest.kt:87): .connectWaitAndPublish(): wait 444 seconds
06-02 07:58:11.944  7080  7102 I (ExtendedPublishSleepTest.kt:87): .connectWaitAndPublish(): wait 443 seconds
06-02 07:58:11.946  7080  7102 I (ExtendedPublishSleepTest.kt:87): .connectWaitAndPublish(): wait 443 seconds
06-02 07:58:12.952  7080  7102 I (ExtendedPublishSleepTest.kt:87): .connectWaitAndPublish(): wait 442 seconds
06-02 07:58:12.953  7080  7102 I (ExtendedPublishSleepTest.kt:87): .connectWaitAndPublish(): wait 442 seconds
06-02 07:58:13.957  7080  7102 I (ExtendedPublishSleepTest.kt:87): .connectWaitAndPublish(): wait 441 seconds
06-02 07:58:13.958  7080  7102 I (ExtendedPublishSleepTest.kt:87): .connectWaitAndPublish(): wait 441 seconds
06-02 07:58:14.971  7080  7102 I (ExtendedPublishSleepTest.kt:87): .connectWaitAndPublish(): wait 440 seconds
06-02 07:58:14.974  7080  7102 I (ExtendedPublishSleepTest.kt:87): .connectWaitAndPublish(): wait 440 seconds
06-02 07:58:15.985  7080  7102 I (ExtendedPublishSleepTest.kt:87): .connectWaitAndPublish(): wait 439 seconds
06-02 07:58:15.987  7080  7102 I (ExtendedPublishSleepTest.kt:87): .connectWaitAndPublish(): wait 439 seconds
06-02 07:58:16.970   904   904 D StatusBarIconController: ignoring old pipeline callbacks, because the new mobile icons are enabled
06-02 07:58:16.996  7080  7102 I (ExtendedPublishSleepTest.kt:87): .connectWaitAndPublish(): wait 438 seconds
06-02 07:58:16.997  7080  7102 I (ExtendedPublishSleepTest.kt:87): .connectWaitAndPublish(): wait 438 seconds
06-02 07:58:18.004  7080  7102 I (ExtendedPublishSleepTest.kt:87): .connectWaitAndPublish(): wait 437 seconds
06-02 07:58:18.006  7080  7102 I (ExtendedPublishSleepTest.kt:87): .connectWaitAndPublish(): wait 437 seconds
06-02 07:58:19.020  7080  7102 I (ExtendedPublishSleepTest.kt:87): .connectWaitAndPublish(): wait 436 seconds
06-02 07:58:19.021  7080  7102 I (ExtendedPublishSleepTest.kt:87): .connectWaitAndPublish(): wait 436 seconds
06-02 07:58:20.038  7080  7102 I (ExtendedPublishSleepTest.kt:87): .connectWaitAndPublish(): wait 435 seconds
06-02 07:58:20.040  7080  7102 I (ExtendedPublishSleepTest.kt:87): .connectWaitAndPublish(): wait 435 seconds
06-02 07:58:21.052  7080  7102 I (ExtendedPublishSleepTest.kt:87): .connectWaitAndPublish(): wait 434 seconds
06-02 07:58:21.053  7080  7102 I (ExtendedPublishSleepTest.kt:87): .connectWaitAndPublish(): wait 434 seconds
06-02 07:58:22.066  7080  7102 I (ExtendedPublishSleepTest.kt:87): .connectWaitAndPublish(): wait 433 seconds
06-02 07:58:22.067  7080  7102 I (ExtendedPublishSleepTest.kt:87): .connectWaitAndPublish(): wait 433 seconds
06-02 07:58:23.082  7080  7102 I (ExtendedPublishSleepTest.kt:87): .connectWaitAndPublish(): wait 432 seconds
06-02 07:58:23.084  7080  7102 I (ExtendedPublishSleepTest.kt:87): .connectWaitAndPublish(): wait 432 seconds
06-02 07:58:24.091  7080  7102 I (ExtendedPublishSleepTest.kt:87): .connectWaitAndPublish(): wait 431 seconds
06-02 07:58:24.092  7080  7102 I (ExtendedPublishSleepTest.kt:87): .connectWaitAndPublish(): wait 431 seconds
06-02 07:58:25.106  7080  7102 I (ExtendedPublishSleepTest.kt:87): .connectWaitAndPublish(): wait 430 seconds
06-02 07:58:25.109  7080  7102 I (ExtendedPublishSleepTest.kt:87): .connectWaitAndPublish(): wait 430 seconds
06-02 07:58:25.898  7080  7104 D CompatibilityChangeReporter: Compat change id reported: 263076149; UID 10194; state: ENABLED
06-02 07:58:25.921  7080  7110 D (PingWorker.kt:18): .doWork(): Sending Ping at: 2024-06-02 07:58:25Z
06-02 07:58:25.921  7080  7110 D (PingWorker.kt:18): .doWork(): Sending Ping at: 2024-06-02 07:58:25Z
06-02 07:58:25.922  7080  7110 D (AlarmPingSender.kt:43): .schedule(): Schedule next alarm at 2024-06-02 07:58:29Z
06-02 07:58:25.922  7080  7110 D (AlarmPingSender.kt:43): .schedule(): Schedule next alarm at 2024-06-02 07:58:29Z
06-02 07:58:26.111  7080  7102 I (ExtendedPublishSleepTest.kt:87): .connectWaitAndPublish(): wait 429 seconds
06-02 07:58:26.111  7080  7102 I (ExtendedPublishSleepTest.kt:87): .connectWaitAndPublish(): wait 429 seconds
06-02 07:58:26.138  2583  2960 W TimedProcessReaper: Memory state is: 230
06-02 07:58:26.150   540  2629 D ConnectivityService: requestNetwork for uid/pid:10130/2583 activeRequest: null callbackRequest: 148 [NetworkRequest [ REQUEST id=149, [ Capabilities: INTERNET&NOT_RESTRICTED&TRUSTED&NOT_VCN_MANAGED Uid: 10130 RequestorUid: 10130 RequestorPkg: com.google.android.dialer UnderlyingNetworks: Null] ]] callback flags: 0 order: 2147483647
06-02 07:58:26.153  4125  4125 I GH.IconVerifyService: triggerSource = BOOT_COMPLETE, componentState = 2
06-02 07:58:26.171   540   823 D WifiNetworkFactory: got request NetworkRequest [ REQUEST id=149, [ Capabilities: INTERNET&NOT_RESTRICTED&TRUSTED&NOT_VCN_MANAGED Uid: 10130 RequestorUid: 10130 RequestorPkg: com.google.android.dialer UnderlyingNetworks: Null] ]
06-02 07:58:26.172   540   823 D UntrustedWifiNetworkFactory: got request NetworkRequest [ REQUEST id=149, [ Capabilities: INTERNET&NOT_RESTRICTED&TRUSTED&NOT_VCN_MANAGED Uid: 10130 RequestorUid: 10130 RequestorPkg: com.google.android.dialer UnderlyingNetworks: Null] ]
06-02 07:58:26.172   540   823 D OemPaidWifiNetworkFactory: got request NetworkRequest [ REQUEST id=149, [ Capabilities: INTERNET&NOT_RESTRICTED&TRUSTED&NOT_VCN_MANAGED Uid: 10130 RequestorUid: 10130 RequestorPkg: com.google.android.dialer UnderlyingNetworks: Null] ]
06-02 07:58:26.172   540   823 D MultiInternetWifiNetworkFactory: got request NetworkRequest [ REQUEST id=149, [ Capabilities: INTERNET&NOT_RESTRICTED&TRUSTED&NOT_VCN_MANAGED Uid: 10130 RequestorUid: 10130 RequestorPkg: com.google.android.dialer UnderlyingNetworks: Null] ]
06-02 07:58:26.175   540   830 D ConnectivityService: NetReassign [149 : null  100] [c 5] [a 7] [i 10]
06-02 07:58:26.188  2583  2583 I DialerConstellationSyncWorker: com.android.dialer.businessvoice.control.worker.ConstellationSyncWorker.startWork:66 starting work
06-02 07:58:26.200  2583  2979 I DialerCountryCodeProvider: com.android.dialer.businessvoice.verifiedcall.impl.i18n.CountryCodeProvider.getSimCountryCodeInternal:85 returning Redacted-2-chars
06-02 07:58:26.203  2583  3004 I DialerCachedVerifiedNumberProvider: com.android.dialer.businessvoice.verifiedcall.impl.constellation.CachedVerifiedNumberProvider.refreshConstellationInfo:190 Retrieving constellation info and refreshing the cache.
06-02 07:58:26.205  1863  1863 I BgTaskExecutorImpl: (REDACTED) Starting %s background task %s.
06-02 07:58:26.283  5979  5979 D BoundBrokerSvc: onBind: Intent { act=com.google.android.gms.constellation.service.START pkg=com.google.android.gms }
06-02 07:58:26.283  5979  5979 D BoundBrokerSvc: Loading bound service for intent: Intent { act=com.google.android.gms.constellation.service.START pkg=com.google.android.gms }
06-02 07:58:26.330  5979  5979 D BoundBrokerSvc: onBind: Intent { act=com.google.android.gms.common.BIND_SHARED_PREFS pkg=com.google.android.gms }
06-02 07:58:26.330  5979  5979 D BoundBrokerSvc: Loading bound service for intent: Intent { act=com.google.android.gms.common.BIND_SHARED_PREFS pkg=com.google.android.gms }
06-02 07:58:26.331  5979  5979 D BoundBrokerSvc: onUnbind: Intent { act=com.google.android.gms.common.BIND_SHARED_PREFS pkg=com.google.android.gms }
06-02 07:58:26.333  5979  6028 E constellation: [api_verify_phone_operation] Failed to generate Client Signature
06-02 07:58:26.333  5979  6028 E constellation: acwp: Stored private key deleted
06-02 07:58:26.333  5979  6028 E constellation: 	at acos.e(:com.google.android.gms@231818044@23.18.18 (190400-535401451):4)
06-02 07:58:26.333  5979  6028 E constellation: 	at acos.d(:com.google.android.gms@231818044@23.18.18 (190400-535401451):1)
06-02 07:58:26.333  5979  6028 E constellation: 	at acoa.c(:com.google.android.gms@231818044@23.18.18 (190400-535401451):22)
06-02 07:58:26.333  5979  6028 E constellation: 	at acoa.f(:com.google.android.gms@231818044@23.18.18 (190400-535401451):12)
06-02 07:58:26.333  5979  6028 E constellation: 	at avsy.eo(:com.google.android.gms@231818044@23.18.18 (190400-535401451):1)
06-02 07:58:26.333  5979  6028 E constellation: 	at avtf.run(:com.google.android.gms@231818044@23.18.18 (190400-535401451):14)
06-02 07:58:26.333  5979  6028 E constellation: 	at dfhf.run(:com.google.android.gms@231818044@23.18.18 (190400-535401451):2)
06-02 07:58:26.333  5979  6028 E constellation: 	at aced.c(:com.google.android.gms@231818044@23.18.18 (190400-535401451):6)
06-02 07:58:26.333  5979  6028 E constellation: 	at aced.run(:com.google.android.gms@231818044@23.18.18 (190400-535401451):7)
06-02 07:58:26.333  5979  6028 E constellation: 	at java.util.concurrent.ThreadPoolExecutor.runWorker(ThreadPoolExecutor.java:1145)
06-02 07:58:26.333  5979  6028 E constellation: 	at java.util.concurrent.ThreadPoolExecutor$Worker.run(ThreadPoolExecutor.java:644)
06-02 07:58:26.333  5979  6028 E constellation: 	at acjn.run(:com.google.android.gms@231818044@23.18.18 (190400-535401451):0)
06-02 07:58:26.333  5979  6028 E constellation: 	at java.lang.Thread.run(Thread.java:1012)
06-02 07:58:26.336  1863  7298 I NetworkRecognitionRnr: Using pair HTTP connection
06-02 07:58:26.336  2583  2979 W DialerVerifiedNumberProvider: com.android.dialer.businessvoice.verifiedcall.impl.constellation.VerifiedNumberProvider.lambda$getConstellationResponse$1:155 Failed to get constellation token.
06-02 07:58:26.336  2583  2979 W DialerVerifiedNumberProvider: nkq: 5004:
06-02 07:58:26.336  2583  2979 W DialerVerifiedNumberProvider: 	at nov.au(PG:1)
06-02 07:58:26.336  2583  2979 W DialerVerifiedNumberProvider: 	at nnf.g(PG:2)
06-02 07:58:26.336  2583  2979 W DialerVerifiedNumberProvider: 	at npo.a(Unknown Source:2)
06-02 07:58:26.336  2583  2979 W DialerVerifiedNumberProvider: 	at npy.dm(PG:9)
06-02 07:58:26.336  2583  2979 W DialerVerifiedNumberProvider: 	at ncz.onTransact(PG:4)
06-02 07:58:26.336  2583  2979 W DialerVerifiedNumberProvider: 	at android.os.Binder.execTransactInternal(Binder.java:1344)
06-02 07:58:26.336  2583  2979 W DialerVerifiedNumberProvider: 	at android.os.Binder.execTransact(Binder.java:1275)
06-02 07:58:26.340  2583  2979 W DialerConstellationSyncWorker: com.android.dialer.businessvoice.control.worker.ConstellationSyncWorker.lambda$syncConstellation$2:110 Constellation api request failed, status code: 5004
06-02 07:58:26.341  2583  2999 I WM-WorkerWrapper: Worker result RETRY for Work [ id=17f66740-263c-437d-b750-d2f3f7fbf770, tags={ com.google.apps.tiktok.contrib.work.TikTokListenableWorker, TikTokWorker#com.android.dialer.businessvoice.control.worker.ConstellationSyncWorker } ]
06-02 07:58:26.362  1863  4380 I A       : [Upload] Connected
06-02 07:58:26.372  1863  1863 E A       : onError
06-02 07:58:26.372  1863  1863 E A       : com.google.android.apps.gsa.shared.speech.a.m: errorCode: 65561, engine: 2
06-02 07:58:26.372  1863  1863 E A       : 	at com.google.android.apps.gsa.staticplugins.da.a.f.a(PG:3)
06-02 07:58:26.372  1863  1863 E A       : 	at com.google.android.apps.gsa.s3.o.gO(PG:1)
06-02 07:58:26.372  1863  1863 E A       : 	at com.google.cc.g.a.f.e(PG:2)
06-02 07:58:26.372  1863  1863 E A       : 	at com.google.android.apps.gsa.speech.k.a.g.d(PG:22)
06-02 07:58:26.372  1863  1863 E A       : 	at com.google.android.apps.gsa.speech.k.a.g.jB(PG:6)
06-02 07:58:26.372  1863  1863 E A       : 	at com.google.android.apps.gsa.s3.p.c(PG:14)
06-02 07:58:26.372  1863  1863 E A       : 	at com.google.android.apps.gsa.s3.q.run(PG:1)
06-02 07:58:26.372  1863  1863 E A       : 	at java.util.concurrent.Executors$RunnableAdapter.call(Executors.java:487)
06-02 07:58:26.372  1863  1863 E A       : 	at java.util.concurrent.FutureTask.run(FutureTask.java:264)
06-02 07:58:26.372  1863  1863 E A       : 	at com.google.android.apps.gsa.shared.util.c.a.e.run(PG:2)
06-02 07:58:26.372  1863  1863 E A       : 	at com.google.android.apps.gsa.shared.util.c.a.bi.run(PG:1)
06-02 07:58:26.372  1863  1863 E A       : 	at com.google.android.apps.gsa.shared.util.c.a.bi.run(PG:1)
06-02 07:58:26.372  1863  1863 E A       : 	at java.util.concurrent.ThreadPoolExecutor.runWorker(ThreadPoolExecutor.java:1145)
06-02 07:58:26.372  1863  1863 E A       : 	at java.util.concurrent.ThreadPoolExecutor$Worker.run(ThreadPoolExecutor.java:644)
06-02 07:58:26.372  1863  1863 E A       : 	at java.lang.Thread.run(Thread.java:1012)
06-02 07:58:26.372  1863  1863 E A       : 	at com.google.android.apps.gsa.shared.util.c.a.l.run(PG:5)
